******************************************************************************
               TMS320C6x Linker PC v6.1.15                     
******************************************************************************
>> Linked Sat Mar 22 18:10:46 2014

OUTPUT FILE NAME:   <RTDSP.out>
ENTRY POINT SYMBOL: "_c_int00"  address: 00014f20


MEMORY CONFIGURATION

         name            origin    length      used     unused   attr    fill
----------------------  --------  ---------  --------  --------  ----  --------
  IRAM                  00000000   00040000  000167cf  00029831  RWIX
  SDRAM                 80000000   00800000  00000000  00800000  RWIX


SECTION ALLOCATION MAP

 output                                  attributes/
section   page    origin      length       input sections
--------  ----  ----------  ----------   ----------------
.vers      0    00000000    00000040     COPY SECTION
                  00000000    00000040     dsp_bios_cfg.obj (.vers)

.prd       0    00000000    00000000     UNINITIALIZED

.hwi_vec   0    00000000    00000200     
                  00000000    00000200     dsp_bios_cfg.obj (.hwi_vec)

.data      0    00000000    00000000     UNINITIALIZED

.IRAM$heap 
*          0    00000200    00008000     UNINITIALIZED
                  00000200    00008000     --HOLE--

.text      0    00008200    00005740     
                  00008200    00000a00     frame.obj (.text)
                  00008c00    00000900     rts6700.lib : divd.obj (.text:__divd)
                  00009500    000008e0     fft_functions.obj (.text)
                  00009de0    00000680     complex.obj (.text)
                  0000a460    00000620     rts6700.lib : divf.obj (.text:__divf)
                  0000aa80    00000480     dsk6713bslccsv4.lib : dsk6713.obj (.text)
                  0000af00    00000380     rts6700.lib : frcmpyd_div.obj (.text:__frcmpyd_div)
                  0000b280    00000340                 : cos.obj (.text:_cos)
                  0000b5c0    00000320                 : sin.obj (.text:_sin)
                  0000b8e0    000002e0     dsk6713bslccsv4.lib : dsk6713_aic23_opencodec.obj (.text)
                  0000bbc0    00000280     rts6700.lib : exp.obj (.text:_exp)
                  0000be40    00000240                 : memcpy62.obj (.text:_memcpy)
                  0000c080    00000240                 : sqrt.obj (.text:_sqrt)
                  0000c2c0    000001c0     csl6713.lib : csl_irq.obj (.text:_IRQ_map)
                  0000c480    000001a0                 : csl_mcbsp.obj (.text:_MCBSP_reset)
                  0000c620    000001a0     rts6700.lib : ldexp.obj (.text:_ldexp)
                  0000c7c0    00000180     bios.a67 : gbl_cslpllinit62.o67 (.text)
                  0000c940    00000180     dsk6713bslccsv4.lib : dsk6713_aic23_registers.obj (.text)
                  0000cac0    00000140     rts6700.lib : strasg.obj (.text:__strasgi)
                  0000cc00    00000120                 : sinit.obj (.text:_call_dtors)
                  0000cd20    00000120                 : frexp.obj (.text:_frexp)
                  0000ce40    00000120                 : memset.obj (.text:_memset)
                  0000cf60    00000100     csl6713.lib : csl_mcbsp.obj (.text:_MCBSP_open)
                  0000d060    00000100                 : csl_mcbsp.obj (.text:_MCBSP_start)
                  0000d160    00000100     rts6700.lib : atexit.obj (.text:_atexit)
                  0000d260    000000e0                 : frcmpyf_div.obj (.text:__frcmpyf_div)
                  0000d340    000000e0                 : round.obj (.text:__nround)
                  0000d420    000000e0     dsk6713bslccsv4.lib : helper_functions_ISR.obj (.text)
                  0000d500    000000c0     rts6700.lib : modf.obj (.text:_modf)
                  0000d5c0    000000c0     bios.a67 : tsk_stup.o67 (.text)
                  0000d680    000000a0     rts6700.lib : mpyll.obj (.text:__mpyll)
                  0000d720    000000a0     csl6713.lib : csl_irq.obj (.text:_setMux)
                  0000d7c0    00000040     rts6700.lib : sinit.obj (.text:___add_dtor)
                  0000d800    00000040                 : divd.obj (.text:___isnan)
                  0000d840    00000040                 : divf.obj (.text:___isnanf)
                  0000d880    00000040                 : trunc.obj (.text:__trunc)
                  0000d8c0    00000020                 : _lock.obj (.text:__nop)
                  0000d8e0    00000020                 : _lock.obj (.text:__register_lock)
                  0000d900    00000020                 : _lock.obj (.text:__register_unlock)
                  0000d920    00000020     csl6713.lib : csl_irq.obj (.text)

.bios      0    0000d940    00004ac0     
                  0000d940    00000600     lnkrtdx.a67 : rtdx.o67 (.bios)
                  0000df40    000005e0     bios.a67 : gbl_setL2CacheMode.o67 (.bios)
                  0000e520    00000540              : swi.o67 (.bios)
                  0000ea60    00000460              : hwi_disp_asm.o67 (.bios)
                  0000eec0    000003e0              : malloc.o67 (.bios)
                  0000f2a0    000003a0              : prd.o67 (.bios)
                  0000f640    000002c0              : knl_run.o67 (.bios)
                  0000f900    000002c0              : rta.o67 (.bios)
                  0000fbc0    000002c0              : sem_pend.o67 (.bios)
                  0000fe80    00000280              : mem_allo.o67 (.bios:.near)
                  00010100    00000260              : knl_tick.o67 (.bios)
                  00010360    00000240              : mem_free.o67 (.bios:.near)
                  000105a0    00000240              : pip.o67 (.bios)
                  000107e0    00000220              : sem_dopo.o67 (.bios)
                  00010a00    00000200              : tsk_setu.o67 (.bios)
                  00010c00    000001c0              : knl_swit.o67 (.bios)
                  00010dc0    000001c0     biosC6000.a67 : clk.o67 (.bios)
                  00010f80    000001a0     bios.a67 : tsk_exit.o67 (.bios)
                  00011120    00000180              : autoinit.o67 (.bios)
                  000112a0    00000180              : tsk_stup.o67 (.bios)
                  00011420    00000140              : knl_chec.o67 (.bios)
                  00011560    000000e0              : gbl_cslcacheinit.o67 (.bios)
                  00011640    000000e0              : knl_exit.o67 (.bios)
                  00011720    000000e0              : sem_post.o67 (.bios)
                  00011800    000000e0              : sem_post_asm.o67 (.bios)
                  000118e0    000000e0     biosC6000.a67 : clk_meas.o67 (.bios)
                  000119c0    000000c0     bios.a67 : knl_ipos.o67 (.bios)
                  00011a80    000000c0              : knl_post.o67 (.bios)
                  00011b40    000000c0              : lck.o67 (.bios)
                  00011c00    000000c0              : sys_exit.o67 (.bios)
                  00011cc0    000000c0     biosC6000.a67 : clk_htime.o67 (.bios)
                  00011d80    00000080     bios.a67 : fxn.o67 (.bios)
                  00011e00    00000080              : idl_busy.o67 (.bios)
                  00011e80    00000080              : log.o67 (.bios)
                  00011f00    00000080              : sts.o67 (.bios)
                  00011f80    00000080     biosC6000.a67 : idl_cal.o67 (.bios)
                  00012000    00000060     bios.a67 : sys_erro.o67 (.bios:.near)
                  00012060    00000060              : hwi_c.o67 (.bios)
                  000120c0    00000060              : sem_pend_counting.o67 (.bios)
                  00012120    00000060              : sys_abor.o67 (.bios)
                  00012180    00000060              : utl_putc.o67 (.bios)
                  000121e0    00000060     biosC6000.a67 : clk_start.o67 (.bios)
                  00012240    00000040     bios.a67 : idl_stub.o67 (.bios)
                  00012280    00000040              : rta_andn.o67 (.bios)
                  000122c0    00000040              : utl_doab.o67 (.bios)
                  00012300    00000040     biosC6000.a67 : clk_stop.o67 (.bios)
                  00012340    00000020     bios.a67 : fxn_c.o67 (.bios)
                  00012360    00000020              : gbl_vers.o67 (.bios)
                  00012380    00000020              : idl.o67 (.bios)
                  000123a0    00000020              : sts_set.o67 (.bios)
                  000123c0    00000020              : utl_doer.o67 (.bios)
                  000123e0    00000020              : utl_halt.o67 (.bios)

.cinit     0    00012400    000010bc     
                  00012400    000005ac     dsp_bios_cfg.obj (.cinit)
                  000129ac    00000004     --HOLE-- [fill = 0]
                  000129b0    0000026c     bios.a67 : biosdata.o67 (.cinit)
                  00012c1c    00000004     --HOLE-- [fill = 0]
                  00012c20    000001a4              : knl.o67 (.cinit)
                  00012dc4    00000004     --HOLE-- [fill = 0]
                  00012dc8    0000012c     csl6713.lib : csl_irq.obj (.cinit)
                  00012ef4    00000004     --HOLE-- [fill = 0]
                  00012ef8    000000b0     bios.a67 : swi.o67 (.cinit)
                  00012fa8    00000070              : tsk.o67 (.cinit)
                  00013018    00000060              : tsk_stup.o67 (.cinit)
                  00013078    0000005c     lnkrtdx.a67 : rtdx.o67 (.cinit)
                  000130d4    00000004     --HOLE-- [fill = 0]
                  000130d8    00000054     csl6713.lib : csl_mcbsp.obj (.cinit)
                  0001312c    00000004     --HOLE-- [fill = 0]
                  00013130    0000004c     bios.a67 : rta.o67 (.cinit)
                  0001317c    00000004     --HOLE-- [fill = 0]
                  00013180    0000004c     rtdx.lib : buffer1.o62 (.cinit)
                  000131cc    00000004     --HOLE-- [fill = 0]
                  000131d0    00000048     rts6700.lib : cos.obj (.cinit)
                  00013218    00000048                 : sin.obj (.cinit)
                  00013260    00000040                 : exp.obj (.cinit)
                  000132a0    0000003c     frame.obj (.cinit)
                  000132dc    00000004     --HOLE-- [fill = 0]
                  000132e0    00000034     bios.a67 : hwi.o67 (.cinit)
                  00013314    00000004     --HOLE-- [fill = 0]
                  00013318    00000030     dsk6713bslccsv4.lib : dsk6713_aic23_registers.obj (.cinit)
                  00013348    0000002c     bios.a67 : utl_putc.o67 (.cinit)
                  00013374    00000004     --HOLE-- [fill = 0]
                  00013378    0000002c     rts6700.lib : exit.obj (.cinit)
                  000133a4    00000004     --HOLE-- [fill = 0]
                  000133a8    00000024     bios.a67 : obj_init.o67 (.cinit)
                  000133cc    00000004     --HOLE-- [fill = 0]
                  000133d0    0000001c              : sys.o67 (.cinit)
                  000133ec    00000004     --HOLE-- [fill = 0]
                  000133f0    0000001c     rts6700.lib : _lock.obj (.cinit)
                  0001340c    00000004     --HOLE-- [fill = 0]
                  00013410    0000001c                 : atexit.obj (.cinit)
                  0001342c    00000004     --HOLE-- [fill = 0]
                  00013430    00000018     bios.a67 : knl_tick.o67 (.cinit)
                  00013448    00000010     rts6700.lib : divd.obj (.cinit)
                  00013458    00000010                 : divf.obj (.cinit)
                  00013468    0000000c     bios.a67 : gbl_setL2CacheMode.o67 (.cinit)
                  00013474    00000004     --HOLE-- [fill = 0]
                  00013478    0000000c              : idl_busy.o67 (.cinit)
                  00013484    00000004     --HOLE-- [fill = 0]
                  00013488    0000000c              : knl_swit.o67 (.cinit)
                  00013494    00000004     --HOLE-- [fill = 0]
                  00013498    0000000c     rts6700.lib : errno.obj (.cinit)
                  000134a4    00000004     --HOLE-- [fill = 0]
                  000134a8    0000000c                 : sinit.obj (.cinit)
                  000134b4    00000004     --HOLE-- [fill = 0]
                  000134b8    00000004     (.pad.cinit) [fill = 0]

.args      0    000134bc    00000004     
                  000134bc    00000004     --HOLE-- [fill = 0]

.rtdx_text 
*          0    000134c0    00000ea0     
                  000134c0    00000400     rtdx.lib : rtdx_mon.o62 (.rtdx_text:_RTDX_Poll)
                  000138c0    00000340              : buffer1.o62 (.rtdx_text:_RTDX_Buffer_WriteCB)
                  00013c00    00000300              : buffer1.o62 (.rtdx_text:_RTDX_write_next)
                  00013f00    00000140              : rtdx_mon.o62 (.rtdx_text:_RTDX_Mon_Queue)
                  00014040    000000e0              : buffer1.o62 (.rtdx_text:_claim)
                  00014120    00000080              : rtdx_mon.o62 (.rtdx_text:_RTDX_Init_RT_Monitor)
                  000141a0    00000060              : buffer1.o62 (.rtdx_text:_RTDX_Buffer_Initialize)
                  00014200    00000060              : buffer2.o62 (.rtdx_text:_RTDX_Buffer_ReadCB)
                  00014260    00000040              : buffer1.o62 (.rtdx_text:_RTDX_Buffer_Size)
                  000142a0    00000040              : rtdx_mon.o62 (.rtdx_text:_RTDX_Final_RT_Monitor)
                  000142e0    00000020              : buffer2.o62 (.rtdx_text:_RTDX_Buffer_Read)
                  00014300    00000020              : buffer1.o62 (.rtdx_text:_RTDX_Buffer_Write)
                  00014320    00000020              : rtdx_mon.o62 (.rtdx_text:_RTDX_checksum)
                  00014340    00000020              : intr_tgt.o62 (.rtdx_text)

.far       0    00014360    000007f4     UNINITIALIZED
                  00014360    00000228     frame.obj (.far)
                  00014588    00000188     rts6700.lib : atexit.obj (.far)
                  00014710    000000f4     csl6713.lib : csl_irq.obj (.far)
                  00014804    000000d8     bios.a67 : knl.o67 (.far)
                  000148dc    0000005c              : tsk.o67 (.far)
                  00014938    00000054              : obj_init.o67 (.far)
                  0001498c    00000050              : tsk_stup.o67 (.far)
                  000149dc    00000004     rts6700.lib : errno.obj (.far)
                  000149e0    00000040                 : cos.obj (.far)
                  00014a20    00000040                 : sin.obj (.far)
                  00014a60    00000038     csl6713.lib : csl_mcbsp.obj (.far)
                  00014a98    00000030     rts6700.lib : exp.obj (.far)
                  00014ac8    00000028     dsk6713bslccsv4.lib : dsk6713_aic23_registers.obj (.far)
                  00014af0    00000020     bios.a67 : sys.o67 (.far)
                  00014b10    00000010              : knl_tick.o67 (.far)
                  00014b20    0000000c              : utl_putc.o67 (.far)
                  00014b2c    0000000c     rts6700.lib : exit.obj (.far)
                  00014b38    00000008                 : _lock.obj (.far)
                  00014b40    00000008                 : divd.obj (.far)
                  00014b48    00000008                 : divf.obj (.far)
                  00014b50    00000004                 : sinit.obj (.far)

.pinit     0    00014b54    0000000c     
                  00014b54    00000004     rtdx.lib : buffer1.o62 (.pinit)
                  00014b58    00000004              : rtdx_mon.o62 (.pinit)
                  00014b5c    00000004     --HOLE-- [fill = 0]

.sysinit   0    00014b60    00000520     
                  00014b60    000002e0     dsp_bios_cfg.obj (.sysinit)
                  00014e40    000000e0     bios.a67 : mem_init.o67 (.sysinit)
                  00014f20    000000c0              : boot.o67 (.sysinit)
                  00014fe0    00000080              : tsk_init.o67 (.sysinit)
                  00015060    00000020              : obj_init.o67 (.sysinit)

.rtdx_data 
*          0    00015080    0000044c     UNINITIALIZED
                  00015080    00000410     dsp_bios_cfg.obj (.rtdx_data)
                  00015490    00000020     rtdx.lib : buffer1.o62 (.rtdx_data)
                  000154b0    0000001c              : rtdx_mon.o62 (.rtdx_data)

.mem       0    000154cc    00000004     UNINITIALIZED
                  000154cc    00000004     dsp_bios_cfg.obj (.mem)

.TSK_idle$stk 
*          0    000154d0    00000400     UNINITIALIZED
                  000154d0    00000400     dsp_bios_cfg.obj (.TSK_idle$stk)

.stack     0    000158d0    00000400     UNINITIALIZED
                  000158d0    00000400     --HOLE--

.bss       0    00015cd0    0000036a     UNINITIALIZED
                  00015cd0    00000100     bios.a67 : hwi_disp_asm.o67 (.bss)
                  00015dd0    000000cc              : biosdata.o67 (.bss)
                  00015e9c    0000009c              : swi.o67 (.bss)
                  00015f38    00000048              : knl.o67 (.bss)
                  00015f80    00000028     dsp_bios_cfg.obj (.bss)
                  00015fa8    0000001c     frame.obj (.bss)
                  00015fc4    00000018     bios.a67 : hwi.o67 (.bss)
                  00015fdc    00000018     lnkrtdx.a67 : rtdx.o67 (.bss)
                  00015ff4    00000010     rtdx.lib : buffer1.o62 (.bss)
                  00016004    0000000c     bios.a67 : tsk.o67 (.bss)
                  00016010    00000008              : clk_data.o67 (.bss)
                  00016018    00000008              : sys.o67 (.bss)
                  00016020    00000008     dsk6713bslccsv4.lib : dsk6713_aic23_opencodec.obj (.bss)
                  00016028    00000004     bios.a67 : clk_data2.o67 (.bss)
                  0001602c    00000004              : gbl_setL2CacheMode.o67 (.bss)
                  00016030    00000004              : idl_busy.o67 (.bss)
                  00016034    00000004              : mem_asm.o67 (.bss)
                  00016038    00000002     dsk6713bslccsv4.lib : dsk6713.obj (.bss)

.trace     0    0001603c    00000200     
                  0001603c    00000200     --HOLE-- [fill = 00000000]

.const     0    00016240    00000101     
                  00016240    0000004e     bios.a67 : tsk_stup.o67 (.const)
                  0001628e    00000002     --HOLE-- [fill = 0]
                  00016290    00000040     dsk6713bslccsv4.lib : dsk6713_aic23_opencodec.obj (.const)
                  000162d0    00000023     bios.a67 : utl_doab.o67 (.const)
                  000162f3    00000022              : utl_doer.o67 (.const)
                  00016315    00000003     --HOLE-- [fill = 0]
                  00016318    00000020     dsk6713bslccsv4.lib : dsk6713.obj (.const)
                  00016338    00000004     bios.a67 : mem_allo.o67 (.const)
                  0001633c    00000004              : mem_free.o67 (.const)
                  00016340    00000001              : tsk.o67 (.const)

.printf    0    00016341    0000003f     COPY SECTION
                  00016341    0000003f     dsp_bios_cfg.obj (.printf)

.tsk       0    00016344    00000060     UNINITIALIZED
                  00016344    00000060     dsp_bios_cfg.obj (.tsk)

.gblinit   0    000163a4    00000040     
                  000163a4    00000040     dsp_bios_cfg.obj (.gblinit)

.log       0    000163e4    00000018     
                  000163e4    00000018     dsp_bios_cfg.obj (.log)

.LOG_system$buf 
*          0    00016400    00000100     UNINITIALIZED
                  00016400    00000100     dsp_bios_cfg.obj (.LOG_system$buf)

.hst0      0    00016500    00000100     UNINITIALIZED
                  00016500    00000100     dsp_bios_cfg.obj (.hst0)

.pip       0    00016600    000000c8     UNINITIALIZED
                  00016600    000000c8     dsp_bios_cfg.obj (.pip)

.hst       0    000166c8    0000003c     UNINITIALIZED
                  000166c8    0000003c     dsp_bios_cfg.obj (.hst)

.sts       0    00016704    00000030     
                  00016704    00000030     dsp_bios_cfg.obj (.sts)

.swi       0    00016734    0000002c     UNINITIALIZED
                  00016734    0000002c     dsp_bios_cfg.obj (.swi)

.switch    0    00016760    00000028     
                  00016760    00000028     rtdx.lib : rtdx_mon.o62 (.switch)

.hst1      0    00016788    00000010     UNINITIALIZED
                  00016788    00000010     dsp_bios_cfg.obj (.hst1)

.idl       0    00016798    00000010     UNINITIALIZED
                  00016798    00000010     dsp_bios_cfg.obj (.idl)

.idlcal    0    000167a8    00000010     UNINITIALIZED
                  000167a8    00000010     dsp_bios_cfg.obj (.idlcal)

.sys       0    000167b8    00000010     UNINITIALIZED
                  000167b8    00000010     dsp_bios_cfg.obj (.sys)

.trcdata   0    000167c8    0000000c     
                  000167c8    0000000c     bios.a67 : trc.o67 (.trcdata)

.clk       0    000167d4    00000008     UNINITIALIZED
                  000167d4    00000008     dsp_bios_cfg.obj (.clk)


GLOBAL SYMBOLS: SORTED ALPHABETICALLY BY Name 

address    name
--------   ----
00015cd0   $bss
00015cd0   .bss
00000000   .data
00008200   .text
00014d1c   BIOS$$CLKOFF
00014cdc   BIOS$$CLKON
00014b60   BIOS_init
00014d84   BIOS_start
00000000   BUF$
00000001   BUF_ENABLED
00000001   CLK$
000167d4   CLK_A_TABBEG
00000001   CLK_CALDIV
00000004   CLK_CALMULT
0000dbba   CLK_COUNTSPMS
00000000   CLK_COUNTSPMSHIGH
00015df8   CLK_D_idletime
00015df4   CLK_D_isrhook
00015df0   CLK_D_tabbeg
00015dec   CLK_D_timefxn
00011cc0   CLK_F_getfhtime
00011ce0   CLK_F_gethtime
00010dc0   CLK_F_getltime
00011ce0   CLK_F_getshtime
00010dd4   CLK_F_isr
00010f34   CLK_F_itime
0000ea60   CLK_HOOKFXN
00000001   CLK_HTIMEDIV
00000004   CLK_HTIMEMULT
0000dbba   CLK_HTIMEPERLTIME
00004000   CLK_INTBIT
00000001   CLK_LTIMEDIV
00036ee8   CLK_LTIMEMULT
000003e8   CLK_MICROSECS
0000dbba   CLK_PRD
00000000   CLK_PRDHIGH
01940000   CLK_REGS
00015de8   CLK_R_time
00000020   CLK_TCR
00000000   CLK_TDDR
00000000   CLK_TDDRHIGH
00011ce0   CLK_TIMEFXN
00000000   CLK_TIMERNUM
00000001   CLK_USETIMER
000167d8   CLK_null
00000000   DEV$
00000000   DGN$
00000000   DHL$
00000000   DHL_gChannelsAvailable
00000000   DIO$
00000000   DIO_NUMSWIBASE
00000000   DIO_NUMTSKBASE
00000000   DIO_STATIC
00000000   DPI$
00011d80   FXN_F_nop
00011d88   FXN_F_run
00011dd8   FXN_F_zero
00000001   GBL$
00005205   GBL_A_VERSION
00000000   GBL_BIGENDIAN
00000000   GBL_C641XL2PRIORITY
00000000   GBL_CACHE
00000001   GBL_CALLCSLCFGINIT
00004e20   GBL_CLKIN
00001770   GBL_CLKTYPE
00001a39   GBL_DSPSUBTYPE
0000003e   GBL_DSPTYPE
00000001   GBL_ENABLEINST
00000042   GBL_FOOTPRINT
00036ee8   GBL_FREQ
00002226   GBL_L2ALLOC
00000000   GBL_L2CONFIGALLOC
00000001   GBL_L2CONFIGURE
00000001   GBL_L2MARMASK
00000000   GBL_L2MARMASK1
00000000   GBL_L2MARMASK2
00000000   GBL_L2MARMASK3
00000000   GBL_L2MARMASK4
00000000   GBL_L2MARMASK5
00000000   GBL_L2MODE
00000000   GBL_L2PRIORITY
00000000   GBL_NULL
00000000   GBL_PROCID
00000000   GBL_ROM
00000000   GBL_SUPPORTCSL
0000dbef   GBL_TRCMASKVALUE
00000001   GBL_USERINIT
0000c7e8   GBL_USERINITFXN
00000001   GBL_boot
000167d0   GBL_initdone
000158d0   GBL_stackbeg
00015ccf   GBL_stackend
00000000   GIO$
00012340   GIO_CREATEFXN
00012340   GIO_DELETEFXN
00012340   GIO_PENDFXN
00012340   GIO_POSTFXN
00000000   HOOK$
00000000   HOOK_KNLID
00000001   HST$
000166c8   HST_A_TABBEG
00016704   HST_A_TABEND
00000000   HST_DSM
00015f8c   HST_DSMBUFSEG
00000400   HST_DSMMEMSIZE
00015e64   HST_D_chanmask
00015e68   HST_D_tabbeg
00015e6c   HST_D_tabend
000000ff   HST_MAXFRAMEALLOWED
00000040   HST_MAXFRAMESET
00000000   HST_NONE
00000001   HST_RTDX
00000001   HWI$
00000000   HWI_A_VECS
00004018   HWI_CFGDISPATCHED
00015fd4   HWI_D_bss
00015fd8   HWI_D_ccmask
00015fc4   HWI_D_spsave
0000ea60   HWI_F_dispatch
00000000   HWI_GENERATE_RESET_VEC
0000000a   HWI_INT10
00000000   HWI_INT10$hwi
0000000b   HWI_INT11
00000000   HWI_INT11$hwi
0000000c   HWI_INT12
00000000   HWI_INT12$hwi
0000000d   HWI_INT13
00000000   HWI_INT13$hwi
0000000e   HWI_INT14
00000000   HWI_INT14$hwi
0000000f   HWI_INT15
00000000   HWI_INT15$hwi
00000004   HWI_INT4
00000000   HWI_INT4$hwi
00000005   HWI_INT5
00000000   HWI_INT5$hwi
00000006   HWI_INT6
00000000   HWI_INT6$hwi
00000007   HWI_INT7
00000000   HWI_INT7$hwi
00000008   HWI_INT8
00000000   HWI_INT8$hwi
00000009   HWI_INT9
00000000   HWI_INT9$hwi
082039a3   HWI_INTRMULTHIGH
310718af   HWI_INTRMULTLOW
00000001   HWI_NMI
00000000   HWI_NMI$hwi
00000000   HWI_POLARITYMASK
00000002   HWI_RESERVED0
00000000   HWI_RESERVED0$hwi
00000003   HWI_RESERVED1
00000000   HWI_RESERVED1$hwi
00000000   HWI_RESET
00000000   HWI_RESET$hwi
00000001   HWI_ZEROTAB
00000001   IDL$
000167a8   IDL_A_CALBEG
00016798   IDL_A_TABBEG
00000006   IDL_CALIBRERROR
00012240   IDL_CALIBRFXN
00016030   IDL_D_busyObj
00015dd8   IDL_D_calbeg
00015dd4   IDL_D_calibrate
00015dd0   IDL_D_tabbeg
000167a4   IDL_END
000167b4   IDL_END$
00011e00   IDL_F_busy
00011f80   IDL_F_calibrate
00012380   IDL_F_loop
00012240   IDL_F_stub
00000001   IDL_USECLKIDLTIME
00016728   IDL_busyObj
0001637b   IDL_busyObj$avgfmt
00000001   IDL_busyObj$filter
00000001   IDL_busyObj$iA
00000000   IDL_busyObj$iB
00000001   IDL_busyObj$iC
00016375   IDL_busyObj$maxfmt
00000000   IDL_busyObj$operation
00016724   IDL_busyObj$stsobj
00016378   IDL_busyObj$sumfmt
00000002   IDL_busyObj$unittype
00016798   IDL_cpuLoad
000167a8   IDL_cpuLoad$
00015f8c   IRAM
00000200   IRAM$B
00008000   IRAM$L
00000001   ISRC$
00010d80   KNL_glue
00016734   KNL_swi
00000001   KNL_swi$dorta
00000000   KNL_swi$ord
00000000   KNL_swi$pri
00016708   KNL_swi$sts
00016351   KNL_swi$sts$avgfmt
00000002   KNL_swi$sts$filter
00000001   KNL_swi$sts$filtmaxmult
00000001   KNL_swi$sts$filtsummult
00016341   KNL_swi$sts$maxfmt
00016704   KNL_swi$sts$stsobj
00016349   KNL_swi$sts$sumfmt
00000000   KNL_swi$sts$unittype
00000000   KNL_swi$swi
00000001   LCK$
0000d940   LNK_F_checkBufferCall
0000d9c0   LNK_F_dataPump
0000d960   LNK_F_getChanPtr
0000d9b8   LNK_F_init
0000df04   LNK_F_readCallBack
0001679c   LNK_dataPump
000167ac   LNK_dataPump$
00015fe0   LNK_dspFrameReadyMask
00015fdc   LNK_dspFrameRequestMask
0000dc60   LNK_newin
0000dda0   LNK_newout
0000d9d4   LNK_rcloop
0000daa0   LNK_rdrtry
00015fe8   LNK_readDone
00015fec   LNK_readFail
00015fe4   LNK_readPend
0000dab0   LNK_rrloop
00015ff0   LNK_writeFail
0000db84   LNK_wrloop
0000db74   LNK_wrrtry
00000001   LOG$
000163e4   LOG_A_TABBEG
000163fc   LOG_A_TABEND
00000001   LOG_A_TABLEN
00015ddc   LOG_D_system
00000001   LOG_ENABLED
00011e80   LOG_F_event
000163e4   LOG_system
00016400   LOG_system$buf
00000000   LOG_system$datatype
00000000   LOG_system$log
00000040   LOG_system$size
00000000   MBX$
00000001   MEM$
00015f8c   MEM_MALLOCSEG
00000000   MEM_NULL
00015f8c   MEM_SEGZERO
00000000   MEM_USEMPC
00000001   MEM_gNumHeap
00000000   MSGQ$
00000000   MSGQ_USEMSGQ
00000000   OBJ$
00000000   PIP$
00016600   PIP_A_TABBEG
000166c8   PIP_A_TABEND
00000002   PIP_A_TABLEN
00015de0   PIP_D_tabbeg
00015de4   PIP_D_tablen
00010634   PIP_F_give
00010634   PIP_F_probe
00010708   PIP_F_start
000105a0   PIP_F_take
00000064   PIP_OBJSIZE
00000000   PIP_gNextId
00000002   PIP_gNumEmbed
00000000   POOL$
00000000   POOL_USEPOOL
00000001   PRD$
00000000   PRD_A_TABBEG
00000000   PRD_A_TABEND
00000000   PRD_A_TABLEN
00015e20   PRD_D_cur
00015e24   PRD_D_elapsed
00015e28   PRD_D_prevtim
00015e2c   PRD_D_scalar
00015e30   PRD_D_swihandle
00015e34   PRD_D_tabbeg
00015e38   PRD_D_tablen
00015e3c   PRD_D_thook
00015e1c   PRD_D_tick
0000f2a0   PRD_F_swi
0000f560   PRD_F_tick
00004000   PRD_SCALAR
00000000   PRD_SWIHANDLE
00010340   PRD_THOOKFXN
000167d4   PRD_clock
00000001   QUE$
00015e40   RTA_D_fromHost
00015e48   RTA_D_logval
00015e58   RTA_D_stsval
00015e44   RTA_D_toHost
00012280   RTA_F_andn
0000f9f8   RTA_F_dispatch
0000f900   RTA_F_getlog
0000f944   RTA_F_getsts
000122a0   RTA_F_or
0000f98c   RTA_F_readblk
0000f9b8   RTA_F_resetmem
0000f9ac   RTA_F_writeword
000167a0   RTA_dispatcher
000167b0   RTA_dispatcher$
0000fa48   RTA_execute
000166cc   RTA_fromHost
00016788   RTA_fromHost$buf
00000004   RTA_fromHost$framesize
00000000   RTA_fromHost$hst
00000001   RTA_fromHost$id
00000000   RTA_fromHost$mode
00016600   RTA_fromHost$pipe
00016630   RTA_fromHost$pipe$aaa
00016660   RTA_fromHost$pipe$bbb
00015f90   RTA_fromHost$pipe$dtab
00016604   RTA_fromHost$pipe$rd
00016634   RTA_fromHost$pipe$wr
000166d4   RTA_fromHost$rtdx
000166e8   RTA_toHost
00016500   RTA_toHost$buf
00000040   RTA_toHost$framesize
00000000   RTA_toHost$hst
00000000   RTA_toHost$id
00000001   RTA_toHost$mode
00016664   RTA_toHost$pipe
00016694   RTA_toHost$pipe$aaa
000166c4   RTA_toHost$pipe$bbb
00015f9c   RTA_toHost$pipe$dtab
00016668   RTA_toHost$pipe$rd
00016698   RTA_toHost$pipe$wr
000166f0   RTA_toHost$rtdx
00000001   RTDX$
00000408   RTDX_BUFMEMSIZE
00015f8c   RTDX_DATAMEMSEG
00000000   RTDX_MODE
00000001   RTDX_NORMALIZED_HDR
00000001   RTDX_USERTDX
00000000   RTDX_USERTEXECUTION
ffffffff   SDRAM
00000000   SEM$
00000000   SIO$
00000001   STS$
00016704   STS_A_TABBEG
00016734   STS_A_TABEND
00011f38   STS_F_add
00011f00   STS_F_delta
00011f64   STS_F_reset
00000001   SWI$
00016734   SWI_A_TABBEG
00016760   SWI_A_TABEND
00000001   SWI_A_TABLEN
00015eb4   SWI_D_curfxn
00015ea4   SWI_D_curmask
00015eb0   SWI_D_curmbox
00015ea8   SWI_D_curset
00015ea0   SWI_D_execaddr
00015ebc   SWI_D_inswi
00015eac   SWI_D_lock
00015eb8   SWI_D_rdybeg
00015ec0   SWI_D_rdytab
00015e9c   SWI_D_runaddr
00000000   SWI_EHOOKFXN
0000e73c   SWI_EXECFXN
0000e520   SWI_F_enable
0000e73c   SWI_F_exec
0000e768   SWI_F_iexec
0000e590   SWI_F_post
0000e7f8   SWI_F_run
00000000   SWI_IHOOKFXN
0000e7f8   SWI_RUNFXN
00000001   SYS$
000167b8   SYS$config
000122c0   SYS_ABORTFXN
000123c0   SYS_ERRORFXN
000123e0   SYS_EXITFXN
00012180   SYS_PUTCFXN
000167cc   TRC_R_mask
000167c8   TRC_cinit
00000001   TSK$
00000000   TSK_NUM_HOOKS
00000001   TSK_PRIORITY
00000000   TSK_READYFXN
00000000   TSK_STACKSEG
00000400   TSK_STACKSIZE
00000000   TSK_SWITCHFXN
00012340   TSK_VCREATEFXN
00012340   TSK_VDELETEFXN
00012340   TSK_VEXITFXN
00016350   TSK_idle
00000000   TSK_idle$ord
00000000   TSK_idle$pri
000154d0   TSK_idle$stack
00015868   TSK_idle$stkptr
00016718   TSK_idle$sts
0001636b   TSK_idle$sts$avgfmt
00000002   TSK_idle$sts$filter
00000001   TSK_idle$sts$filtmaxmult
00000001   TSK_idle$sts$filtsummult
0001635b   TSK_idle$sts$maxfmt
00016714   TSK_idle$sts$stsobj
00016363   TSK_idle$sts$sumfmt
00000000   TSK_idle$sts$unittype
00000000   TSK_idle$tsk
00000000   UDEV$
00014b60   _BIOS_init
00014d84   _BIOS_start
00015fbc   _C
0000dbba   _CLK_COUNTSPMS
00016010   _CLK_DFLTMICROSECS
00015e18   _CLK_D_countspms
00015e0c   _CLK_D_dirty
00016014   _CLK_D_microseconds
00015e10   _CLK_D_prd
00015e14   _CLK_D_tddr
00010f34   _CLK_F_itime
0000dbba   _CLK_PRD
01940000   _CLK_REGS
00000000   _CLK_TDDR
00000000   _CLK_TIMERNUM
00000001   _CLK_USETIMER
00015dfc   _CLK_htimeDiv
00015e00   _CLK_htimeMult
00016028   _CLK_htimePerLtime
00010f34   _CLK_itime
00015e04   _CLK_ltimeDiv
00015e08   _CLK_ltimeMult
000118e0   _CLK_measure
000121e0   _CLK_start
00012300   _CLK_stop
00014360   _Config
00016020   _DSK6713_AIC23_codeccontrolhandle
00016024   _DSK6713_AIC23_codecdatahandle
0000ca2c   _DSK6713_AIC23_config
0000b8e0   _DSK6713_AIC23_openCodec
0000ca08   _DSK6713_AIC23_rget
0000c940   _DSK6713_AIC23_rset
0000ac00   _DSK6713_getVersion
0000ac50   _DSK6713_init
0000ab6c   _DSK6713_rget
0000ab58   _DSK6713_rset
00016038   _DSK6713_version
0000aa80   _DSK6713_wait
0000ab24   _DSK6713_waitusec
00012340   _FXN_F_nop
00011d88   _FXN_F_run
00011dd8   _FXN_F_zero
00000000   _GBL_CACHE
00015e74   _GBL_clkIn
00011560   _GBL_cslCacheInit
00015e78   _GBL_freq
00012360   _GBL_getVersion
00015e70   _GBL_procId
0000c7e8   _GBL_setPLLto225MHz
000166c8   _HST_A_TABBEG
00016704   _HST_A_TABEND
00004018   _HWI_CFGDISPATCHED
00015fd0   _HWI_D_inhwi
00015fc4   _HWI_D_spsave
0000ea60   _HWI_F_dispatch
0000000a   _HWI_INT10
0000000b   _HWI_INT11
0000000c   _HWI_INT12
0000000d   _HWI_INT13
0000000e   _HWI_INT14
0000000f   _HWI_INT15
00000004   _HWI_INT4
00000005   _HWI_INT5
00000006   _HWI_INT6
00000007   _HWI_INT7
00000008   _HWI_INT8
00000009   _HWI_INT9
00000001   _HWI_NMI
00000002   _HWI_RESERVED0
00000003   _HWI_RESERVED1
00000000   _HWI_RESET
00015cc8   _HWI_STKBOTTOM
000158d0   _HWI_STKTOP
00015fc4   _HWI_data
00012060   _HWI_disable
00015cd0   _HWI_dispatchTab
00012078   _HWI_enable
0001208c   _HWI_restore
00015fa8   _H_Codec
00016728   _IDL_busyObj
00016798   _IDL_cpuLoad
00012380   _IDL_loop
00015f8c   _IRAM
00000200   _IRAM_base
00008000   _IRAM_length
0000c2c0   _IRQ_map
00008b28   _ISR_AIC
00015f40   _KNL_alarm
00011420   _KNL_check
00015f64   _KNL_curqueue
00015f54   _KNL_curtask
00015f5c   _KNL_curtime
000148a4   _KNL_dummy
00011694   _KNL_enter
00011640   _KNL_exit
000114f8   _KNL_idle
00015f7c   _KNL_idlefxn
00015f48   _KNL_inactive
000119c0   _KNL_ipost
0001151c   _KNL_max
00015f68   _KNL_maxqueue
00011a80   _KNL_post
00015f58   _KNL_prevtask
00015f4c   _KNL_priority
00014804   _KNL_queues
0000f640   _KNL_run
00010c00   _KNL_saveIsrFrame
00015f50   _KNL_set
00015f44   _KNL_setpri
00016734   _KNL_swi
00015f60   _KNL_swiptr
00010ccc   _KNL_switch
00015f70   _KNL_tcreatefxn
00015f74   _KNL_tdeletefxn
00010340   _KNL_tick
00015f78   _KNL_treadyfxn
00015f6c   _KNL_tswitchfxn
00015f38   _KNL_wFlag
00015f3c   _KNL_wList
00011b70   _LCK_pend
00011b40   _LCK_post
0001679c   _LNK_dataPump
00015fe0   _LNK_dspFrameReadyMask
00015fdc   _LNK_dspFrameRequestMask
00015fe8   _LNK_readDone
00015fec   _LNK_readFail
00015fe4   _LNK_readPend
00015ff0   _LNK_writeFail
000163e4   _LOG_A_TABBEG
000163fc   _LOG_A_TABEND
00000001   _LOG_A_TABLEN
00015ddc   _LOG_D_system
00011e80   _LOG_event
000163e4   _LOG_system
0000cf60   _MCBSP_open
0000c480   _MCBSP_reset
0000d060   _MCBSP_start
00016034   _MEM
00015e7c   _MEM_D_NUMSEGMENTS
00015e84   _MEM_D_freelist
00015e88   _MEM_D_lockaddr
00015e80   _MEM_D_memtab
00015e8c   _MEM_D_unlockaddr
0000fe80   _MEM_alloc
00010360   _MEM_free
00014e40   _MEM_init
00015f80   _MEM_memtab
00015060   _OBJ_init
00014970   _OBJ_segtab
00014938   _OBJ_table
00016600   _PIP_A_TABBEG
000166c8   _PIP_A_TABEND
00015e1c   _PRD_D_tick
000167d4   _PRD_clock
000167a0   _RTA_dispatcher
000166cc   _RTA_fromHost
000166e8   _RTA_toHost
00015080   _RTDX_Buffer
0001548c   _RTDX_Buffer_End
000141a0   _RTDX_Buffer_Initialize
000142e0   _RTDX_Buffer_Read
00014200   _RTDX_Buffer_ReadCB
00014260   _RTDX_Buffer_Size
00015488   _RTDX_Buffer_Start
00014300   _RTDX_Buffer_Write
000138c0   _RTDX_Buffer_WriteCB
000142a0   _RTDX_Final_RT_Monitor
00014120   _RTDX_Init_RT_Monitor
00000002   _RTDX_JTAGONLY
00014340   _RTDX_Mask_IER
00013f00   _RTDX_Mon_Queue
000134c0   _RTDX_Poll
00000000   _RTDX_interrupt_mask
0001549c   _RTDX_writing
ffffffff   _SDRAM
000120c0   _SEM_pend
0000fbc0   _SEM_pendEnterKnl
00011800   _SEM_post
00011800   _SEM_postBinary
00011720   _SEM_postEnterKnl
00016704   _STS_A_TABBEG
00016734   _STS_A_TABEND
00011f38   _STS_add
00011f00   _STS_delta
00011f64   _STS_reset
000123a0   _STS_set
00015eb4   _SWI_D_curfxn
00015ea4   _SWI_D_curmask
00015ea8   _SWI_D_curset
00015ea0   _SWI_D_execaddr
00015ebc   _SWI_D_inswi
00015eac   _SWI_D_lock
00015eb8   _SWI_D_rdybeg
00015e9c   _SWI_D_runaddr
00015e9c   _SWI_data
0000e590   _SWI_post
00015e90   _SYS
0001603c   _SYS_PUTCBEG
0001623b   _SYS_PUTCEND
00012120   _SYS_abort
00012000   _SYS_error
00011c00   _SYS_exit
00014af0   _SYS_exitStack
00016018   _SYS_exitStackPtr
0001601c   _SYS_exitStackTop
000167cc   _TRC_R_mask
0001600c   _TSK
000148dc   _TSK_ATTRS
000148f8   _TSK_config
00010f80   _TSK_exit
00016350   _TSK_idle
00014fe0   _TSK_init
00016004   _TSK_nTasks
00016008   _TSK_pid
00010a00   _TSK_setup
00011360   _TSK_startup
00014918   _TSK_timerSem
000122c0   _UTL_doAbort
000123c0   _UTL_doError
00012180   _UTL_doPutc
000123e0   _UTL_halt
00010f50   __CLK_lat1beg
00010f7c   __CLK_lat1end
0000e374   __GBL_setL2CacheMode
00015e98   __HOOK_NUMHOOKS
00015e94   __HOOK_knlId
0000ea60   __HWI_lat1beg
0000ebe0   __HWI_lat1end
0000ebe0   __HWI_lat2beg
0000ed80   __HWI_lat2end1
0000ed0c   __HWI_lat2end2
0000eda0   __HWI_lat3beg
0000eea0   __HWI_lat3end1
0000ed3c   __HWI_lat3end2
00011e00   __IDL_lat1beg
00011e50   __IDL_lat1end
000147fc   __IRQ_dispatchTable
00014738   __IRQ_eventTable
0000d920   __IRQ_hookFetchPacket
000147bc   __IRQ_intTable
00011470   __KNL_lat1beg
000114f8   __KNL_lat1end
00011e80   __LOG_lat1beg
00014a90   __MCBSP_hDev0
00014a94   __MCBSP_hDev1
000149b4   __MEM_mutex
0000f9b8   __RTA_lat1beg
0000f9f0   __RTA_lat1end
000107e0   __SEM_dopost
00000400   __STACK_SIZE
0000e6cc   __SWI_lat1beg
0000e780   __SWI_lat1end
0000e784   __SWI_lat2beg
0000e7f4   __SWI_lat2end
0000e520   __SWI_lat3beg
0000e58c   __SWI_lat3end
0001498c   __TSK_mutex
00014b34   ___TI_enable_exit_profile_output
ffffffff   ___TI_pprof_out_hndl
ffffffff   ___TI_prof_data_size
ffffffff   ___TI_prof_data_start
0000d7c0   ___add_dtor
00014588   ___atexit_func_id__
ffffffff   ___binit__
00015cd0   ___bss__
ffffffff   ___c_args__
00012400   ___cinit__
00000000   ___data__
00000000   ___edata__
0001603a   ___end__
0000d940   ___etext__
00014b54   ___pinit__
00008200   ___text__
00011120   __auto_init
00014b2c   __cleanup_ptr
00008c00   __divd
0000a460   __divf
00014b30   __dtors_ptr
0000af00   __frcmpyd_div
0000d260   __frcmpyf_div
00014b38   __lock
0000d680   __mpyll
0000d8c0   __nop
0000d340   __nround
0000d8e0   __register_lock
0000d900   __register_unlock
000158d0   __stack
0000cac0   __strasgi
0000d880   __trunc
00014b3c   __unlock
0000a2f4   _aimag
0000d160   _atexit
00009560   _bitrev
00014f20   _c_int00
00009de0   _cabs
00009ee4   _cadd
0000cc00   _call_dtors
0000f208   _calloc
0000a108   _cdiv
0000a32c   _cexp
00009e50   _cmplx
00009ffc   _cmul
00009e90   _conjg
0000b280   _cos
00009f70   _csub
00009aa8   _dft
00009760   _dftmerge
00015fb8   _dfttemp
00014b50   _dtors
000149dc   _errno
0000bbc0   _exp
00009958   _fft
0000eec0   _free
0000cd20   _frexp
000099ac   _ifft
00015fc0   _index
000089ec   _init_HWI
000088a4   _init_arrays
00008944   _init_hardware
00015fac   _input
00015fb0   _intermediate
0000c620   _ldexp
00014388   _mag
00008a78   _main
0000eeec   _malloc
0000f0b4   _memalign
0000be40   _memcpy
0000ce40   _memset
0000d500   _modf
0000d49c   _mono_read_16Bit
0000d474   _mono_write_16Bit
00008200   _mygreatdft
00008468   _mygreatidft
00015fb4   _output
0000a224   _rdiv
0000a2bc   _real
0000ef70   _realloc
0000a09c   _rmul
00015ffc   _rtdxNullChanCnt
00016000   _rtdxNullFuncCnt
00015490   _rtdx_buffer_state
000154b0   _rtdx_mon_state
000095ec   _shuffle
0000b5c0   _sin
0000c080   _sqrt
0000d448   _stereo_read_16Bit
0000d420   _stereo_write_16Bit
00009500   _swap
0000c7c0   _wait500nS
000086e8   _wait_buffer
ffffffff   binit
00012400   cinit
00000000   edata
0001603a   end
0000d940   etext
00000000   hwi0
00000020   hwi1
00000140   hwi10
00000160   hwi11
00000180   hwi12
000001a0   hwi13
000001c0   hwi14
000001e0   hwi15
00000040   hwi2
00000060   hwi3
00000080   hwi4
000000a0   hwi5
000000c0   hwi6
000000e0   hwi7
00000100   hwi8
00000120   hwi9
00014b54   pinit


GLOBAL SYMBOLS: SORTED BY Symbol Address 

address    name
--------   ----
00000000   .data
00000000   BUF$
00000000   CLK_COUNTSPMSHIGH
00000000   CLK_PRDHIGH
00000000   CLK_TDDR
00000000   CLK_TDDRHIGH
00000000   CLK_TIMERNUM
00000000   DEV$
00000000   DGN$
00000000   DHL$
00000000   DHL_gChannelsAvailable
00000000   DIO$
00000000   DIO_NUMSWIBASE
00000000   DIO_NUMTSKBASE
00000000   DIO_STATIC
00000000   DPI$
00000000   GBL_BIGENDIAN
00000000   GBL_C641XL2PRIORITY
00000000   GBL_CACHE
00000000   GBL_L2CONFIGALLOC
00000000   GBL_L2MARMASK1
00000000   GBL_L2MARMASK2
00000000   GBL_L2MARMASK3
00000000   GBL_L2MARMASK4
00000000   GBL_L2MARMASK5
00000000   GBL_L2MODE
00000000   GBL_L2PRIORITY
00000000   GBL_NULL
00000000   GBL_PROCID
00000000   GBL_ROM
00000000   GBL_SUPPORTCSL
00000000   GIO$
00000000   HOOK$
00000000   HOOK_KNLID
00000000   HST_DSM
00000000   HST_NONE
00000000   HWI_A_VECS
00000000   HWI_GENERATE_RESET_VEC
00000000   HWI_INT10$hwi
00000000   HWI_INT11$hwi
00000000   HWI_INT12$hwi
00000000   HWI_INT13$hwi
00000000   HWI_INT14$hwi
00000000   HWI_INT15$hwi
00000000   HWI_INT4$hwi
00000000   HWI_INT5$hwi
00000000   HWI_INT6$hwi
00000000   HWI_INT7$hwi
00000000   HWI_INT8$hwi
00000000   HWI_INT9$hwi
00000000   HWI_NMI$hwi
00000000   HWI_POLARITYMASK
00000000   HWI_RESERVED0$hwi
00000000   HWI_RESERVED1$hwi
00000000   HWI_RESET
00000000   HWI_RESET$hwi
00000000   IDL_busyObj$iB
00000000   IDL_busyObj$operation
00000000   KNL_swi$ord
00000000   KNL_swi$pri
00000000   KNL_swi$sts$unittype
00000000   KNL_swi$swi
00000000   LOG_system$datatype
00000000   LOG_system$log
00000000   MBX$
00000000   MEM_NULL
00000000   MEM_USEMPC
00000000   MSGQ$
00000000   MSGQ_USEMSGQ
00000000   OBJ$
00000000   PIP$
00000000   PIP_gNextId
00000000   POOL$
00000000   POOL_USEPOOL
00000000   PRD_A_TABBEG
00000000   PRD_A_TABEND
00000000   PRD_A_TABLEN
00000000   PRD_SWIHANDLE
00000000   RTA_fromHost$hst
00000000   RTA_fromHost$mode
00000000   RTA_toHost$hst
00000000   RTA_toHost$id
00000000   RTDX_MODE
00000000   RTDX_USERTEXECUTION
00000000   SEM$
00000000   SIO$
00000000   SWI_EHOOKFXN
00000000   SWI_IHOOKFXN
00000000   TSK_NUM_HOOKS
00000000   TSK_READYFXN
00000000   TSK_STACKSEG
00000000   TSK_SWITCHFXN
00000000   TSK_idle$ord
00000000   TSK_idle$pri
00000000   TSK_idle$sts$unittype
00000000   TSK_idle$tsk
00000000   UDEV$
00000000   _CLK_TDDR
00000000   _CLK_TIMERNUM
00000000   _GBL_CACHE
00000000   _HWI_RESET
00000000   _RTDX_interrupt_mask
00000000   ___data__
00000000   ___edata__
00000000   edata
00000000   hwi0
00000001   BUF_ENABLED
00000001   CLK$
00000001   CLK_CALDIV
00000001   CLK_HTIMEDIV
00000001   CLK_LTIMEDIV
00000001   CLK_USETIMER
00000001   GBL$
00000001   GBL_CALLCSLCFGINIT
00000001   GBL_ENABLEINST
00000001   GBL_L2CONFIGURE
00000001   GBL_L2MARMASK
00000001   GBL_USERINIT
00000001   GBL_boot
00000001   HST$
00000001   HST_RTDX
00000001   HWI$
00000001   HWI_NMI
00000001   HWI_ZEROTAB
00000001   IDL$
00000001   IDL_USECLKIDLTIME
00000001   IDL_busyObj$filter
00000001   IDL_busyObj$iA
00000001   IDL_busyObj$iC
00000001   ISRC$
00000001   KNL_swi$dorta
00000001   KNL_swi$sts$filtmaxmult
00000001   KNL_swi$sts$filtsummult
00000001   LCK$
00000001   LOG$
00000001   LOG_A_TABLEN
00000001   LOG_ENABLED
00000001   MEM$
00000001   MEM_gNumHeap
00000001   PRD$
00000001   QUE$
00000001   RTA_fromHost$id
00000001   RTA_toHost$mode
00000001   RTDX$
00000001   RTDX_NORMALIZED_HDR
00000001   RTDX_USERTDX
00000001   STS$
00000001   SWI$
00000001   SWI_A_TABLEN
00000001   SYS$
00000001   TSK$
00000001   TSK_PRIORITY
00000001   TSK_idle$sts$filtmaxmult
00000001   TSK_idle$sts$filtsummult
00000001   _CLK_USETIMER
00000001   _HWI_NMI
00000001   _LOG_A_TABLEN
00000002   HWI_RESERVED0
00000002   IDL_busyObj$unittype
00000002   KNL_swi$sts$filter
00000002   PIP_A_TABLEN
00000002   PIP_gNumEmbed
00000002   TSK_idle$sts$filter
00000002   _HWI_RESERVED0
00000002   _RTDX_JTAGONLY
00000003   HWI_RESERVED1
00000003   _HWI_RESERVED1
00000004   CLK_CALMULT
00000004   CLK_HTIMEMULT
00000004   HWI_INT4
00000004   RTA_fromHost$framesize
00000004   _HWI_INT4
00000005   HWI_INT5
00000005   _HWI_INT5
00000006   HWI_INT6
00000006   IDL_CALIBRERROR
00000006   _HWI_INT6
00000007   HWI_INT7
00000007   _HWI_INT7
00000008   HWI_INT8
00000008   _HWI_INT8
00000009   HWI_INT9
00000009   _HWI_INT9
0000000a   HWI_INT10
0000000a   _HWI_INT10
0000000b   HWI_INT11
0000000b   _HWI_INT11
0000000c   HWI_INT12
0000000c   _HWI_INT12
0000000d   HWI_INT13
0000000d   _HWI_INT13
0000000e   HWI_INT14
0000000e   _HWI_INT14
0000000f   HWI_INT15
0000000f   _HWI_INT15
00000020   CLK_TCR
00000020   hwi1
0000003e   GBL_DSPTYPE
00000040   HST_MAXFRAMESET
00000040   LOG_system$size
00000040   RTA_toHost$framesize
00000040   hwi2
00000042   GBL_FOOTPRINT
00000060   hwi3
00000064   PIP_OBJSIZE
00000080   hwi4
000000a0   hwi5
000000c0   hwi6
000000e0   hwi7
000000ff   HST_MAXFRAMEALLOWED
00000100   hwi8
00000120   hwi9
00000140   hwi10
00000160   hwi11
00000180   hwi12
000001a0   hwi13
000001c0   hwi14
000001e0   hwi15
00000200   IRAM$B
00000200   _IRAM_base
000003e8   CLK_MICROSECS
00000400   HST_DSMMEMSIZE
00000400   TSK_STACKSIZE
00000400   __STACK_SIZE
00000408   RTDX_BUFMEMSIZE
00001770   GBL_CLKTYPE
00001a39   GBL_DSPSUBTYPE
00002226   GBL_L2ALLOC
00004000   CLK_INTBIT
00004000   PRD_SCALAR
00004018   HWI_CFGDISPATCHED
00004018   _HWI_CFGDISPATCHED
00004e20   GBL_CLKIN
00005205   GBL_A_VERSION
00008000   IRAM$L
00008000   _IRAM_length
00008200   .text
00008200   ___text__
00008200   _mygreatdft
00008468   _mygreatidft
000086e8   _wait_buffer
000088a4   _init_arrays
00008944   _init_hardware
000089ec   _init_HWI
00008a78   _main
00008b28   _ISR_AIC
00008c00   __divd
00009500   _swap
00009560   _bitrev
000095ec   _shuffle
00009760   _dftmerge
00009958   _fft
000099ac   _ifft
00009aa8   _dft
00009de0   _cabs
00009e50   _cmplx
00009e90   _conjg
00009ee4   _cadd
00009f70   _csub
00009ffc   _cmul
0000a09c   _rmul
0000a108   _cdiv
0000a224   _rdiv
0000a2bc   _real
0000a2f4   _aimag
0000a32c   _cexp
0000a460   __divf
0000aa80   _DSK6713_wait
0000ab24   _DSK6713_waitusec
0000ab58   _DSK6713_rset
0000ab6c   _DSK6713_rget
0000ac00   _DSK6713_getVersion
0000ac50   _DSK6713_init
0000af00   __frcmpyd_div
0000b280   _cos
0000b5c0   _sin
0000b8e0   _DSK6713_AIC23_openCodec
0000bbc0   _exp
0000be40   _memcpy
0000c080   _sqrt
0000c2c0   _IRQ_map
0000c480   _MCBSP_reset
0000c620   _ldexp
0000c7c0   _wait500nS
0000c7e8   GBL_USERINITFXN
0000c7e8   _GBL_setPLLto225MHz
0000c940   _DSK6713_AIC23_rset
0000ca08   _DSK6713_AIC23_rget
0000ca2c   _DSK6713_AIC23_config
0000cac0   __strasgi
0000cc00   _call_dtors
0000cd20   _frexp
0000ce40   _memset
0000cf60   _MCBSP_open
0000d060   _MCBSP_start
0000d160   _atexit
0000d260   __frcmpyf_div
0000d340   __nround
0000d420   _stereo_write_16Bit
0000d448   _stereo_read_16Bit
0000d474   _mono_write_16Bit
0000d49c   _mono_read_16Bit
0000d500   _modf
0000d680   __mpyll
0000d7c0   ___add_dtor
0000d880   __trunc
0000d8c0   __nop
0000d8e0   __register_lock
0000d900   __register_unlock
0000d920   __IRQ_hookFetchPacket
0000d940   LNK_F_checkBufferCall
0000d940   ___etext__
0000d940   etext
0000d960   LNK_F_getChanPtr
0000d9b8   LNK_F_init
0000d9c0   LNK_F_dataPump
0000d9d4   LNK_rcloop
0000daa0   LNK_rdrtry
0000dab0   LNK_rrloop
0000db74   LNK_wrrtry
0000db84   LNK_wrloop
0000dbba   CLK_COUNTSPMS
0000dbba   CLK_HTIMEPERLTIME
0000dbba   CLK_PRD
0000dbba   _CLK_COUNTSPMS
0000dbba   _CLK_PRD
0000dbef   GBL_TRCMASKVALUE
0000dc60   LNK_newin
0000dda0   LNK_newout
0000df04   LNK_F_readCallBack
0000e374   __GBL_setL2CacheMode
0000e520   SWI_F_enable
0000e520   __SWI_lat3beg
0000e58c   __SWI_lat3end
0000e590   SWI_F_post
0000e590   _SWI_post
0000e6cc   __SWI_lat1beg
0000e73c   SWI_EXECFXN
0000e73c   SWI_F_exec
0000e768   SWI_F_iexec
0000e780   __SWI_lat1end
0000e784   __SWI_lat2beg
0000e7f4   __SWI_lat2end
0000e7f8   SWI_F_run
0000e7f8   SWI_RUNFXN
0000ea60   CLK_HOOKFXN
0000ea60   HWI_F_dispatch
0000ea60   _HWI_F_dispatch
0000ea60   __HWI_lat1beg
0000ebe0   __HWI_lat1end
0000ebe0   __HWI_lat2beg
0000ed0c   __HWI_lat2end2
0000ed3c   __HWI_lat3end2
0000ed80   __HWI_lat2end1
0000eda0   __HWI_lat3beg
0000eea0   __HWI_lat3end1
0000eec0   _free
0000eeec   _malloc
0000ef70   _realloc
0000f0b4   _memalign
0000f208   _calloc
0000f2a0   PRD_F_swi
0000f560   PRD_F_tick
0000f640   _KNL_run
0000f900   RTA_F_getlog
0000f944   RTA_F_getsts
0000f98c   RTA_F_readblk
0000f9ac   RTA_F_writeword
0000f9b8   RTA_F_resetmem
0000f9b8   __RTA_lat1beg
0000f9f0   __RTA_lat1end
0000f9f8   RTA_F_dispatch
0000fa48   RTA_execute
0000fbc0   _SEM_pendEnterKnl
0000fe80   _MEM_alloc
00010340   PRD_THOOKFXN
00010340   _KNL_tick
00010360   _MEM_free
000105a0   PIP_F_take
00010634   PIP_F_give
00010634   PIP_F_probe
00010708   PIP_F_start
000107e0   __SEM_dopost
00010a00   _TSK_setup
00010c00   _KNL_saveIsrFrame
00010ccc   _KNL_switch
00010d80   KNL_glue
00010dc0   CLK_F_getltime
00010dd4   CLK_F_isr
00010f34   CLK_F_itime
00010f34   _CLK_F_itime
00010f34   _CLK_itime
00010f50   __CLK_lat1beg
00010f7c   __CLK_lat1end
00010f80   _TSK_exit
00011120   __auto_init
00011360   _TSK_startup
00011420   _KNL_check
00011470   __KNL_lat1beg
000114f8   _KNL_idle
000114f8   __KNL_lat1end
0001151c   _KNL_max
00011560   _GBL_cslCacheInit
00011640   _KNL_exit
00011694   _KNL_enter
00011720   _SEM_postEnterKnl
00011800   _SEM_post
00011800   _SEM_postBinary
000118e0   _CLK_measure
000119c0   _KNL_ipost
00011a80   _KNL_post
00011b40   _LCK_post
00011b70   _LCK_pend
00011c00   _SYS_exit
00011cc0   CLK_F_getfhtime
00011ce0   CLK_F_gethtime
00011ce0   CLK_F_getshtime
00011ce0   CLK_TIMEFXN
00011d80   FXN_F_nop
00011d88   FXN_F_run
00011d88   _FXN_F_run
00011dd8   FXN_F_zero
00011dd8   _FXN_F_zero
00011e00   IDL_F_busy
00011e00   __IDL_lat1beg
00011e50   __IDL_lat1end
00011e80   LOG_F_event
00011e80   _LOG_event
00011e80   __LOG_lat1beg
00011f00   STS_F_delta
00011f00   _STS_delta
00011f38   STS_F_add
00011f38   _STS_add
00011f64   STS_F_reset
00011f64   _STS_reset
00011f80   IDL_F_calibrate
00012000   _SYS_error
00012060   _HWI_disable
00012078   _HWI_enable
0001208c   _HWI_restore
000120c0   _SEM_pend
00012120   _SYS_abort
00012180   SYS_PUTCFXN
00012180   _UTL_doPutc
000121e0   _CLK_start
00012240   IDL_CALIBRFXN
00012240   IDL_F_stub
00012280   RTA_F_andn
000122a0   RTA_F_or
000122c0   SYS_ABORTFXN
000122c0   _UTL_doAbort
00012300   _CLK_stop
00012340   GIO_CREATEFXN
00012340   GIO_DELETEFXN
00012340   GIO_PENDFXN
00012340   GIO_POSTFXN
00012340   TSK_VCREATEFXN
00012340   TSK_VDELETEFXN
00012340   TSK_VEXITFXN
00012340   _FXN_F_nop
00012360   _GBL_getVersion
00012380   IDL_F_loop
00012380   _IDL_loop
000123a0   _STS_set
000123c0   SYS_ERRORFXN
000123c0   _UTL_doError
000123e0   SYS_EXITFXN
000123e0   _UTL_halt
00012400   ___cinit__
00012400   cinit
000134c0   _RTDX_Poll
000138c0   _RTDX_Buffer_WriteCB
00013f00   _RTDX_Mon_Queue
00014120   _RTDX_Init_RT_Monitor
000141a0   _RTDX_Buffer_Initialize
00014200   _RTDX_Buffer_ReadCB
00014260   _RTDX_Buffer_Size
000142a0   _RTDX_Final_RT_Monitor
000142e0   _RTDX_Buffer_Read
00014300   _RTDX_Buffer_Write
00014340   _RTDX_Mask_IER
00014360   _Config
00014388   _mag
00014588   ___atexit_func_id__
00014738   __IRQ_eventTable
000147bc   __IRQ_intTable
000147fc   __IRQ_dispatchTable
00014804   _KNL_queues
000148a4   _KNL_dummy
000148dc   _TSK_ATTRS
000148f8   _TSK_config
00014918   _TSK_timerSem
00014938   _OBJ_table
00014970   _OBJ_segtab
0001498c   __TSK_mutex
000149b4   __MEM_mutex
000149dc   _errno
00014a90   __MCBSP_hDev0
00014a94   __MCBSP_hDev1
00014af0   _SYS_exitStack
00014b2c   __cleanup_ptr
00014b30   __dtors_ptr
00014b34   ___TI_enable_exit_profile_output
00014b38   __lock
00014b3c   __unlock
00014b50   _dtors
00014b54   ___pinit__
00014b54   pinit
00014b60   BIOS_init
00014b60   _BIOS_init
00014cdc   BIOS$$CLKON
00014d1c   BIOS$$CLKOFF
00014d84   BIOS_start
00014d84   _BIOS_start
00014e40   _MEM_init
00014f20   _c_int00
00014fe0   _TSK_init
00015060   _OBJ_init
00015080   _RTDX_Buffer
00015488   _RTDX_Buffer_Start
0001548c   _RTDX_Buffer_End
00015490   _rtdx_buffer_state
0001549c   _RTDX_writing
000154b0   _rtdx_mon_state
000154d0   TSK_idle$stack
00015868   TSK_idle$stkptr
000158d0   GBL_stackbeg
000158d0   _HWI_STKTOP
000158d0   __stack
00015cc8   _HWI_STKBOTTOM
00015ccf   GBL_stackend
00015cd0   $bss
00015cd0   .bss
00015cd0   _HWI_dispatchTab
00015cd0   ___bss__
00015dd0   IDL_D_tabbeg
00015dd4   IDL_D_calibrate
00015dd8   IDL_D_calbeg
00015ddc   LOG_D_system
00015ddc   _LOG_D_system
00015de0   PIP_D_tabbeg
00015de4   PIP_D_tablen
00015de8   CLK_R_time
00015dec   CLK_D_timefxn
00015df0   CLK_D_tabbeg
00015df4   CLK_D_isrhook
00015df8   CLK_D_idletime
00015dfc   _CLK_htimeDiv
00015e00   _CLK_htimeMult
00015e04   _CLK_ltimeDiv
00015e08   _CLK_ltimeMult
00015e0c   _CLK_D_dirty
00015e10   _CLK_D_prd
00015e14   _CLK_D_tddr
00015e18   _CLK_D_countspms
00015e1c   PRD_D_tick
00015e1c   _PRD_D_tick
00015e20   PRD_D_cur
00015e24   PRD_D_elapsed
00015e28   PRD_D_prevtim
00015e2c   PRD_D_scalar
00015e30   PRD_D_swihandle
00015e34   PRD_D_tabbeg
00015e38   PRD_D_tablen
00015e3c   PRD_D_thook
00015e40   RTA_D_fromHost
00015e44   RTA_D_toHost
00015e48   RTA_D_logval
00015e58   RTA_D_stsval
00015e64   HST_D_chanmask
00015e68   HST_D_tabbeg
00015e6c   HST_D_tabend
00015e70   _GBL_procId
00015e74   _GBL_clkIn
00015e78   _GBL_freq
00015e7c   _MEM_D_NUMSEGMENTS
00015e80   _MEM_D_memtab
00015e84   _MEM_D_freelist
00015e88   _MEM_D_lockaddr
00015e8c   _MEM_D_unlockaddr
00015e90   _SYS
00015e94   __HOOK_knlId
00015e98   __HOOK_NUMHOOKS
00015e9c   SWI_D_runaddr
00015e9c   _SWI_D_runaddr
00015e9c   _SWI_data
00015ea0   SWI_D_execaddr
00015ea0   _SWI_D_execaddr
00015ea4   SWI_D_curmask
00015ea4   _SWI_D_curmask
00015ea8   SWI_D_curset
00015ea8   _SWI_D_curset
00015eac   SWI_D_lock
00015eac   _SWI_D_lock
00015eb0   SWI_D_curmbox
00015eb4   SWI_D_curfxn
00015eb4   _SWI_D_curfxn
00015eb8   SWI_D_rdybeg
00015eb8   _SWI_D_rdybeg
00015ebc   SWI_D_inswi
00015ebc   _SWI_D_inswi
00015ec0   SWI_D_rdytab
00015f38   _KNL_wFlag
00015f3c   _KNL_wList
00015f40   _KNL_alarm
00015f44   _KNL_setpri
00015f48   _KNL_inactive
00015f4c   _KNL_priority
00015f50   _KNL_set
00015f54   _KNL_curtask
00015f58   _KNL_prevtask
00015f5c   _KNL_curtime
00015f60   _KNL_swiptr
00015f64   _KNL_curqueue
00015f68   _KNL_maxqueue
00015f6c   _KNL_tswitchfxn
00015f70   _KNL_tcreatefxn
00015f74   _KNL_tdeletefxn
00015f78   _KNL_treadyfxn
00015f7c   _KNL_idlefxn
00015f80   _MEM_memtab
00015f8c   HST_DSMBUFSEG
00015f8c   IRAM
00015f8c   MEM_MALLOCSEG
00015f8c   MEM_SEGZERO
00015f8c   RTDX_DATAMEMSEG
00015f8c   _IRAM
00015f90   RTA_fromHost$pipe$dtab
00015f9c   RTA_toHost$pipe$dtab
00015fa8   _H_Codec
00015fac   _input
00015fb0   _intermediate
00015fb4   _output
00015fb8   _dfttemp
00015fbc   _C
00015fc0   _index
00015fc4   HWI_D_spsave
00015fc4   _HWI_D_spsave
00015fc4   _HWI_data
00015fd0   _HWI_D_inhwi
00015fd4   HWI_D_bss
00015fd8   HWI_D_ccmask
00015fdc   LNK_dspFrameRequestMask
00015fdc   _LNK_dspFrameRequestMask
00015fe0   LNK_dspFrameReadyMask
00015fe0   _LNK_dspFrameReadyMask
00015fe4   LNK_readPend
00015fe4   _LNK_readPend
00015fe8   LNK_readDone
00015fe8   _LNK_readDone
00015fec   LNK_readFail
00015fec   _LNK_readFail
00015ff0   LNK_writeFail
00015ff0   _LNK_writeFail
00015ffc   _rtdxNullChanCnt
00016000   _rtdxNullFuncCnt
00016004   _TSK_nTasks
00016008   _TSK_pid
0001600c   _TSK
00016010   _CLK_DFLTMICROSECS
00016014   _CLK_D_microseconds
00016018   _SYS_exitStackPtr
0001601c   _SYS_exitStackTop
00016020   _DSK6713_AIC23_codeccontrolhandle
00016024   _DSK6713_AIC23_codecdatahandle
00016028   _CLK_htimePerLtime
00016030   IDL_D_busyObj
00016034   _MEM
00016038   _DSK6713_version
0001603a   ___end__
0001603a   end
0001603c   _SYS_PUTCBEG
0001623b   _SYS_PUTCEND
00016341   KNL_swi$sts$maxfmt
00016349   KNL_swi$sts$sumfmt
00016350   TSK_idle
00016350   _TSK_idle
00016351   KNL_swi$sts$avgfmt
0001635b   TSK_idle$sts$maxfmt
00016363   TSK_idle$sts$sumfmt
0001636b   TSK_idle$sts$avgfmt
00016375   IDL_busyObj$maxfmt
00016378   IDL_busyObj$sumfmt
0001637b   IDL_busyObj$avgfmt
000163e4   LOG_A_TABBEG
000163e4   LOG_system
000163e4   _LOG_A_TABBEG
000163e4   _LOG_system
000163fc   LOG_A_TABEND
000163fc   _LOG_A_TABEND
00016400   LOG_system$buf
00016500   RTA_toHost$buf
00016600   PIP_A_TABBEG
00016600   RTA_fromHost$pipe
00016600   _PIP_A_TABBEG
00016604   RTA_fromHost$pipe$rd
00016630   RTA_fromHost$pipe$aaa
00016634   RTA_fromHost$pipe$wr
00016660   RTA_fromHost$pipe$bbb
00016664   RTA_toHost$pipe
00016668   RTA_toHost$pipe$rd
00016694   RTA_toHost$pipe$aaa
00016698   RTA_toHost$pipe$wr
000166c4   RTA_toHost$pipe$bbb
000166c8   HST_A_TABBEG
000166c8   PIP_A_TABEND
000166c8   _HST_A_TABBEG
000166c8   _PIP_A_TABEND
000166cc   RTA_fromHost
000166cc   _RTA_fromHost
000166d4   RTA_fromHost$rtdx
000166e8   RTA_toHost
000166e8   _RTA_toHost
000166f0   RTA_toHost$rtdx
00016704   HST_A_TABEND
00016704   KNL_swi$sts$stsobj
00016704   STS_A_TABBEG
00016704   _HST_A_TABEND
00016704   _STS_A_TABBEG
00016708   KNL_swi$sts
00016714   TSK_idle$sts$stsobj
00016718   TSK_idle$sts
00016724   IDL_busyObj$stsobj
00016728   IDL_busyObj
00016728   _IDL_busyObj
00016734   KNL_swi
00016734   STS_A_TABEND
00016734   SWI_A_TABBEG
00016734   _KNL_swi
00016734   _STS_A_TABEND
00016760   SWI_A_TABEND
00016788   RTA_fromHost$buf
00016798   IDL_A_TABBEG
00016798   IDL_cpuLoad
00016798   _IDL_cpuLoad
0001679c   LNK_dataPump
0001679c   _LNK_dataPump
000167a0   RTA_dispatcher
000167a0   _RTA_dispatcher
000167a4   IDL_END
000167a8   IDL_A_CALBEG
000167a8   IDL_cpuLoad$
000167ac   LNK_dataPump$
000167b0   RTA_dispatcher$
000167b4   IDL_END$
000167b8   SYS$config
000167c8   TRC_cinit
000167cc   TRC_R_mask
000167cc   _TRC_R_mask
000167d0   GBL_initdone
000167d4   CLK_A_TABBEG
000167d4   PRD_clock
000167d4   _PRD_clock
000167d8   CLK_null
00036ee8   CLK_LTIMEMULT
00036ee8   GBL_FREQ
01940000   CLK_REGS
01940000   _CLK_REGS
082039a3   HWI_INTRMULTHIGH
310718af   HWI_INTRMULTLOW
ffffffff   SDRAM
ffffffff   _SDRAM
ffffffff   ___TI_pprof_out_hndl
ffffffff   ___TI_prof_data_size
ffffffff   ___TI_prof_data_start
ffffffff   ___binit__
ffffffff   ___c_args__
ffffffff   binit

[768 symbols]
