******************************************************************************
               TMS320C6x Linker PC v6.1.15                     
******************************************************************************
>> Linked Wed Mar 19 17:10:33 2014

OUTPUT FILE NAME:   <RTDSP.out>
ENTRY POINT SYMBOL: "_c_int00"  address: 00014ec0


MEMORY CONFIGURATION

         name            origin    length      used     unused   attr    fill
----------------------  --------  ---------  --------  --------  ----  --------
  IRAM                  00000000   00040000  00016767  00029899  RWIX
  SDRAM                 80000000   00800000  00000000  00800000  RWIX


SECTION ALLOCATION MAP

 output                                  attributes/
section   page    origin      length       input sections
--------  ----  ----------  ----------   ----------------
.vers      0    00000000    00000040     COPY SECTION
                  00000000    00000040     dsp_bios_cfg.obj (.vers)

.prd       0    00000000    00000000     UNINITIALIZED

.hwi_vec   0    00000000    00000200     
                  00000000    00000200     dsp_bios_cfg.obj (.hwi_vec)

.data      0    00000000    00000000     UNINITIALIZED

.IRAM$heap 
*          0    00000200    00008000     UNINITIALIZED
                  00000200    00008000     --HOLE--

.text      0    00008200    000052e0     
                  00008200    00000900     rts6700.lib : divd.obj (.text:__divd)
                  00008b00    000008e0     fft_functions.obj (.text)
                  000093e0    00000680     complex.obj (.text)
                  00009a60    00000620     rts6700.lib : divf.obj (.text:__divf)
                  0000a080    000005a0     frame.obj (.text)
                  0000a620    00000480     dsk6713bslccsv4.lib : dsk6713.obj (.text)
                  0000aaa0    00000380     rts6700.lib : frcmpyd_div.obj (.text:__frcmpyd_div)
                  0000ae20    00000340                 : cos.obj (.text:_cos)
                  0000b160    00000320                 : sin.obj (.text:_sin)
                  0000b480    000002e0     dsk6713bslccsv4.lib : dsk6713_aic23_opencodec.obj (.text)
                  0000b760    00000280     rts6700.lib : exp.obj (.text:_exp)
                  0000b9e0    00000240                 : memcpy62.obj (.text:_memcpy)
                  0000bc20    00000240                 : sqrt.obj (.text:_sqrt)
                  0000be60    000001c0     csl6713.lib : csl_irq.obj (.text:_IRQ_map)
                  0000c020    000001a0                 : csl_mcbsp.obj (.text:_MCBSP_reset)
                  0000c1c0    000001a0     rts6700.lib : ldexp.obj (.text:_ldexp)
                  0000c360    00000180     bios.a67 : gbl_cslpllinit62.o67 (.text)
                  0000c4e0    00000180     dsk6713bslccsv4.lib : dsk6713_aic23_registers.obj (.text)
                  0000c660    00000140     rts6700.lib : strasg.obj (.text:__strasgi)
                  0000c7a0    00000120                 : sinit.obj (.text:_call_dtors)
                  0000c8c0    00000120                 : frexp.obj (.text:_frexp)
                  0000c9e0    00000120                 : memset.obj (.text:_memset)
                  0000cb00    00000100     csl6713.lib : csl_mcbsp.obj (.text:_MCBSP_open)
                  0000cc00    00000100                 : csl_mcbsp.obj (.text:_MCBSP_start)
                  0000cd00    00000100     rts6700.lib : atexit.obj (.text:_atexit)
                  0000ce00    000000e0                 : frcmpyf_div.obj (.text:__frcmpyf_div)
                  0000cee0    000000e0                 : round.obj (.text:__nround)
                  0000cfc0    000000e0     dsk6713bslccsv4.lib : helper_functions_ISR.obj (.text)
                  0000d0a0    000000c0     rts6700.lib : modf.obj (.text:_modf)
                  0000d160    000000c0     bios.a67 : tsk_stup.o67 (.text)
                  0000d220    000000a0     rts6700.lib : mpyll.obj (.text:__mpyll)
                  0000d2c0    000000a0     csl6713.lib : csl_irq.obj (.text:_setMux)
                  0000d360    00000040     rts6700.lib : sinit.obj (.text:___add_dtor)
                  0000d3a0    00000040                 : divd.obj (.text:___isnan)
                  0000d3e0    00000040                 : divf.obj (.text:___isnanf)
                  0000d420    00000040                 : trunc.obj (.text:__trunc)
                  0000d460    00000020                 : _lock.obj (.text:__nop)
                  0000d480    00000020                 : _lock.obj (.text:__register_lock)
                  0000d4a0    00000020                 : _lock.obj (.text:__register_unlock)
                  0000d4c0    00000020     csl6713.lib : csl_irq.obj (.text)

.bios      0    0000d4e0    00004ac0     
                  0000d4e0    00000600     lnkrtdx.a67 : rtdx.o67 (.bios)
                  0000dae0    000005e0     bios.a67 : gbl_setL2CacheMode.o67 (.bios)
                  0000e0c0    00000540              : swi.o67 (.bios)
                  0000e600    00000460              : hwi_disp_asm.o67 (.bios)
                  0000ea60    000003e0              : malloc.o67 (.bios)
                  0000ee40    000003a0              : prd.o67 (.bios)
                  0000f1e0    000002c0              : knl_run.o67 (.bios)
                  0000f4a0    000002c0              : rta.o67 (.bios)
                  0000f760    000002c0              : sem_pend.o67 (.bios)
                  0000fa20    00000280              : mem_allo.o67 (.bios:.near)
                  0000fca0    00000260              : knl_tick.o67 (.bios)
                  0000ff00    00000240              : mem_free.o67 (.bios:.near)
                  00010140    00000240              : pip.o67 (.bios)
                  00010380    00000220              : sem_dopo.o67 (.bios)
                  000105a0    00000200              : tsk_setu.o67 (.bios)
                  000107a0    000001c0              : knl_swit.o67 (.bios)
                  00010960    000001c0     biosC6000.a67 : clk.o67 (.bios)
                  00010b20    000001a0     bios.a67 : tsk_exit.o67 (.bios)
                  00010cc0    00000180              : autoinit.o67 (.bios)
                  00010e40    00000180              : tsk_stup.o67 (.bios)
                  00010fc0    00000140              : knl_chec.o67 (.bios)
                  00011100    000000e0              : gbl_cslcacheinit.o67 (.bios)
                  000111e0    000000e0              : knl_exit.o67 (.bios)
                  000112c0    000000e0              : sem_post.o67 (.bios)
                  000113a0    000000e0              : sem_post_asm.o67 (.bios)
                  00011480    000000e0     biosC6000.a67 : clk_meas.o67 (.bios)
                  00011560    000000c0     bios.a67 : knl_ipos.o67 (.bios)
                  00011620    000000c0              : knl_post.o67 (.bios)
                  000116e0    000000c0              : lck.o67 (.bios)
                  000117a0    000000c0              : sys_exit.o67 (.bios)
                  00011860    000000c0     biosC6000.a67 : clk_htime.o67 (.bios)
                  00011920    00000080     bios.a67 : fxn.o67 (.bios)
                  000119a0    00000080              : idl_busy.o67 (.bios)
                  00011a20    00000080              : log.o67 (.bios)
                  00011aa0    00000080              : sts.o67 (.bios)
                  00011b20    00000080     biosC6000.a67 : idl_cal.o67 (.bios)
                  00011ba0    00000060     bios.a67 : sys_erro.o67 (.bios:.near)
                  00011c00    00000060              : hwi_c.o67 (.bios)
                  00011c60    00000060              : sem_pend_counting.o67 (.bios)
                  00011cc0    00000060              : sys_abor.o67 (.bios)
                  00011d20    00000060              : utl_putc.o67 (.bios)
                  00011d80    00000060     biosC6000.a67 : clk_start.o67 (.bios)
                  00011de0    00000040     bios.a67 : idl_stub.o67 (.bios)
                  00011e20    00000040              : rta_andn.o67 (.bios)
                  00011e60    00000040              : utl_doab.o67 (.bios)
                  00011ea0    00000040     biosC6000.a67 : clk_stop.o67 (.bios)
                  00011ee0    00000020     bios.a67 : fxn_c.o67 (.bios)
                  00011f00    00000020              : gbl_vers.o67 (.bios)
                  00011f20    00000020              : idl.o67 (.bios)
                  00011f40    00000020              : sts_set.o67 (.bios)
                  00011f60    00000020              : utl_doer.o67 (.bios)
                  00011f80    00000020              : utl_halt.o67 (.bios)

.cinit     0    00011fa0    000010bc     
                  00011fa0    000005ac     dsp_bios_cfg.obj (.cinit)
                  0001254c    00000004     --HOLE-- [fill = 0]
                  00012550    0000026c     bios.a67 : biosdata.o67 (.cinit)
                  000127bc    00000004     --HOLE-- [fill = 0]
                  000127c0    000001a4              : knl.o67 (.cinit)
                  00012964    00000004     --HOLE-- [fill = 0]
                  00012968    0000012c     csl6713.lib : csl_irq.obj (.cinit)
                  00012a94    00000004     --HOLE-- [fill = 0]
                  00012a98    000000b0     bios.a67 : swi.o67 (.cinit)
                  00012b48    00000070              : tsk.o67 (.cinit)
                  00012bb8    00000060              : tsk_stup.o67 (.cinit)
                  00012c18    0000005c     lnkrtdx.a67 : rtdx.o67 (.cinit)
                  00012c74    00000004     --HOLE-- [fill = 0]
                  00012c78    00000054     csl6713.lib : csl_mcbsp.obj (.cinit)
                  00012ccc    00000004     --HOLE-- [fill = 0]
                  00012cd0    0000004c     bios.a67 : rta.o67 (.cinit)
                  00012d1c    00000004     --HOLE-- [fill = 0]
                  00012d20    0000004c     rtdx.lib : buffer1.o62 (.cinit)
                  00012d6c    00000004     --HOLE-- [fill = 0]
                  00012d70    00000048     rts6700.lib : cos.obj (.cinit)
                  00012db8    00000048                 : sin.obj (.cinit)
                  00012e00    00000040                 : exp.obj (.cinit)
                  00012e40    0000003c     frame.obj (.cinit)
                  00012e7c    00000004     --HOLE-- [fill = 0]
                  00012e80    00000034     bios.a67 : hwi.o67 (.cinit)
                  00012eb4    00000004     --HOLE-- [fill = 0]
                  00012eb8    00000030     dsk6713bslccsv4.lib : dsk6713_aic23_registers.obj (.cinit)
                  00012ee8    0000002c     bios.a67 : utl_putc.o67 (.cinit)
                  00012f14    00000004     --HOLE-- [fill = 0]
                  00012f18    0000002c     rts6700.lib : exit.obj (.cinit)
                  00012f44    00000004     --HOLE-- [fill = 0]
                  00012f48    00000024     bios.a67 : obj_init.o67 (.cinit)
                  00012f6c    00000004     --HOLE-- [fill = 0]
                  00012f70    0000001c              : sys.o67 (.cinit)
                  00012f8c    00000004     --HOLE-- [fill = 0]
                  00012f90    0000001c     rts6700.lib : _lock.obj (.cinit)
                  00012fac    00000004     --HOLE-- [fill = 0]
                  00012fb0    0000001c                 : atexit.obj (.cinit)
                  00012fcc    00000004     --HOLE-- [fill = 0]
                  00012fd0    00000018     bios.a67 : knl_tick.o67 (.cinit)
                  00012fe8    00000010     rts6700.lib : divd.obj (.cinit)
                  00012ff8    00000010                 : divf.obj (.cinit)
                  00013008    0000000c     bios.a67 : gbl_setL2CacheMode.o67 (.cinit)
                  00013014    00000004     --HOLE-- [fill = 0]
                  00013018    0000000c              : idl_busy.o67 (.cinit)
                  00013024    00000004     --HOLE-- [fill = 0]
                  00013028    0000000c              : knl_swit.o67 (.cinit)
                  00013034    00000004     --HOLE-- [fill = 0]
                  00013038    0000000c     rts6700.lib : errno.obj (.cinit)
                  00013044    00000004     --HOLE-- [fill = 0]
                  00013048    0000000c                 : sinit.obj (.cinit)
                  00013054    00000004     --HOLE-- [fill = 0]
                  00013058    00000004     (.pad.cinit) [fill = 0]

.args      0    0001305c    00000004     
                  0001305c    00000004     --HOLE-- [fill = 0]

.rtdx_text 
*          0    00013060    00000ea0     
                  00013060    00000400     rtdx.lib : rtdx_mon.o62 (.rtdx_text:_RTDX_Poll)
                  00013460    00000340              : buffer1.o62 (.rtdx_text:_RTDX_Buffer_WriteCB)
                  000137a0    00000300              : buffer1.o62 (.rtdx_text:_RTDX_write_next)
                  00013aa0    00000140              : rtdx_mon.o62 (.rtdx_text:_RTDX_Mon_Queue)
                  00013be0    000000e0              : buffer1.o62 (.rtdx_text:_claim)
                  00013cc0    00000080              : rtdx_mon.o62 (.rtdx_text:_RTDX_Init_RT_Monitor)
                  00013d40    00000060              : buffer1.o62 (.rtdx_text:_RTDX_Buffer_Initialize)
                  00013da0    00000060              : buffer2.o62 (.rtdx_text:_RTDX_Buffer_ReadCB)
                  00013e00    00000040              : buffer1.o62 (.rtdx_text:_RTDX_Buffer_Size)
                  00013e40    00000040              : rtdx_mon.o62 (.rtdx_text:_RTDX_Final_RT_Monitor)
                  00013e80    00000020              : buffer2.o62 (.rtdx_text:_RTDX_Buffer_Read)
                  00013ea0    00000020              : buffer1.o62 (.rtdx_text:_RTDX_Buffer_Write)
                  00013ec0    00000020              : rtdx_mon.o62 (.rtdx_text:_RTDX_checksum)
                  00013ee0    00000020              : intr_tgt.o62 (.rtdx_text)

.far       0    00013f00    00000bf4     UNINITIALIZED
                  00013f00    00000628     frame.obj (.far)
                  00014528    00000188     rts6700.lib : atexit.obj (.far)
                  000146b0    000000f4     csl6713.lib : csl_irq.obj (.far)
                  000147a4    000000d8     bios.a67 : knl.o67 (.far)
                  0001487c    0000005c              : tsk.o67 (.far)
                  000148d8    00000054              : obj_init.o67 (.far)
                  0001492c    00000050              : tsk_stup.o67 (.far)
                  0001497c    00000004     rts6700.lib : errno.obj (.far)
                  00014980    00000040                 : cos.obj (.far)
                  000149c0    00000040                 : sin.obj (.far)
                  00014a00    00000038     csl6713.lib : csl_mcbsp.obj (.far)
                  00014a38    00000030     rts6700.lib : exp.obj (.far)
                  00014a68    00000028     dsk6713bslccsv4.lib : dsk6713_aic23_registers.obj (.far)
                  00014a90    00000020     bios.a67 : sys.o67 (.far)
                  00014ab0    00000010              : knl_tick.o67 (.far)
                  00014ac0    0000000c              : utl_putc.o67 (.far)
                  00014acc    0000000c     rts6700.lib : exit.obj (.far)
                  00014ad8    00000008                 : _lock.obj (.far)
                  00014ae0    00000008                 : divd.obj (.far)
                  00014ae8    00000008                 : divf.obj (.far)
                  00014af0    00000004                 : sinit.obj (.far)

.pinit     0    00014af4    0000000c     
                  00014af4    00000004     rtdx.lib : buffer1.o62 (.pinit)
                  00014af8    00000004              : rtdx_mon.o62 (.pinit)
                  00014afc    00000004     --HOLE-- [fill = 0]

.sysinit   0    00014b00    00000520     
                  00014b00    000002e0     dsp_bios_cfg.obj (.sysinit)
                  00014de0    000000e0     bios.a67 : mem_init.o67 (.sysinit)
                  00014ec0    000000c0              : boot.o67 (.sysinit)
                  00014f80    00000080              : tsk_init.o67 (.sysinit)
                  00015000    00000020              : obj_init.o67 (.sysinit)

.rtdx_data 
*          0    00015020    0000044c     UNINITIALIZED
                  00015020    00000410     dsp_bios_cfg.obj (.rtdx_data)
                  00015430    00000020     rtdx.lib : buffer1.o62 (.rtdx_data)
                  00015450    0000001c              : rtdx_mon.o62 (.rtdx_data)

.mem       0    0001546c    00000004     UNINITIALIZED
                  0001546c    00000004     dsp_bios_cfg.obj (.mem)

.TSK_idle$stk 
*          0    00015470    00000400     UNINITIALIZED
                  00015470    00000400     dsp_bios_cfg.obj (.TSK_idle$stk)

.stack     0    00015870    00000400     UNINITIALIZED
                  00015870    00000400     --HOLE--

.bss       0    00015c70    00000362     UNINITIALIZED
                  00015c70    00000100     bios.a67 : hwi_disp_asm.o67 (.bss)
                  00015d70    000000cc              : biosdata.o67 (.bss)
                  00015e3c    0000009c              : swi.o67 (.bss)
                  00015ed8    00000048              : knl.o67 (.bss)
                  00015f20    00000028     dsp_bios_cfg.obj (.bss)
                  00015f48    00000018     bios.a67 : hwi.o67 (.bss)
                  00015f60    00000018     lnkrtdx.a67 : rtdx.o67 (.bss)
                  00015f78    00000014     frame.obj (.bss)
                  00015f8c    00000010     rtdx.lib : buffer1.o62 (.bss)
                  00015f9c    0000000c     bios.a67 : tsk.o67 (.bss)
                  00015fa8    00000008              : clk_data.o67 (.bss)
                  00015fb0    00000008              : sys.o67 (.bss)
                  00015fb8    00000008     dsk6713bslccsv4.lib : dsk6713_aic23_opencodec.obj (.bss)
                  00015fc0    00000004     bios.a67 : clk_data2.o67 (.bss)
                  00015fc4    00000004              : gbl_setL2CacheMode.o67 (.bss)
                  00015fc8    00000004              : idl_busy.o67 (.bss)
                  00015fcc    00000004              : mem_asm.o67 (.bss)
                  00015fd0    00000002     dsk6713bslccsv4.lib : dsk6713.obj (.bss)

.trace     0    00015fd4    00000200     
                  00015fd4    00000200     --HOLE-- [fill = 00000000]

.const     0    000161d8    00000101     
                  000161d8    0000004e     bios.a67 : tsk_stup.o67 (.const)
                  00016226    00000002     --HOLE-- [fill = 0]
                  00016228    00000040     dsk6713bslccsv4.lib : dsk6713_aic23_opencodec.obj (.const)
                  00016268    00000023     bios.a67 : utl_doab.o67 (.const)
                  0001628b    00000022              : utl_doer.o67 (.const)
                  000162ad    00000003     --HOLE-- [fill = 0]
                  000162b0    00000020     dsk6713bslccsv4.lib : dsk6713.obj (.const)
                  000162d0    00000004     bios.a67 : mem_allo.o67 (.const)
                  000162d4    00000004              : mem_free.o67 (.const)
                  000162d8    00000001              : tsk.o67 (.const)

.printf    0    000162d9    0000003f     COPY SECTION
                  000162d9    0000003f     dsp_bios_cfg.obj (.printf)

.log       0    000162dc    00000018     
                  000162dc    00000018     dsp_bios_cfg.obj (.log)

.trcdata   0    000162f4    0000000c     
                  000162f4    0000000c     bios.a67 : trc.o67 (.trcdata)

.LOG_system$buf 
*          0    00016300    00000100     UNINITIALIZED
                  00016300    00000100     dsp_bios_cfg.obj (.LOG_system$buf)

.hst0      0    00016400    00000100     UNINITIALIZED
                  00016400    00000100     dsp_bios_cfg.obj (.hst0)

.pip       0    00016500    000000c8     UNINITIALIZED
                  00016500    000000c8     dsp_bios_cfg.obj (.pip)

.tsk       0    000165c8    00000060     UNINITIALIZED
                  000165c8    00000060     dsp_bios_cfg.obj (.tsk)

.gblinit   0    00016628    00000040     
                  00016628    00000040     dsp_bios_cfg.obj (.gblinit)

.hst       0    00016668    0000003c     UNINITIALIZED
                  00016668    0000003c     dsp_bios_cfg.obj (.hst)

.sts       0    000166a4    00000030     
                  000166a4    00000030     dsp_bios_cfg.obj (.sts)

.swi       0    000166d4    0000002c     UNINITIALIZED
                  000166d4    0000002c     dsp_bios_cfg.obj (.swi)

.switch    0    00016700    00000028     
                  00016700    00000028     rtdx.lib : rtdx_mon.o62 (.switch)

.hst1      0    00016728    00000010     UNINITIALIZED
                  00016728    00000010     dsp_bios_cfg.obj (.hst1)

.idl       0    00016738    00000010     UNINITIALIZED
                  00016738    00000010     dsp_bios_cfg.obj (.idl)

.idlcal    0    00016748    00000010     UNINITIALIZED
                  00016748    00000010     dsp_bios_cfg.obj (.idlcal)

.sys       0    00016758    00000010     UNINITIALIZED
                  00016758    00000010     dsp_bios_cfg.obj (.sys)

.clk       0    00016768    00000008     UNINITIALIZED
                  00016768    00000008     dsp_bios_cfg.obj (.clk)


GLOBAL SYMBOLS: SORTED ALPHABETICALLY BY Name 

address    name
--------   ----
00015c70   $bss
00015c70   .bss
00000000   .data
00008200   .text
00014cbc   BIOS$$CLKOFF
00014c7c   BIOS$$CLKON
00014b00   BIOS_init
00014d24   BIOS_start
00000000   BUF$
00000001   BUF_ENABLED
00000001   CLK$
00016768   CLK_A_TABBEG
00000001   CLK_CALDIV
00000004   CLK_CALMULT
0000dbba   CLK_COUNTSPMS
00000000   CLK_COUNTSPMSHIGH
00015d98   CLK_D_idletime
00015d94   CLK_D_isrhook
00015d90   CLK_D_tabbeg
00015d8c   CLK_D_timefxn
00011860   CLK_F_getfhtime
00011880   CLK_F_gethtime
00010960   CLK_F_getltime
00011880   CLK_F_getshtime
00010974   CLK_F_isr
00010ad4   CLK_F_itime
0000e600   CLK_HOOKFXN
00000001   CLK_HTIMEDIV
00000004   CLK_HTIMEMULT
0000dbba   CLK_HTIMEPERLTIME
00004000   CLK_INTBIT
00000001   CLK_LTIMEDIV
00036ee8   CLK_LTIMEMULT
000003e8   CLK_MICROSECS
0000dbba   CLK_PRD
00000000   CLK_PRDHIGH
01940000   CLK_REGS
00015d88   CLK_R_time
00000020   CLK_TCR
00000000   CLK_TDDR
00000000   CLK_TDDRHIGH
00011880   CLK_TIMEFXN
00000000   CLK_TIMERNUM
00000001   CLK_USETIMER
0001676c   CLK_null
00000000   DEV$
00000000   DGN$
00000000   DHL$
00000000   DHL_gChannelsAvailable
00000000   DIO$
00000000   DIO_NUMSWIBASE
00000000   DIO_NUMTSKBASE
00000000   DIO_STATIC
00000000   DPI$
00011920   FXN_F_nop
00011928   FXN_F_run
00011978   FXN_F_zero
00000001   GBL$
00005205   GBL_A_VERSION
00000000   GBL_BIGENDIAN
00000000   GBL_C641XL2PRIORITY
00000000   GBL_CACHE
00000001   GBL_CALLCSLCFGINIT
00004e20   GBL_CLKIN
00001770   GBL_CLKTYPE
00001a39   GBL_DSPSUBTYPE
0000003e   GBL_DSPTYPE
00000001   GBL_ENABLEINST
00000042   GBL_FOOTPRINT
00036ee8   GBL_FREQ
00002226   GBL_L2ALLOC
00000000   GBL_L2CONFIGALLOC
00000001   GBL_L2CONFIGURE
00000001   GBL_L2MARMASK
00000000   GBL_L2MARMASK1
00000000   GBL_L2MARMASK2
00000000   GBL_L2MARMASK3
00000000   GBL_L2MARMASK4
00000000   GBL_L2MARMASK5
00000000   GBL_L2MODE
00000000   GBL_L2PRIORITY
00000000   GBL_NULL
00000000   GBL_PROCID
00000000   GBL_ROM
00000000   GBL_SUPPORTCSL
0000dbef   GBL_TRCMASKVALUE
00000001   GBL_USERINIT
0000c388   GBL_USERINITFXN
00000001   GBL_boot
000162fc   GBL_initdone
00015870   GBL_stackbeg
00015c6f   GBL_stackend
00000000   GIO$
00011ee0   GIO_CREATEFXN
00011ee0   GIO_DELETEFXN
00011ee0   GIO_PENDFXN
00011ee0   GIO_POSTFXN
00000000   HOOK$
00000000   HOOK_KNLID
00000001   HST$
00016668   HST_A_TABBEG
000166a4   HST_A_TABEND
00000000   HST_DSM
00015f2c   HST_DSMBUFSEG
00000400   HST_DSMMEMSIZE
00015e04   HST_D_chanmask
00015e08   HST_D_tabbeg
00015e0c   HST_D_tabend
000000ff   HST_MAXFRAMEALLOWED
00000040   HST_MAXFRAMESET
00000000   HST_NONE
00000001   HST_RTDX
00000001   HWI$
00000000   HWI_A_VECS
00004018   HWI_CFGDISPATCHED
00015f58   HWI_D_bss
00015f5c   HWI_D_ccmask
00015f48   HWI_D_spsave
0000e600   HWI_F_dispatch
00000000   HWI_GENERATE_RESET_VEC
0000000a   HWI_INT10
00000000   HWI_INT10$hwi
0000000b   HWI_INT11
00000000   HWI_INT11$hwi
0000000c   HWI_INT12
00000000   HWI_INT12$hwi
0000000d   HWI_INT13
00000000   HWI_INT13$hwi
0000000e   HWI_INT14
00000000   HWI_INT14$hwi
0000000f   HWI_INT15
00000000   HWI_INT15$hwi
00000004   HWI_INT4
00000000   HWI_INT4$hwi
00000005   HWI_INT5
00000000   HWI_INT5$hwi
00000006   HWI_INT6
00000000   HWI_INT6$hwi
00000007   HWI_INT7
00000000   HWI_INT7$hwi
00000008   HWI_INT8
00000000   HWI_INT8$hwi
00000009   HWI_INT9
00000000   HWI_INT9$hwi
082039a3   HWI_INTRMULTHIGH
310718af   HWI_INTRMULTLOW
00000001   HWI_NMI
00000000   HWI_NMI$hwi
00000000   HWI_POLARITYMASK
00000002   HWI_RESERVED0
00000000   HWI_RESERVED0$hwi
00000003   HWI_RESERVED1
00000000   HWI_RESERVED1$hwi
00000000   HWI_RESET
00000000   HWI_RESET$hwi
00000001   HWI_ZEROTAB
00000001   IDL$
00016748   IDL_A_CALBEG
00016738   IDL_A_TABBEG
00000006   IDL_CALIBRERROR
00011de0   IDL_CALIBRFXN
00015fc8   IDL_D_busyObj
00015d78   IDL_D_calbeg
00015d74   IDL_D_calibrate
00015d70   IDL_D_tabbeg
00016744   IDL_END
00016754   IDL_END$
000119a0   IDL_F_busy
00011b20   IDL_F_calibrate
00011f20   IDL_F_loop
00011de0   IDL_F_stub
00000001   IDL_USECLKIDLTIME
000166c8   IDL_busyObj
00016313   IDL_busyObj$avgfmt
00000001   IDL_busyObj$filter
00000001   IDL_busyObj$iA
00000000   IDL_busyObj$iB
00000001   IDL_busyObj$iC
0001630d   IDL_busyObj$maxfmt
00000000   IDL_busyObj$operation
000166c4   IDL_busyObj$stsobj
00016310   IDL_busyObj$sumfmt
00000002   IDL_busyObj$unittype
00016738   IDL_cpuLoad
00016748   IDL_cpuLoad$
00015f2c   IRAM
00000200   IRAM$B
00008000   IRAM$L
00000001   ISRC$
00010920   KNL_glue
000166d4   KNL_swi
00000001   KNL_swi$dorta
00000000   KNL_swi$ord
00000000   KNL_swi$pri
000166a8   KNL_swi$sts
000162e9   KNL_swi$sts$avgfmt
00000002   KNL_swi$sts$filter
00000001   KNL_swi$sts$filtmaxmult
00000001   KNL_swi$sts$filtsummult
000162d9   KNL_swi$sts$maxfmt
000166a4   KNL_swi$sts$stsobj
000162e1   KNL_swi$sts$sumfmt
00000000   KNL_swi$sts$unittype
00000000   KNL_swi$swi
00000001   LCK$
0000d4e0   LNK_F_checkBufferCall
0000d560   LNK_F_dataPump
0000d500   LNK_F_getChanPtr
0000d558   LNK_F_init
0000daa4   LNK_F_readCallBack
0001673c   LNK_dataPump
0001674c   LNK_dataPump$
00015f64   LNK_dspFrameReadyMask
00015f60   LNK_dspFrameRequestMask
0000d800   LNK_newin
0000d940   LNK_newout
0000d574   LNK_rcloop
0000d640   LNK_rdrtry
00015f6c   LNK_readDone
00015f70   LNK_readFail
00015f68   LNK_readPend
0000d650   LNK_rrloop
00015f74   LNK_writeFail
0000d724   LNK_wrloop
0000d714   LNK_wrrtry
00000001   LOG$
000162dc   LOG_A_TABBEG
000162f4   LOG_A_TABEND
00000001   LOG_A_TABLEN
00015d7c   LOG_D_system
00000001   LOG_ENABLED
00011a20   LOG_F_event
000162dc   LOG_system
00016300   LOG_system$buf
00000000   LOG_system$datatype
00000000   LOG_system$log
00000040   LOG_system$size
00000000   MBX$
00000001   MEM$
00015f2c   MEM_MALLOCSEG
00000000   MEM_NULL
00015f2c   MEM_SEGZERO
00000000   MEM_USEMPC
00000001   MEM_gNumHeap
00000000   MSGQ$
00000000   MSGQ_USEMSGQ
00000000   OBJ$
00000000   PIP$
00016500   PIP_A_TABBEG
000165c8   PIP_A_TABEND
00000002   PIP_A_TABLEN
00015d80   PIP_D_tabbeg
00015d84   PIP_D_tablen
000101d4   PIP_F_give
000101d4   PIP_F_probe
000102a8   PIP_F_start
00010140   PIP_F_take
00000064   PIP_OBJSIZE
00000000   PIP_gNextId
00000002   PIP_gNumEmbed
00000000   POOL$
00000000   POOL_USEPOOL
00000001   PRD$
00000000   PRD_A_TABBEG
00000000   PRD_A_TABEND
00000000   PRD_A_TABLEN
00015dc0   PRD_D_cur
00015dc4   PRD_D_elapsed
00015dc8   PRD_D_prevtim
00015dcc   PRD_D_scalar
00015dd0   PRD_D_swihandle
00015dd4   PRD_D_tabbeg
00015dd8   PRD_D_tablen
00015ddc   PRD_D_thook
00015dbc   PRD_D_tick
0000ee40   PRD_F_swi
0000f100   PRD_F_tick
00004000   PRD_SCALAR
00000000   PRD_SWIHANDLE
0000fee0   PRD_THOOKFXN
00016768   PRD_clock
00000001   QUE$
00015de0   RTA_D_fromHost
00015de8   RTA_D_logval
00015df8   RTA_D_stsval
00015de4   RTA_D_toHost
00011e20   RTA_F_andn
0000f598   RTA_F_dispatch
0000f4a0   RTA_F_getlog
0000f4e4   RTA_F_getsts
00011e40   RTA_F_or
0000f52c   RTA_F_readblk
0000f558   RTA_F_resetmem
0000f54c   RTA_F_writeword
00016740   RTA_dispatcher
00016750   RTA_dispatcher$
0000f5e8   RTA_execute
0001666c   RTA_fromHost
00016728   RTA_fromHost$buf
00000004   RTA_fromHost$framesize
00000000   RTA_fromHost$hst
00000001   RTA_fromHost$id
00000000   RTA_fromHost$mode
00016500   RTA_fromHost$pipe
00016530   RTA_fromHost$pipe$aaa
00016560   RTA_fromHost$pipe$bbb
00015f30   RTA_fromHost$pipe$dtab
00016504   RTA_fromHost$pipe$rd
00016534   RTA_fromHost$pipe$wr
00016674   RTA_fromHost$rtdx
00016688   RTA_toHost
00016400   RTA_toHost$buf
00000040   RTA_toHost$framesize
00000000   RTA_toHost$hst
00000000   RTA_toHost$id
00000001   RTA_toHost$mode
00016564   RTA_toHost$pipe
00016594   RTA_toHost$pipe$aaa
000165c4   RTA_toHost$pipe$bbb
00015f3c   RTA_toHost$pipe$dtab
00016568   RTA_toHost$pipe$rd
00016598   RTA_toHost$pipe$wr
00016690   RTA_toHost$rtdx
00000001   RTDX$
00000408   RTDX_BUFMEMSIZE
00015f2c   RTDX_DATAMEMSEG
00000000   RTDX_MODE
00000001   RTDX_NORMALIZED_HDR
00000001   RTDX_USERTDX
00000000   RTDX_USERTEXECUTION
ffffffff   SDRAM
00000000   SEM$
00000000   SIO$
00000001   STS$
000166a4   STS_A_TABBEG
000166d4   STS_A_TABEND
00011ad8   STS_F_add
00011aa0   STS_F_delta
00011b04   STS_F_reset
00000001   SWI$
000166d4   SWI_A_TABBEG
00016700   SWI_A_TABEND
00000001   SWI_A_TABLEN
00015e54   SWI_D_curfxn
00015e44   SWI_D_curmask
00015e50   SWI_D_curmbox
00015e48   SWI_D_curset
00015e40   SWI_D_execaddr
00015e5c   SWI_D_inswi
00015e4c   SWI_D_lock
00015e58   SWI_D_rdybeg
00015e60   SWI_D_rdytab
00015e3c   SWI_D_runaddr
00000000   SWI_EHOOKFXN
0000e2dc   SWI_EXECFXN
0000e0c0   SWI_F_enable
0000e2dc   SWI_F_exec
0000e308   SWI_F_iexec
0000e130   SWI_F_post
0000e398   SWI_F_run
00000000   SWI_IHOOKFXN
0000e398   SWI_RUNFXN
00000001   SYS$
00016758   SYS$config
00011e60   SYS_ABORTFXN
00011f60   SYS_ERRORFXN
00011f80   SYS_EXITFXN
00011d20   SYS_PUTCFXN
000162f8   TRC_R_mask
000162f4   TRC_cinit
00000001   TSK$
00000000   TSK_NUM_HOOKS
00000001   TSK_PRIORITY
00000000   TSK_READYFXN
00000000   TSK_STACKSEG
00000400   TSK_STACKSIZE
00000000   TSK_SWITCHFXN
00011ee0   TSK_VCREATEFXN
00011ee0   TSK_VDELETEFXN
00011ee0   TSK_VEXITFXN
000165d4   TSK_idle
00000000   TSK_idle$ord
00000000   TSK_idle$pri
00015470   TSK_idle$stack
00015808   TSK_idle$stkptr
000166b8   TSK_idle$sts
00016303   TSK_idle$sts$avgfmt
00000002   TSK_idle$sts$filter
00000001   TSK_idle$sts$filtmaxmult
00000001   TSK_idle$sts$filtsummult
000162f3   TSK_idle$sts$maxfmt
000166b4   TSK_idle$sts$stsobj
000162fb   TSK_idle$sts$sumfmt
00000000   TSK_idle$sts$unittype
00000000   TSK_idle$tsk
00000000   UDEV$
00014b00   _BIOS_init
00014d24   _BIOS_start
00013f28   _C
0000dbba   _CLK_COUNTSPMS
00015fa8   _CLK_DFLTMICROSECS
00015db8   _CLK_D_countspms
00015dac   _CLK_D_dirty
00015fac   _CLK_D_microseconds
00015db0   _CLK_D_prd
00015db4   _CLK_D_tddr
00010ad4   _CLK_F_itime
0000dbba   _CLK_PRD
01940000   _CLK_REGS
00000000   _CLK_TDDR
00000000   _CLK_TIMERNUM
00000001   _CLK_USETIMER
00015d9c   _CLK_htimeDiv
00015da0   _CLK_htimeMult
00015fc0   _CLK_htimePerLtime
00010ad4   _CLK_itime
00015da4   _CLK_ltimeDiv
00015da8   _CLK_ltimeMult
00011480   _CLK_measure
00011d80   _CLK_start
00011ea0   _CLK_stop
00013f00   _Config
00015fb8   _DSK6713_AIC23_codeccontrolhandle
00015fbc   _DSK6713_AIC23_codecdatahandle
0000c5cc   _DSK6713_AIC23_config
0000b480   _DSK6713_AIC23_openCodec
0000c5a8   _DSK6713_AIC23_rget
0000c4e0   _DSK6713_AIC23_rset
0000a7a0   _DSK6713_getVersion
0000a7f0   _DSK6713_init
0000a70c   _DSK6713_rget
0000a6f8   _DSK6713_rset
00015fd0   _DSK6713_version
0000a620   _DSK6713_wait
0000a6c4   _DSK6713_waitusec
00011ee0   _FXN_F_nop
00011928   _FXN_F_run
00011978   _FXN_F_zero
00000000   _GBL_CACHE
00015e14   _GBL_clkIn
00011100   _GBL_cslCacheInit
00015e18   _GBL_freq
00011f00   _GBL_getVersion
00015e10   _GBL_procId
0000c388   _GBL_setPLLto225MHz
00016668   _HST_A_TABBEG
000166a4   _HST_A_TABEND
00004018   _HWI_CFGDISPATCHED
00015f54   _HWI_D_inhwi
00015f48   _HWI_D_spsave
0000e600   _HWI_F_dispatch
0000000a   _HWI_INT10
0000000b   _HWI_INT11
0000000c   _HWI_INT12
0000000d   _HWI_INT13
0000000e   _HWI_INT14
0000000f   _HWI_INT15
00000004   _HWI_INT4
00000005   _HWI_INT5
00000006   _HWI_INT6
00000007   _HWI_INT7
00000008   _HWI_INT8
00000009   _HWI_INT9
00000001   _HWI_NMI
00000002   _HWI_RESERVED0
00000003   _HWI_RESERVED1
00000000   _HWI_RESET
00015c68   _HWI_STKBOTTOM
00015870   _HWI_STKTOP
00015f48   _HWI_data
00011c00   _HWI_disable
00015c70   _HWI_dispatchTab
00011c18   _HWI_enable
00011c2c   _HWI_restore
00015f78   _H_Codec
000166c8   _IDL_busyObj
00016738   _IDL_cpuLoad
00011f20   _IDL_loop
00015f2c   _IRAM
00000200   _IRAM_base
00008000   _IRAM_length
0000be60   _IRQ_map
0000a548   _ISR_AIC
00015ee0   _KNL_alarm
00010fc0   _KNL_check
00015f04   _KNL_curqueue
00015ef4   _KNL_curtask
00015efc   _KNL_curtime
00014844   _KNL_dummy
00011234   _KNL_enter
000111e0   _KNL_exit
00011098   _KNL_idle
00015f1c   _KNL_idlefxn
00015ee8   _KNL_inactive
00011560   _KNL_ipost
000110bc   _KNL_max
00015f08   _KNL_maxqueue
00011620   _KNL_post
00015ef8   _KNL_prevtask
00015eec   _KNL_priority
000147a4   _KNL_queues
0000f1e0   _KNL_run
000107a0   _KNL_saveIsrFrame
00015ef0   _KNL_set
00015ee4   _KNL_setpri
000166d4   _KNL_swi
00015f00   _KNL_swiptr
0001086c   _KNL_switch
00015f10   _KNL_tcreatefxn
00015f14   _KNL_tdeletefxn
0000fee0   _KNL_tick
00015f18   _KNL_treadyfxn
00015f0c   _KNL_tswitchfxn
00015ed8   _KNL_wFlag
00015edc   _KNL_wList
00011710   _LCK_pend
000116e0   _LCK_post
0001673c   _LNK_dataPump
00015f64   _LNK_dspFrameReadyMask
00015f60   _LNK_dspFrameRequestMask
00015f6c   _LNK_readDone
00015f70   _LNK_readFail
00015f68   _LNK_readPend
00015f74   _LNK_writeFail
000162dc   _LOG_A_TABBEG
000162f4   _LOG_A_TABEND
00000001   _LOG_A_TABLEN
00015d7c   _LOG_D_system
00011a20   _LOG_event
000162dc   _LOG_system
0000cb00   _MCBSP_open
0000c020   _MCBSP_reset
0000cc00   _MCBSP_start
00015fcc   _MEM
00015e1c   _MEM_D_NUMSEGMENTS
00015e24   _MEM_D_freelist
00015e28   _MEM_D_lockaddr
00015e20   _MEM_D_memtab
00015e2c   _MEM_D_unlockaddr
0000fa20   _MEM_alloc
0000ff00   _MEM_free
00014de0   _MEM_init
00015f20   _MEM_memtab
00015000   _OBJ_init
00014910   _OBJ_segtab
000148d8   _OBJ_table
00016500   _PIP_A_TABBEG
000165c8   _PIP_A_TABEND
00015dbc   _PRD_D_tick
00016768   _PRD_clock
00016740   _RTA_dispatcher
0001666c   _RTA_fromHost
00016688   _RTA_toHost
00015020   _RTDX_Buffer
0001542c   _RTDX_Buffer_End
00013d40   _RTDX_Buffer_Initialize
00013e80   _RTDX_Buffer_Read
00013da0   _RTDX_Buffer_ReadCB
00013e00   _RTDX_Buffer_Size
00015428   _RTDX_Buffer_Start
00013ea0   _RTDX_Buffer_Write
00013460   _RTDX_Buffer_WriteCB
00013e40   _RTDX_Final_RT_Monitor
00013cc0   _RTDX_Init_RT_Monitor
00000002   _RTDX_JTAGONLY
00013ee0   _RTDX_Mask_IER
00013aa0   _RTDX_Mon_Queue
00013060   _RTDX_Poll
00000000   _RTDX_interrupt_mask
0001543c   _RTDX_writing
ffffffff   _SDRAM
00011c60   _SEM_pend
0000f760   _SEM_pendEnterKnl
000113a0   _SEM_post
000113a0   _SEM_postBinary
000112c0   _SEM_postEnterKnl
000166a4   _STS_A_TABBEG
000166d4   _STS_A_TABEND
00011ad8   _STS_add
00011aa0   _STS_delta
00011b04   _STS_reset
00011f40   _STS_set
00015e54   _SWI_D_curfxn
00015e44   _SWI_D_curmask
00015e48   _SWI_D_curset
00015e40   _SWI_D_execaddr
00015e5c   _SWI_D_inswi
00015e4c   _SWI_D_lock
00015e58   _SWI_D_rdybeg
00015e3c   _SWI_D_runaddr
00015e3c   _SWI_data
0000e130   _SWI_post
00015e30   _SYS
00015fd4   _SYS_PUTCBEG
000161d3   _SYS_PUTCEND
00011cc0   _SYS_abort
00011ba0   _SYS_error
000117a0   _SYS_exit
00014a90   _SYS_exitStack
00015fb0   _SYS_exitStackPtr
00015fb4   _SYS_exitStackTop
000162f8   _TRC_R_mask
00015fa4   _TSK
0001487c   _TSK_ATTRS
00014898   _TSK_config
00010b20   _TSK_exit
000165d4   _TSK_idle
00014f80   _TSK_init
00015f9c   _TSK_nTasks
00015fa0   _TSK_pid
000105a0   _TSK_setup
00010f00   _TSK_startup
000148b8   _TSK_timerSem
00011e60   _UTL_doAbort
00011f60   _UTL_doError
00011d20   _UTL_doPutc
00011f80   _UTL_halt
00010af0   __CLK_lat1beg
00010b1c   __CLK_lat1end
0000df14   __GBL_setL2CacheMode
00015e38   __HOOK_NUMHOOKS
00015e34   __HOOK_knlId
0000e600   __HWI_lat1beg
0000e780   __HWI_lat1end
0000e780   __HWI_lat2beg
0000e920   __HWI_lat2end1
0000e8ac   __HWI_lat2end2
0000e940   __HWI_lat3beg
0000ea40   __HWI_lat3end1
0000e8dc   __HWI_lat3end2
000119a0   __IDL_lat1beg
000119f0   __IDL_lat1end
0001479c   __IRQ_dispatchTable
000146d8   __IRQ_eventTable
0000d4c0   __IRQ_hookFetchPacket
0001475c   __IRQ_intTable
00011010   __KNL_lat1beg
00011098   __KNL_lat1end
00011a20   __LOG_lat1beg
00014a30   __MCBSP_hDev0
00014a34   __MCBSP_hDev1
00014954   __MEM_mutex
0000f558   __RTA_lat1beg
0000f590   __RTA_lat1end
00010380   __SEM_dopost
00000400   __STACK_SIZE
0000e26c   __SWI_lat1beg
0000e320   __SWI_lat1end
0000e324   __SWI_lat2beg
0000e394   __SWI_lat2end
0000e0c0   __SWI_lat3beg
0000e12c   __SWI_lat3end
0001492c   __TSK_mutex
00014ad4   ___TI_enable_exit_profile_output
ffffffff   ___TI_pprof_out_hndl
ffffffff   ___TI_prof_data_size
ffffffff   ___TI_prof_data_start
0000d360   ___add_dtor
00014528   ___atexit_func_id__
ffffffff   ___binit__
00015c70   ___bss__
ffffffff   ___c_args__
00011fa0   ___cinit__
00000000   ___data__
00000000   ___edata__
00015fd2   ___end__
0000d4e0   ___etext__
00014af4   ___pinit__
00008200   ___text__
00010cc0   __auto_init
00014acc   __cleanup_ptr
00008200   __divd
00009a60   __divf
00014ad0   __dtors_ptr
0000aaa0   __frcmpyd_div
0000ce00   __frcmpyf_div
00014ad8   __lock
0000d220   __mpyll
0000d460   __nop
0000cee0   __nround
0000d480   __register_lock
0000d4a0   __register_unlock
00015870   __stack
0000c660   __strasgi
0000d420   __trunc
00014adc   __unlock
000098f4   _aimag
0000cd00   _atexit
00008b60   _bitrev
00014ec0   _c_int00
000093e0   _cabs
000094e4   _cadd
0000c7a0   _call_dtors
0000eda8   _calloc
00009708   _cdiv
0000992c   _cexp
00009450   _cmplx
000095fc   _cmul
00009490   _conjg
0000ae20   _cos
00009570   _csub
000090a8   _dft
00008d60   _dftmerge
00014af0   _dtors
0001497c   _errno
0000b760   _exp
00008f58   _fft
0000ea60   _free
0000c8c0   _frexp
00008fac   _ifft
00015f88   _index
0000a40c   _init_HWI
0000a268   _init_arrays
0000a364   _init_hardware
00015f7c   _input
00015f80   _intermediate
0000c1c0   _ldexp
00014328   _mag
0000a498   _main
0000ea8c   _malloc
0000ec54   _memalign
0000b9e0   _memcpy
0000c9e0   _memset
0000d0a0   _modf
0000d03c   _mono_read_16Bit
0000d014   _mono_write_16Bit
00015f84   _output
00009824   _rdiv
000098bc   _real
0000eb10   _realloc
0000969c   _rmul
00015f94   _rtdxNullChanCnt
00015f98   _rtdxNullFuncCnt
00015430   _rtdx_buffer_state
00015450   _rtdx_mon_state
00008bec   _shuffle
0000b160   _sin
0000bc20   _sqrt
0000cfe8   _stereo_read_16Bit
0000cfc0   _stereo_write_16Bit
00008b00   _swap
0000c360   _wait500nS
0000a080   _wait_buffer
ffffffff   binit
00011fa0   cinit
00000000   edata
00015fd2   end
0000d4e0   etext
00000000   hwi0
00000020   hwi1
00000140   hwi10
00000160   hwi11
00000180   hwi12
000001a0   hwi13
000001c0   hwi14
000001e0   hwi15
00000040   hwi2
00000060   hwi3
00000080   hwi4
000000a0   hwi5
000000c0   hwi6
000000e0   hwi7
00000100   hwi8
00000120   hwi9
00014af4   pinit


GLOBAL SYMBOLS: SORTED BY Symbol Address 

address    name
--------   ----
00000000   .data
00000000   BUF$
00000000   CLK_COUNTSPMSHIGH
00000000   CLK_PRDHIGH
00000000   CLK_TDDR
00000000   CLK_TDDRHIGH
00000000   CLK_TIMERNUM
00000000   DEV$
00000000   DGN$
00000000   DHL$
00000000   DHL_gChannelsAvailable
00000000   DIO$
00000000   DIO_NUMSWIBASE
00000000   DIO_NUMTSKBASE
00000000   DIO_STATIC
00000000   DPI$
00000000   GBL_BIGENDIAN
00000000   GBL_C641XL2PRIORITY
00000000   GBL_CACHE
00000000   GBL_L2CONFIGALLOC
00000000   GBL_L2MARMASK1
00000000   GBL_L2MARMASK2
00000000   GBL_L2MARMASK3
00000000   GBL_L2MARMASK4
00000000   GBL_L2MARMASK5
00000000   GBL_L2MODE
00000000   GBL_L2PRIORITY
00000000   GBL_NULL
00000000   GBL_PROCID
00000000   GBL_ROM
00000000   GBL_SUPPORTCSL
00000000   GIO$
00000000   HOOK$
00000000   HOOK_KNLID
00000000   HST_DSM
00000000   HST_NONE
00000000   HWI_A_VECS
00000000   HWI_GENERATE_RESET_VEC
00000000   HWI_INT10$hwi
00000000   HWI_INT11$hwi
00000000   HWI_INT12$hwi
00000000   HWI_INT13$hwi
00000000   HWI_INT14$hwi
00000000   HWI_INT15$hwi
00000000   HWI_INT4$hwi
00000000   HWI_INT5$hwi
00000000   HWI_INT6$hwi
00000000   HWI_INT7$hwi
00000000   HWI_INT8$hwi
00000000   HWI_INT9$hwi
00000000   HWI_NMI$hwi
00000000   HWI_POLARITYMASK
00000000   HWI_RESERVED0$hwi
00000000   HWI_RESERVED1$hwi
00000000   HWI_RESET
00000000   HWI_RESET$hwi
00000000   IDL_busyObj$iB
00000000   IDL_busyObj$operation
00000000   KNL_swi$ord
00000000   KNL_swi$pri
00000000   KNL_swi$sts$unittype
00000000   KNL_swi$swi
00000000   LOG_system$datatype
00000000   LOG_system$log
00000000   MBX$
00000000   MEM_NULL
00000000   MEM_USEMPC
00000000   MSGQ$
00000000   MSGQ_USEMSGQ
00000000   OBJ$
00000000   PIP$
00000000   PIP_gNextId
00000000   POOL$
00000000   POOL_USEPOOL
00000000   PRD_A_TABBEG
00000000   PRD_A_TABEND
00000000   PRD_A_TABLEN
00000000   PRD_SWIHANDLE
00000000   RTA_fromHost$hst
00000000   RTA_fromHost$mode
00000000   RTA_toHost$hst
00000000   RTA_toHost$id
00000000   RTDX_MODE
00000000   RTDX_USERTEXECUTION
00000000   SEM$
00000000   SIO$
00000000   SWI_EHOOKFXN
00000000   SWI_IHOOKFXN
00000000   TSK_NUM_HOOKS
00000000   TSK_READYFXN
00000000   TSK_STACKSEG
00000000   TSK_SWITCHFXN
00000000   TSK_idle$ord
00000000   TSK_idle$pri
00000000   TSK_idle$sts$unittype
00000000   TSK_idle$tsk
00000000   UDEV$
00000000   _CLK_TDDR
00000000   _CLK_TIMERNUM
00000000   _GBL_CACHE
00000000   _HWI_RESET
00000000   _RTDX_interrupt_mask
00000000   ___data__
00000000   ___edata__
00000000   edata
00000000   hwi0
00000001   BUF_ENABLED
00000001   CLK$
00000001   CLK_CALDIV
00000001   CLK_HTIMEDIV
00000001   CLK_LTIMEDIV
00000001   CLK_USETIMER
00000001   GBL$
00000001   GBL_CALLCSLCFGINIT
00000001   GBL_ENABLEINST
00000001   GBL_L2CONFIGURE
00000001   GBL_L2MARMASK
00000001   GBL_USERINIT
00000001   GBL_boot
00000001   HST$
00000001   HST_RTDX
00000001   HWI$
00000001   HWI_NMI
00000001   HWI_ZEROTAB
00000001   IDL$
00000001   IDL_USECLKIDLTIME
00000001   IDL_busyObj$filter
00000001   IDL_busyObj$iA
00000001   IDL_busyObj$iC
00000001   ISRC$
00000001   KNL_swi$dorta
00000001   KNL_swi$sts$filtmaxmult
00000001   KNL_swi$sts$filtsummult
00000001   LCK$
00000001   LOG$
00000001   LOG_A_TABLEN
00000001   LOG_ENABLED
00000001   MEM$
00000001   MEM_gNumHeap
00000001   PRD$
00000001   QUE$
00000001   RTA_fromHost$id
00000001   RTA_toHost$mode
00000001   RTDX$
00000001   RTDX_NORMALIZED_HDR
00000001   RTDX_USERTDX
00000001   STS$
00000001   SWI$
00000001   SWI_A_TABLEN
00000001   SYS$
00000001   TSK$
00000001   TSK_PRIORITY
00000001   TSK_idle$sts$filtmaxmult
00000001   TSK_idle$sts$filtsummult
00000001   _CLK_USETIMER
00000001   _HWI_NMI
00000001   _LOG_A_TABLEN
00000002   HWI_RESERVED0
00000002   IDL_busyObj$unittype
00000002   KNL_swi$sts$filter
00000002   PIP_A_TABLEN
00000002   PIP_gNumEmbed
00000002   TSK_idle$sts$filter
00000002   _HWI_RESERVED0
00000002   _RTDX_JTAGONLY
00000003   HWI_RESERVED1
00000003   _HWI_RESERVED1
00000004   CLK_CALMULT
00000004   CLK_HTIMEMULT
00000004   HWI_INT4
00000004   RTA_fromHost$framesize
00000004   _HWI_INT4
00000005   HWI_INT5
00000005   _HWI_INT5
00000006   HWI_INT6
00000006   IDL_CALIBRERROR
00000006   _HWI_INT6
00000007   HWI_INT7
00000007   _HWI_INT7
00000008   HWI_INT8
00000008   _HWI_INT8
00000009   HWI_INT9
00000009   _HWI_INT9
0000000a   HWI_INT10
0000000a   _HWI_INT10
0000000b   HWI_INT11
0000000b   _HWI_INT11
0000000c   HWI_INT12
0000000c   _HWI_INT12
0000000d   HWI_INT13
0000000d   _HWI_INT13
0000000e   HWI_INT14
0000000e   _HWI_INT14
0000000f   HWI_INT15
0000000f   _HWI_INT15
00000020   CLK_TCR
00000020   hwi1
0000003e   GBL_DSPTYPE
00000040   HST_MAXFRAMESET
00000040   LOG_system$size
00000040   RTA_toHost$framesize
00000040   hwi2
00000042   GBL_FOOTPRINT
00000060   hwi3
00000064   PIP_OBJSIZE
00000080   hwi4
000000a0   hwi5
000000c0   hwi6
000000e0   hwi7
000000ff   HST_MAXFRAMEALLOWED
00000100   hwi8
00000120   hwi9
00000140   hwi10
00000160   hwi11
00000180   hwi12
000001a0   hwi13
000001c0   hwi14
000001e0   hwi15
00000200   IRAM$B
00000200   _IRAM_base
000003e8   CLK_MICROSECS
00000400   HST_DSMMEMSIZE
00000400   TSK_STACKSIZE
00000400   __STACK_SIZE
00000408   RTDX_BUFMEMSIZE
00001770   GBL_CLKTYPE
00001a39   GBL_DSPSUBTYPE
00002226   GBL_L2ALLOC
00004000   CLK_INTBIT
00004000   PRD_SCALAR
00004018   HWI_CFGDISPATCHED
00004018   _HWI_CFGDISPATCHED
00004e20   GBL_CLKIN
00005205   GBL_A_VERSION
00008000   IRAM$L
00008000   _IRAM_length
00008200   .text
00008200   ___text__
00008200   __divd
00008b00   _swap
00008b60   _bitrev
00008bec   _shuffle
00008d60   _dftmerge
00008f58   _fft
00008fac   _ifft
000090a8   _dft
000093e0   _cabs
00009450   _cmplx
00009490   _conjg
000094e4   _cadd
00009570   _csub
000095fc   _cmul
0000969c   _rmul
00009708   _cdiv
00009824   _rdiv
000098bc   _real
000098f4   _aimag
0000992c   _cexp
00009a60   __divf
0000a080   _wait_buffer
0000a268   _init_arrays
0000a364   _init_hardware
0000a40c   _init_HWI
0000a498   _main
0000a548   _ISR_AIC
0000a620   _DSK6713_wait
0000a6c4   _DSK6713_waitusec
0000a6f8   _DSK6713_rset
0000a70c   _DSK6713_rget
0000a7a0   _DSK6713_getVersion
0000a7f0   _DSK6713_init
0000aaa0   __frcmpyd_div
0000ae20   _cos
0000b160   _sin
0000b480   _DSK6713_AIC23_openCodec
0000b760   _exp
0000b9e0   _memcpy
0000bc20   _sqrt
0000be60   _IRQ_map
0000c020   _MCBSP_reset
0000c1c0   _ldexp
0000c360   _wait500nS
0000c388   GBL_USERINITFXN
0000c388   _GBL_setPLLto225MHz
0000c4e0   _DSK6713_AIC23_rset
0000c5a8   _DSK6713_AIC23_rget
0000c5cc   _DSK6713_AIC23_config
0000c660   __strasgi
0000c7a0   _call_dtors
0000c8c0   _frexp
0000c9e0   _memset
0000cb00   _MCBSP_open
0000cc00   _MCBSP_start
0000cd00   _atexit
0000ce00   __frcmpyf_div
0000cee0   __nround
0000cfc0   _stereo_write_16Bit
0000cfe8   _stereo_read_16Bit
0000d014   _mono_write_16Bit
0000d03c   _mono_read_16Bit
0000d0a0   _modf
0000d220   __mpyll
0000d360   ___add_dtor
0000d420   __trunc
0000d460   __nop
0000d480   __register_lock
0000d4a0   __register_unlock
0000d4c0   __IRQ_hookFetchPacket
0000d4e0   LNK_F_checkBufferCall
0000d4e0   ___etext__
0000d4e0   etext
0000d500   LNK_F_getChanPtr
0000d558   LNK_F_init
0000d560   LNK_F_dataPump
0000d574   LNK_rcloop
0000d640   LNK_rdrtry
0000d650   LNK_rrloop
0000d714   LNK_wrrtry
0000d724   LNK_wrloop
0000d800   LNK_newin
0000d940   LNK_newout
0000daa4   LNK_F_readCallBack
0000dbba   CLK_COUNTSPMS
0000dbba   CLK_HTIMEPERLTIME
0000dbba   CLK_PRD
0000dbba   _CLK_COUNTSPMS
0000dbba   _CLK_PRD
0000dbef   GBL_TRCMASKVALUE
0000df14   __GBL_setL2CacheMode
0000e0c0   SWI_F_enable
0000e0c0   __SWI_lat3beg
0000e12c   __SWI_lat3end
0000e130   SWI_F_post
0000e130   _SWI_post
0000e26c   __SWI_lat1beg
0000e2dc   SWI_EXECFXN
0000e2dc   SWI_F_exec
0000e308   SWI_F_iexec
0000e320   __SWI_lat1end
0000e324   __SWI_lat2beg
0000e394   __SWI_lat2end
0000e398   SWI_F_run
0000e398   SWI_RUNFXN
0000e600   CLK_HOOKFXN
0000e600   HWI_F_dispatch
0000e600   _HWI_F_dispatch
0000e600   __HWI_lat1beg
0000e780   __HWI_lat1end
0000e780   __HWI_lat2beg
0000e8ac   __HWI_lat2end2
0000e8dc   __HWI_lat3end2
0000e920   __HWI_lat2end1
0000e940   __HWI_lat3beg
0000ea40   __HWI_lat3end1
0000ea60   _free
0000ea8c   _malloc
0000eb10   _realloc
0000ec54   _memalign
0000eda8   _calloc
0000ee40   PRD_F_swi
0000f100   PRD_F_tick
0000f1e0   _KNL_run
0000f4a0   RTA_F_getlog
0000f4e4   RTA_F_getsts
0000f52c   RTA_F_readblk
0000f54c   RTA_F_writeword
0000f558   RTA_F_resetmem
0000f558   __RTA_lat1beg
0000f590   __RTA_lat1end
0000f598   RTA_F_dispatch
0000f5e8   RTA_execute
0000f760   _SEM_pendEnterKnl
0000fa20   _MEM_alloc
0000fee0   PRD_THOOKFXN
0000fee0   _KNL_tick
0000ff00   _MEM_free
00010140   PIP_F_take
000101d4   PIP_F_give
000101d4   PIP_F_probe
000102a8   PIP_F_start
00010380   __SEM_dopost
000105a0   _TSK_setup
000107a0   _KNL_saveIsrFrame
0001086c   _KNL_switch
00010920   KNL_glue
00010960   CLK_F_getltime
00010974   CLK_F_isr
00010ad4   CLK_F_itime
00010ad4   _CLK_F_itime
00010ad4   _CLK_itime
00010af0   __CLK_lat1beg
00010b1c   __CLK_lat1end
00010b20   _TSK_exit
00010cc0   __auto_init
00010f00   _TSK_startup
00010fc0   _KNL_check
00011010   __KNL_lat1beg
00011098   _KNL_idle
00011098   __KNL_lat1end
000110bc   _KNL_max
00011100   _GBL_cslCacheInit
000111e0   _KNL_exit
00011234   _KNL_enter
000112c0   _SEM_postEnterKnl
000113a0   _SEM_post
000113a0   _SEM_postBinary
00011480   _CLK_measure
00011560   _KNL_ipost
00011620   _KNL_post
000116e0   _LCK_post
00011710   _LCK_pend
000117a0   _SYS_exit
00011860   CLK_F_getfhtime
00011880   CLK_F_gethtime
00011880   CLK_F_getshtime
00011880   CLK_TIMEFXN
00011920   FXN_F_nop
00011928   FXN_F_run
00011928   _FXN_F_run
00011978   FXN_F_zero
00011978   _FXN_F_zero
000119a0   IDL_F_busy
000119a0   __IDL_lat1beg
000119f0   __IDL_lat1end
00011a20   LOG_F_event
00011a20   _LOG_event
00011a20   __LOG_lat1beg
00011aa0   STS_F_delta
00011aa0   _STS_delta
00011ad8   STS_F_add
00011ad8   _STS_add
00011b04   STS_F_reset
00011b04   _STS_reset
00011b20   IDL_F_calibrate
00011ba0   _SYS_error
00011c00   _HWI_disable
00011c18   _HWI_enable
00011c2c   _HWI_restore
00011c60   _SEM_pend
00011cc0   _SYS_abort
00011d20   SYS_PUTCFXN
00011d20   _UTL_doPutc
00011d80   _CLK_start
00011de0   IDL_CALIBRFXN
00011de0   IDL_F_stub
00011e20   RTA_F_andn
00011e40   RTA_F_or
00011e60   SYS_ABORTFXN
00011e60   _UTL_doAbort
00011ea0   _CLK_stop
00011ee0   GIO_CREATEFXN
00011ee0   GIO_DELETEFXN
00011ee0   GIO_PENDFXN
00011ee0   GIO_POSTFXN
00011ee0   TSK_VCREATEFXN
00011ee0   TSK_VDELETEFXN
00011ee0   TSK_VEXITFXN
00011ee0   _FXN_F_nop
00011f00   _GBL_getVersion
00011f20   IDL_F_loop
00011f20   _IDL_loop
00011f40   _STS_set
00011f60   SYS_ERRORFXN
00011f60   _UTL_doError
00011f80   SYS_EXITFXN
00011f80   _UTL_halt
00011fa0   ___cinit__
00011fa0   cinit
00013060   _RTDX_Poll
00013460   _RTDX_Buffer_WriteCB
00013aa0   _RTDX_Mon_Queue
00013cc0   _RTDX_Init_RT_Monitor
00013d40   _RTDX_Buffer_Initialize
00013da0   _RTDX_Buffer_ReadCB
00013e00   _RTDX_Buffer_Size
00013e40   _RTDX_Final_RT_Monitor
00013e80   _RTDX_Buffer_Read
00013ea0   _RTDX_Buffer_Write
00013ee0   _RTDX_Mask_IER
00013f00   _Config
00013f28   _C
00014328   _mag
00014528   ___atexit_func_id__
000146d8   __IRQ_eventTable
0001475c   __IRQ_intTable
0001479c   __IRQ_dispatchTable
000147a4   _KNL_queues
00014844   _KNL_dummy
0001487c   _TSK_ATTRS
00014898   _TSK_config
000148b8   _TSK_timerSem
000148d8   _OBJ_table
00014910   _OBJ_segtab
0001492c   __TSK_mutex
00014954   __MEM_mutex
0001497c   _errno
00014a30   __MCBSP_hDev0
00014a34   __MCBSP_hDev1
00014a90   _SYS_exitStack
00014acc   __cleanup_ptr
00014ad0   __dtors_ptr
00014ad4   ___TI_enable_exit_profile_output
00014ad8   __lock
00014adc   __unlock
00014af0   _dtors
00014af4   ___pinit__
00014af4   pinit
00014b00   BIOS_init
00014b00   _BIOS_init
00014c7c   BIOS$$CLKON
00014cbc   BIOS$$CLKOFF
00014d24   BIOS_start
00014d24   _BIOS_start
00014de0   _MEM_init
00014ec0   _c_int00
00014f80   _TSK_init
00015000   _OBJ_init
00015020   _RTDX_Buffer
00015428   _RTDX_Buffer_Start
0001542c   _RTDX_Buffer_End
00015430   _rtdx_buffer_state
0001543c   _RTDX_writing
00015450   _rtdx_mon_state
00015470   TSK_idle$stack
00015808   TSK_idle$stkptr
00015870   GBL_stackbeg
00015870   _HWI_STKTOP
00015870   __stack
00015c68   _HWI_STKBOTTOM
00015c6f   GBL_stackend
00015c70   $bss
00015c70   .bss
00015c70   _HWI_dispatchTab
00015c70   ___bss__
00015d70   IDL_D_tabbeg
00015d74   IDL_D_calibrate
00015d78   IDL_D_calbeg
00015d7c   LOG_D_system
00015d7c   _LOG_D_system
00015d80   PIP_D_tabbeg
00015d84   PIP_D_tablen
00015d88   CLK_R_time
00015d8c   CLK_D_timefxn
00015d90   CLK_D_tabbeg
00015d94   CLK_D_isrhook
00015d98   CLK_D_idletime
00015d9c   _CLK_htimeDiv
00015da0   _CLK_htimeMult
00015da4   _CLK_ltimeDiv
00015da8   _CLK_ltimeMult
00015dac   _CLK_D_dirty
00015db0   _CLK_D_prd
00015db4   _CLK_D_tddr
00015db8   _CLK_D_countspms
00015dbc   PRD_D_tick
00015dbc   _PRD_D_tick
00015dc0   PRD_D_cur
00015dc4   PRD_D_elapsed
00015dc8   PRD_D_prevtim
00015dcc   PRD_D_scalar
00015dd0   PRD_D_swihandle
00015dd4   PRD_D_tabbeg
00015dd8   PRD_D_tablen
00015ddc   PRD_D_thook
00015de0   RTA_D_fromHost
00015de4   RTA_D_toHost
00015de8   RTA_D_logval
00015df8   RTA_D_stsval
00015e04   HST_D_chanmask
00015e08   HST_D_tabbeg
00015e0c   HST_D_tabend
00015e10   _GBL_procId
00015e14   _GBL_clkIn
00015e18   _GBL_freq
00015e1c   _MEM_D_NUMSEGMENTS
00015e20   _MEM_D_memtab
00015e24   _MEM_D_freelist
00015e28   _MEM_D_lockaddr
00015e2c   _MEM_D_unlockaddr
00015e30   _SYS
00015e34   __HOOK_knlId
00015e38   __HOOK_NUMHOOKS
00015e3c   SWI_D_runaddr
00015e3c   _SWI_D_runaddr
00015e3c   _SWI_data
00015e40   SWI_D_execaddr
00015e40   _SWI_D_execaddr
00015e44   SWI_D_curmask
00015e44   _SWI_D_curmask
00015e48   SWI_D_curset
00015e48   _SWI_D_curset
00015e4c   SWI_D_lock
00015e4c   _SWI_D_lock
00015e50   SWI_D_curmbox
00015e54   SWI_D_curfxn
00015e54   _SWI_D_curfxn
00015e58   SWI_D_rdybeg
00015e58   _SWI_D_rdybeg
00015e5c   SWI_D_inswi
00015e5c   _SWI_D_inswi
00015e60   SWI_D_rdytab
00015ed8   _KNL_wFlag
00015edc   _KNL_wList
00015ee0   _KNL_alarm
00015ee4   _KNL_setpri
00015ee8   _KNL_inactive
00015eec   _KNL_priority
00015ef0   _KNL_set
00015ef4   _KNL_curtask
00015ef8   _KNL_prevtask
00015efc   _KNL_curtime
00015f00   _KNL_swiptr
00015f04   _KNL_curqueue
00015f08   _KNL_maxqueue
00015f0c   _KNL_tswitchfxn
00015f10   _KNL_tcreatefxn
00015f14   _KNL_tdeletefxn
00015f18   _KNL_treadyfxn
00015f1c   _KNL_idlefxn
00015f20   _MEM_memtab
00015f2c   HST_DSMBUFSEG
00015f2c   IRAM
00015f2c   MEM_MALLOCSEG
00015f2c   MEM_SEGZERO
00015f2c   RTDX_DATAMEMSEG
00015f2c   _IRAM
00015f30   RTA_fromHost$pipe$dtab
00015f3c   RTA_toHost$pipe$dtab
00015f48   HWI_D_spsave
00015f48   _HWI_D_spsave
00015f48   _HWI_data
00015f54   _HWI_D_inhwi
00015f58   HWI_D_bss
00015f5c   HWI_D_ccmask
00015f60   LNK_dspFrameRequestMask
00015f60   _LNK_dspFrameRequestMask
00015f64   LNK_dspFrameReadyMask
00015f64   _LNK_dspFrameReadyMask
00015f68   LNK_readPend
00015f68   _LNK_readPend
00015f6c   LNK_readDone
00015f6c   _LNK_readDone
00015f70   LNK_readFail
00015f70   _LNK_readFail
00015f74   LNK_writeFail
00015f74   _LNK_writeFail
00015f78   _H_Codec
00015f7c   _input
00015f80   _intermediate
00015f84   _output
00015f88   _index
00015f94   _rtdxNullChanCnt
00015f98   _rtdxNullFuncCnt
00015f9c   _TSK_nTasks
00015fa0   _TSK_pid
00015fa4   _TSK
00015fa8   _CLK_DFLTMICROSECS
00015fac   _CLK_D_microseconds
00015fb0   _SYS_exitStackPtr
00015fb4   _SYS_exitStackTop
00015fb8   _DSK6713_AIC23_codeccontrolhandle
00015fbc   _DSK6713_AIC23_codecdatahandle
00015fc0   _CLK_htimePerLtime
00015fc8   IDL_D_busyObj
00015fcc   _MEM
00015fd0   _DSK6713_version
00015fd2   ___end__
00015fd2   end
00015fd4   _SYS_PUTCBEG
000161d3   _SYS_PUTCEND
000162d9   KNL_swi$sts$maxfmt
000162dc   LOG_A_TABBEG
000162dc   LOG_system
000162dc   _LOG_A_TABBEG
000162dc   _LOG_system
000162e1   KNL_swi$sts$sumfmt
000162e9   KNL_swi$sts$avgfmt
000162f3   TSK_idle$sts$maxfmt
000162f4   LOG_A_TABEND
000162f4   TRC_cinit
000162f4   _LOG_A_TABEND
000162f8   TRC_R_mask
000162f8   _TRC_R_mask
000162fb   TSK_idle$sts$sumfmt
000162fc   GBL_initdone
00016300   LOG_system$buf
00016303   TSK_idle$sts$avgfmt
0001630d   IDL_busyObj$maxfmt
00016310   IDL_busyObj$sumfmt
00016313   IDL_busyObj$avgfmt
00016400   RTA_toHost$buf
00016500   PIP_A_TABBEG
00016500   RTA_fromHost$pipe
00016500   _PIP_A_TABBEG
00016504   RTA_fromHost$pipe$rd
00016530   RTA_fromHost$pipe$aaa
00016534   RTA_fromHost$pipe$wr
00016560   RTA_fromHost$pipe$bbb
00016564   RTA_toHost$pipe
00016568   RTA_toHost$pipe$rd
00016594   RTA_toHost$pipe$aaa
00016598   RTA_toHost$pipe$wr
000165c4   RTA_toHost$pipe$bbb
000165c8   PIP_A_TABEND
000165c8   _PIP_A_TABEND
000165d4   TSK_idle
000165d4   _TSK_idle
00016668   HST_A_TABBEG
00016668   _HST_A_TABBEG
0001666c   RTA_fromHost
0001666c   _RTA_fromHost
00016674   RTA_fromHost$rtdx
00016688   RTA_toHost
00016688   _RTA_toHost
00016690   RTA_toHost$rtdx
000166a4   HST_A_TABEND
000166a4   KNL_swi$sts$stsobj
000166a4   STS_A_TABBEG
000166a4   _HST_A_TABEND
000166a4   _STS_A_TABBEG
000166a8   KNL_swi$sts
000166b4   TSK_idle$sts$stsobj
000166b8   TSK_idle$sts
000166c4   IDL_busyObj$stsobj
000166c8   IDL_busyObj
000166c8   _IDL_busyObj
000166d4   KNL_swi
000166d4   STS_A_TABEND
000166d4   SWI_A_TABBEG
000166d4   _KNL_swi
000166d4   _STS_A_TABEND
00016700   SWI_A_TABEND
00016728   RTA_fromHost$buf
00016738   IDL_A_TABBEG
00016738   IDL_cpuLoad
00016738   _IDL_cpuLoad
0001673c   LNK_dataPump
0001673c   _LNK_dataPump
00016740   RTA_dispatcher
00016740   _RTA_dispatcher
00016744   IDL_END
00016748   IDL_A_CALBEG
00016748   IDL_cpuLoad$
0001674c   LNK_dataPump$
00016750   RTA_dispatcher$
00016754   IDL_END$
00016758   SYS$config
00016768   CLK_A_TABBEG
00016768   PRD_clock
00016768   _PRD_clock
0001676c   CLK_null
00036ee8   CLK_LTIMEMULT
00036ee8   GBL_FREQ
01940000   CLK_REGS
01940000   _CLK_REGS
082039a3   HWI_INTRMULTHIGH
310718af   HWI_INTRMULTLOW
ffffffff   SDRAM
ffffffff   _SDRAM
ffffffff   ___TI_pprof_out_hndl
ffffffff   ___TI_prof_data_size
ffffffff   ___TI_prof_data_start
ffffffff   ___binit__
ffffffff   ___c_args__
ffffffff   binit

[765 symbols]
