******************************************************************************
               TMS320C6x Linker PC v6.1.15                     
******************************************************************************
>> Linked Fri Mar 14 21:27:16 2014

OUTPUT FILE NAME:   <RTDSP.out>
ENTRY POINT SYMBOL: "_c_int00"  address: 00011a20


MEMORY CONFIGURATION

         name            origin    length      used     unused   attr    fill
----------------------  --------  ---------  --------  --------  ----  --------
  IRAM                  00000000   00040000  000132c3  0002cd3d  RWIX
  SDRAM                 80000000   00800000  00000000  00800000  RWIX


SECTION ALLOCATION MAP

 output                                  attributes/
section   page    origin      length       input sections
--------  ----  ----------  ----------   ----------------
.vers      0    00000000    00000040     COPY SECTION
                  00000000    00000040     dsp_bios_cfg.obj (.vers)

.prd       0    00000000    00000000     UNINITIALIZED

.hwi_vec   0    00000000    00000200     
                  00000000    00000200     dsp_bios_cfg.obj (.hwi_vec)

.data      0    00000000    00000000     UNINITIALIZED

.IRAM$heap 
*          0    00000200    00008000     UNINITIALIZED
                  00000200    00008000     --HOLE--

.bios      0    00008200    000041c0     
                  00008200    00000600     lnkrtdx.a67 : rtdx.o67 (.bios)
                  00008800    000005e0     bios.a67 : gbl_setL2CacheMode.o67 (.bios)
                  00008de0    00000540              : swi.o67 (.bios)
                  00009320    00000460              : hwi_disp_asm.o67 (.bios)
                  00009780    000003a0              : prd.o67 (.bios)
                  00009b20    000002c0              : knl_run.o67 (.bios)
                  00009de0    000002c0              : rta.o67 (.bios)
                  0000a0a0    000002c0              : sem_pend.o67 (.bios)
                  0000a360    00000260              : knl_tick.o67 (.bios)
                  0000a5c0    00000240              : pip.o67 (.bios)
                  0000a800    00000220              : sem_dopo.o67 (.bios)
                  0000aa20    00000200              : tsk_setu.o67 (.bios)
                  0000ac20    000001c0              : knl_swit.o67 (.bios)
                  0000ade0    000001c0     biosC6000.a67 : clk.o67 (.bios)
                  0000afa0    000001a0     bios.a67 : tsk_exit.o67 (.bios)
                  0000b140    00000180              : autoinit.o67 (.bios)
                  0000b2c0    00000180              : tsk_stup.o67 (.bios)
                  0000b440    00000140              : knl_chec.o67 (.bios)
                  0000b580    000000e0              : gbl_cslcacheinit.o67 (.bios)
                  0000b660    000000e0              : knl_exit.o67 (.bios)
                  0000b740    000000e0              : sem_post.o67 (.bios)
                  0000b820    000000e0              : sem_post_asm.o67 (.bios)
                  0000b900    000000e0     biosC6000.a67 : clk_meas.o67 (.bios)
                  0000b9e0    000000c0     bios.a67 : knl_ipos.o67 (.bios)
                  0000baa0    000000c0              : knl_post.o67 (.bios)
                  0000bb60    000000c0              : lck.o67 (.bios)
                  0000bc20    000000c0              : sys_exit.o67 (.bios)
                  0000bce0    000000c0     biosC6000.a67 : clk_htime.o67 (.bios)
                  0000bda0    00000080     bios.a67 : fxn.o67 (.bios)
                  0000be20    00000080              : idl_busy.o67 (.bios)
                  0000bea0    00000080              : log.o67 (.bios)
                  0000bf20    00000080              : sts.o67 (.bios)
                  0000bfa0    00000080     biosC6000.a67 : idl_cal.o67 (.bios)
                  0000c020    00000060     bios.a67 : hwi_c.o67 (.bios)
                  0000c080    00000060              : sem_pend_counting.o67 (.bios)
                  0000c0e0    00000060              : sys_abor.o67 (.bios)
                  0000c140    00000060              : utl_putc.o67 (.bios)
                  0000c1a0    00000060     biosC6000.a67 : clk_start.o67 (.bios)
                  0000c200    00000040     bios.a67 : idl_stub.o67 (.bios)
                  0000c240    00000040              : rta_andn.o67 (.bios)
                  0000c280    00000040              : utl_doab.o67 (.bios)
                  0000c2c0    00000040     biosC6000.a67 : clk_stop.o67 (.bios)
                  0000c300    00000020     bios.a67 : fxn_c.o67 (.bios)
                  0000c320    00000020              : gbl_vers.o67 (.bios)
                  0000c340    00000020              : idl.o67 (.bios)
                  0000c360    00000020              : sts_set.o67 (.bios)
                  0000c380    00000020              : utl_doer.o67 (.bios)
                  0000c3a0    00000020              : utl_halt.o67 (.bios)

.text      0    0000c3c0    00002e00     
                  0000c3c0    00000900     rts6700.lib : divd.obj (.text:__divd)
                  0000ccc0    00000840     intio.obj (.text)
                  0000d500    00000480     dsk6713bslccsv4.lib : dsk6713.obj (.text)
                  0000d980    00000380     rts6700.lib : frcmpyd_div.obj (.text:__frcmpyd_div)
                  0000dd00    000002e0     dsk6713bslccsv4.lib : dsk6713_aic23_opencodec.obj (.text)
                  0000dfe0    00000240     rts6700.lib : memcpy62.obj (.text:_memcpy)
                  0000e220    000001c0     csl6713.lib : csl_irq.obj (.text:_IRQ_map)
                  0000e3e0    000001a0                 : csl_mcbsp.obj (.text:_MCBSP_reset)
                  0000e580    00000180     bios.a67 : gbl_cslpllinit62.o67 (.text)
                  0000e700    00000180     dsk6713bslccsv4.lib : dsk6713_aic23_registers.obj (.text)
                  0000e880    00000140     rts6700.lib : strasg.obj (.text:__strasgi)
                  0000e9c0    00000120                 : sinit.obj (.text:_call_dtors)
                  0000eae0    00000100     csl6713.lib : csl_mcbsp.obj (.text:_MCBSP_open)
                  0000ebe0    00000100                 : csl_mcbsp.obj (.text:_MCBSP_start)
                  0000ece0    00000100     rts6700.lib : atexit.obj (.text:_atexit)
                  0000ede0    000000e0     dsk6713bslccsv4.lib : helper_functions_ISR.obj (.text)
                  0000eec0    000000c0     bios.a67 : tsk_stup.o67 (.text)
                  0000ef80    000000a0     rts6700.lib : mpyll.obj (.text:__mpyll)
                  0000f020    000000a0     csl6713.lib : csl_irq.obj (.text:_setMux)
                  0000f0c0    00000040     rts6700.lib : sinit.obj (.text:___add_dtor)
                  0000f100    00000040                 : divd.obj (.text:___isnan)
                  0000f140    00000020                 : _lock.obj (.text:__nop)
                  0000f160    00000020                 : _lock.obj (.text:__register_lock)
                  0000f180    00000020                 : _lock.obj (.text:__register_unlock)
                  0000f1a0    00000020     csl6713.lib : csl_irq.obj (.text)

.cinit     0    0000f1c0    0000102c     
                  0000f1c0    000005ac     dsp_bios_cfg.obj (.cinit)
                  0000f76c    00000004     --HOLE-- [fill = 0]
                  0000f770    0000026c     bios.a67 : biosdata.o67 (.cinit)
                  0000f9dc    00000004     --HOLE-- [fill = 0]
                  0000f9e0    000001a4              : knl.o67 (.cinit)
                  0000fb84    00000004     --HOLE-- [fill = 0]
                  0000fb88    0000012c     csl6713.lib : csl_irq.obj (.cinit)
                  0000fcb4    00000004     --HOLE-- [fill = 0]
                  0000fcb8    000000b0     bios.a67 : swi.o67 (.cinit)
                  0000fd68    000000a0     intio.obj (.cinit)
                  0000fe08    00000070     bios.a67 : tsk.o67 (.cinit)
                  0000fe78    00000060              : tsk_stup.o67 (.cinit)
                  0000fed8    0000005c     lnkrtdx.a67 : rtdx.o67 (.cinit)
                  0000ff34    00000004     --HOLE-- [fill = 0]
                  0000ff38    00000054     csl6713.lib : csl_mcbsp.obj (.cinit)
                  0000ff8c    00000004     --HOLE-- [fill = 0]
                  0000ff90    0000004c     bios.a67 : rta.o67 (.cinit)
                  0000ffdc    00000004     --HOLE-- [fill = 0]
                  0000ffe0    0000004c     rtdx.lib : buffer1.o62 (.cinit)
                  0001002c    00000004     --HOLE-- [fill = 0]
                  00010030    00000034     bios.a67 : hwi.o67 (.cinit)
                  00010064    00000004     --HOLE-- [fill = 0]
                  00010068    00000030     dsk6713bslccsv4.lib : dsk6713_aic23_registers.obj (.cinit)
                  00010098    0000002c     bios.a67 : utl_putc.o67 (.cinit)
                  000100c4    00000004     --HOLE-- [fill = 0]
                  000100c8    0000002c     rts6700.lib : exit.obj (.cinit)
                  000100f4    00000004     --HOLE-- [fill = 0]
                  000100f8    00000024     bios.a67 : obj_init.o67 (.cinit)
                  0001011c    00000004     --HOLE-- [fill = 0]
                  00010120    0000001c              : sys.o67 (.cinit)
                  0001013c    00000004     --HOLE-- [fill = 0]
                  00010140    0000001c     rts6700.lib : _lock.obj (.cinit)
                  0001015c    00000004     --HOLE-- [fill = 0]
                  00010160    0000001c                 : atexit.obj (.cinit)
                  0001017c    00000004     --HOLE-- [fill = 0]
                  00010180    00000018     bios.a67 : knl_tick.o67 (.cinit)
                  00010198    00000010     rts6700.lib : divd.obj (.cinit)
                  000101a8    0000000c     bios.a67 : gbl_setL2CacheMode.o67 (.cinit)
                  000101b4    00000004     --HOLE-- [fill = 0]
                  000101b8    0000000c              : idl_busy.o67 (.cinit)
                  000101c4    00000004     --HOLE-- [fill = 0]
                  000101c8    0000000c              : knl_swit.o67 (.cinit)
                  000101d4    00000004     --HOLE-- [fill = 0]
                  000101d8    0000000c     rts6700.lib : sinit.obj (.cinit)
                  000101e4    00000004     --HOLE-- [fill = 0]
                  000101e8    00000004     (.pad.cinit) [fill = 0]

.hst1      0    000101ec    00000010     UNINITIALIZED
                  000101ec    00000010     dsp_bios_cfg.obj (.hst1)

.args      0    000101fc    00000004     
                  000101fc    00000004     --HOLE-- [fill = 0]

.rtdx_text 
*          0    00010200    00000ea0     
                  00010200    00000400     rtdx.lib : rtdx_mon.o62 (.rtdx_text:_RTDX_Poll)
                  00010600    00000340              : buffer1.o62 (.rtdx_text:_RTDX_Buffer_WriteCB)
                  00010940    00000300              : buffer1.o62 (.rtdx_text:_RTDX_write_next)
                  00010c40    00000140              : rtdx_mon.o62 (.rtdx_text:_RTDX_Mon_Queue)
                  00010d80    000000e0              : buffer1.o62 (.rtdx_text:_claim)
                  00010e60    00000080              : rtdx_mon.o62 (.rtdx_text:_RTDX_Init_RT_Monitor)
                  00010ee0    00000060              : buffer1.o62 (.rtdx_text:_RTDX_Buffer_Initialize)
                  00010f40    00000060              : buffer2.o62 (.rtdx_text:_RTDX_Buffer_ReadCB)
                  00010fa0    00000040              : buffer1.o62 (.rtdx_text:_RTDX_Buffer_Size)
                  00010fe0    00000040              : rtdx_mon.o62 (.rtdx_text:_RTDX_Final_RT_Monitor)
                  00011020    00000020              : buffer2.o62 (.rtdx_text:_RTDX_Buffer_Read)
                  00011040    00000020              : buffer1.o62 (.rtdx_text:_RTDX_Buffer_Write)
                  00011060    00000020              : rtdx_mon.o62 (.rtdx_text:_RTDX_checksum)
                  00011080    00000020              : intr_tgt.o62 (.rtdx_text)

.far       0    000110a0    000005b0     UNINITIALIZED
                  000110a0    00000188     rts6700.lib : atexit.obj (.far)
                  00011228    000000f4     csl6713.lib : csl_irq.obj (.far)
                  0001131c    000000d8     bios.a67 : knl.o67 (.far)
                  000113f4    00000004     rts6700.lib : sinit.obj (.far)
                  000113f8    000000a0     intio.obj (.far)
                  00011498    0000005c     bios.a67 : tsk.o67 (.far)
                  000114f4    00000054              : obj_init.o67 (.far)
                  00011548    00000050              : tsk_stup.o67 (.far)
                  00011598    00000038     csl6713.lib : csl_mcbsp.obj (.far)
                  000115d0    00000028     dsk6713bslccsv4.lib : dsk6713_aic23_registers.obj (.far)
                  000115f8    00000020     bios.a67 : sys.o67 (.far)
                  00011618    00000010              : knl_tick.o67 (.far)
                  00011628    0000000c              : utl_putc.o67 (.far)
                  00011634    0000000c     rts6700.lib : exit.obj (.far)
                  00011640    00000008                 : _lock.obj (.far)
                  00011648    00000008                 : divd.obj (.far)

.idl       0    00011650    00000010     UNINITIALIZED
                  00011650    00000010     dsp_bios_cfg.obj (.idl)

.sysinit   0    00011660    00000520     
                  00011660    000002e0     dsp_bios_cfg.obj (.sysinit)
                  00011940    000000e0     bios.a67 : mem_init.o67 (.sysinit)
                  00011a20    000000c0              : boot.o67 (.sysinit)
                  00011ae0    00000080              : tsk_init.o67 (.sysinit)
                  00011b60    00000020              : obj_init.o67 (.sysinit)

.rtdx_data 
*          0    00011b80    0000044c     UNINITIALIZED
                  00011b80    00000410     dsp_bios_cfg.obj (.rtdx_data)
                  00011f90    00000020     rtdx.lib : buffer1.o62 (.rtdx_data)
                  00011fb0    0000001c              : rtdx_mon.o62 (.rtdx_data)

.mem       0    00011fcc    00000004     UNINITIALIZED
                  00011fcc    00000004     dsp_bios_cfg.obj (.mem)

.TSK_idle$stk 
*          0    00011fd0    00000400     UNINITIALIZED
                  00011fd0    00000400     dsp_bios_cfg.obj (.TSK_idle$stk)

.stack     0    000123d0    00000400     UNINITIALIZED
                  000123d0    00000400     --HOLE--

.bss       0    000127d0    0000037a     UNINITIALIZED
                  000127d0    00000100     bios.a67 : hwi_disp_asm.o67 (.bss)
                  000128d0    000000cc              : biosdata.o67 (.bss)
                  0001299c    0000009c              : swi.o67 (.bss)
                  00012a38    00000048              : knl.o67 (.bss)
                  00012a80    0000002c     intio.obj (.bss)
                  00012aac    00000028     dsp_bios_cfg.obj (.bss)
                  00012ad4    00000018     bios.a67 : hwi.o67 (.bss)
                  00012aec    00000018     lnkrtdx.a67 : rtdx.o67 (.bss)
                  00012b04    00000010     rtdx.lib : buffer1.o62 (.bss)
                  00012b14    0000000c     bios.a67 : tsk.o67 (.bss)
                  00012b20    00000008              : clk_data.o67 (.bss)
                  00012b28    00000008              : sys.o67 (.bss)
                  00012b30    00000008     dsk6713bslccsv4.lib : dsk6713_aic23_opencodec.obj (.bss)
                  00012b38    00000004     bios.a67 : clk_data2.o67 (.bss)
                  00012b3c    00000004              : gbl_setL2CacheMode.o67 (.bss)
                  00012b40    00000004              : idl_busy.o67 (.bss)
                  00012b44    00000004              : mem_asm.o67 (.bss)
                  00012b48    00000002     dsk6713bslccsv4.lib : dsk6713.obj (.bss)

.trace     0    00012b4c    00000200     
                  00012b4c    00000200     --HOLE-- [fill = 00000000]

.tsk       0    00012d4c    00000060     UNINITIALIZED
                  00012d4c    00000060     dsp_bios_cfg.obj (.tsk)

.gblinit   0    00012dac    00000040     
                  00012dac    00000040     dsp_bios_cfg.obj (.gblinit)

.idlcal    0    00012dec    00000010     UNINITIALIZED
                  00012dec    00000010     dsp_bios_cfg.obj (.idlcal)

.LOG_system$buf 
*          0    00012e00    00000100     UNINITIALIZED
                  00012e00    00000100     dsp_bios_cfg.obj (.LOG_system$buf)

.hst0      0    00012f00    00000100     UNINITIALIZED
                  00012f00    00000100     dsp_bios_cfg.obj (.hst0)

.const     0    00013000    000000f9     
                  00013000    0000004e     bios.a67 : tsk_stup.o67 (.const)
                  0001304e    00000002     --HOLE-- [fill = 0]
                  00013050    00000040     dsk6713bslccsv4.lib : dsk6713_aic23_opencodec.obj (.const)
                  00013090    00000023     bios.a67 : utl_doab.o67 (.const)
                  000130b3    00000022              : utl_doer.o67 (.const)
                  000130d5    00000003     --HOLE-- [fill = 0]
                  000130d8    00000020     dsk6713bslccsv4.lib : dsk6713.obj (.const)
                  000130f8    00000001     bios.a67 : tsk.o67 (.const)

.printf    0    000130f9    0000003f     COPY SECTION
                  000130f9    0000003f     dsp_bios_cfg.obj (.printf)

.pip       0    000130fc    000000c8     UNINITIALIZED
                  000130fc    000000c8     dsp_bios_cfg.obj (.pip)

.hst       0    000131c4    0000003c     UNINITIALIZED
                  000131c4    0000003c     dsp_bios_cfg.obj (.hst)

.sts       0    00013200    00000030     
                  00013200    00000030     dsp_bios_cfg.obj (.sts)

.swi       0    00013230    0000002c     UNINITIALIZED
                  00013230    0000002c     dsp_bios_cfg.obj (.swi)

.switch    0    0001325c    00000028     
                  0001325c    00000028     rtdx.lib : rtdx_mon.o62 (.switch)

.log       0    00013284    00000018     
                  00013284    00000018     dsp_bios_cfg.obj (.log)

.sys       0    0001329c    00000010     UNINITIALIZED
                  0001329c    00000010     dsp_bios_cfg.obj (.sys)

.pinit     0    000132ac    0000000c     
                  000132ac    00000004     rtdx.lib : buffer1.o62 (.pinit)
                  000132b0    00000004              : rtdx_mon.o62 (.pinit)
                  000132b4    00000004     --HOLE-- [fill = 0]

.trcdata   0    000132b8    0000000c     
                  000132b8    0000000c     bios.a67 : trc.o67 (.trcdata)

.clk       0    000132c4    00000008     UNINITIALIZED
                  000132c4    00000008     dsp_bios_cfg.obj (.clk)


GLOBAL SYMBOLS: SORTED ALPHABETICALLY BY Name 

address    name
--------   ----
000127d0   $bss
000127d0   .bss
00000000   .data
0000c3c0   .text
0001181c   BIOS$$CLKOFF
000117dc   BIOS$$CLKON
00011660   BIOS_init
00011884   BIOS_start
00000000   BUF$
00000001   BUF_ENABLED
00000001   CLK$
000132c4   CLK_A_TABBEG
00000001   CLK_CALDIV
00000004   CLK_CALMULT
0000dbba   CLK_COUNTSPMS
00000000   CLK_COUNTSPMSHIGH
000128f8   CLK_D_idletime
000128f4   CLK_D_isrhook
000128f0   CLK_D_tabbeg
000128ec   CLK_D_timefxn
0000bce0   CLK_F_getfhtime
0000bd00   CLK_F_gethtime
0000ade0   CLK_F_getltime
0000bd00   CLK_F_getshtime
0000adf4   CLK_F_isr
0000af54   CLK_F_itime
00009320   CLK_HOOKFXN
00000001   CLK_HTIMEDIV
00000004   CLK_HTIMEMULT
0000dbba   CLK_HTIMEPERLTIME
00004000   CLK_INTBIT
00000001   CLK_LTIMEDIV
00036ee8   CLK_LTIMEMULT
000003e8   CLK_MICROSECS
0000dbba   CLK_PRD
00000000   CLK_PRDHIGH
01940000   CLK_REGS
000128e8   CLK_R_time
00000020   CLK_TCR
00000000   CLK_TDDR
00000000   CLK_TDDRHIGH
0000bd00   CLK_TIMEFXN
00000000   CLK_TIMERNUM
00000001   CLK_USETIMER
000132c8   CLK_null
00000000   DEV$
00000000   DGN$
00000000   DHL$
00000000   DHL_gChannelsAvailable
00000000   DIO$
00000000   DIO_NUMSWIBASE
00000000   DIO_NUMTSKBASE
00000000   DIO_STATIC
00000000   DPI$
0000bda0   FXN_F_nop
0000bda8   FXN_F_run
0000bdf8   FXN_F_zero
00000001   GBL$
00005205   GBL_A_VERSION
00000000   GBL_BIGENDIAN
00000000   GBL_C641XL2PRIORITY
00000000   GBL_CACHE
00000001   GBL_CALLCSLCFGINIT
00004e20   GBL_CLKIN
00001770   GBL_CLKTYPE
00001a39   GBL_DSPSUBTYPE
0000003e   GBL_DSPTYPE
00000001   GBL_ENABLEINST
00000042   GBL_FOOTPRINT
00036ee8   GBL_FREQ
00002226   GBL_L2ALLOC
00000000   GBL_L2CONFIGALLOC
00000001   GBL_L2CONFIGURE
00000001   GBL_L2MARMASK
00000000   GBL_L2MARMASK1
00000000   GBL_L2MARMASK2
00000000   GBL_L2MARMASK3
00000000   GBL_L2MARMASK4
00000000   GBL_L2MARMASK5
00000000   GBL_L2MODE
00000000   GBL_L2PRIORITY
00000000   GBL_NULL
00000000   GBL_PROCID
00000000   GBL_ROM
00000000   GBL_SUPPORTCSL
0000dbef   GBL_TRCMASKVALUE
00000001   GBL_USERINIT
0000e5a8   GBL_USERINITFXN
00000001   GBL_boot
000132c0   GBL_initdone
000123d0   GBL_stackbeg
000127cf   GBL_stackend
00000000   GIO$
0000c300   GIO_CREATEFXN
0000c300   GIO_DELETEFXN
0000c300   GIO_PENDFXN
0000c300   GIO_POSTFXN
00000000   HOOK$
00000000   HOOK_KNLID
00000001   HST$
000131c4   HST_A_TABBEG
00013200   HST_A_TABEND
00000000   HST_DSM
00012ab8   HST_DSMBUFSEG
00000400   HST_DSMMEMSIZE
00012964   HST_D_chanmask
00012968   HST_D_tabbeg
0001296c   HST_D_tabend
000000ff   HST_MAXFRAMEALLOWED
00000040   HST_MAXFRAMESET
00000000   HST_NONE
00000001   HST_RTDX
00000001   HWI$
00000000   HWI_A_VECS
00004018   HWI_CFGDISPATCHED
00012ae4   HWI_D_bss
00012ae8   HWI_D_ccmask
00012ad4   HWI_D_spsave
00009320   HWI_F_dispatch
00000000   HWI_GENERATE_RESET_VEC
0000000a   HWI_INT10
00000000   HWI_INT10$hwi
0000000b   HWI_INT11
00000000   HWI_INT11$hwi
0000000c   HWI_INT12
00000000   HWI_INT12$hwi
0000000d   HWI_INT13
00000000   HWI_INT13$hwi
0000000e   HWI_INT14
00000000   HWI_INT14$hwi
0000000f   HWI_INT15
00000000   HWI_INT15$hwi
00000004   HWI_INT4
00000000   HWI_INT4$hwi
00000005   HWI_INT5
00000000   HWI_INT5$hwi
00000006   HWI_INT6
00000000   HWI_INT6$hwi
00000007   HWI_INT7
00000000   HWI_INT7$hwi
00000008   HWI_INT8
00000000   HWI_INT8$hwi
00000009   HWI_INT9
00000000   HWI_INT9$hwi
082039a3   HWI_INTRMULTHIGH
310718af   HWI_INTRMULTLOW
00000001   HWI_NMI
00000000   HWI_NMI$hwi
00000000   HWI_POLARITYMASK
00000002   HWI_RESERVED0
00000000   HWI_RESERVED0$hwi
00000003   HWI_RESERVED1
00000000   HWI_RESERVED1$hwi
00000000   HWI_RESET
00000000   HWI_RESET$hwi
00000001   HWI_ZEROTAB
00000001   IDL$
00012dec   IDL_A_CALBEG
00011650   IDL_A_TABBEG
00000006   IDL_CALIBRERROR
0000c200   IDL_CALIBRFXN
00012b40   IDL_D_busyObj
000128d8   IDL_D_calbeg
000128d4   IDL_D_calibrate
000128d0   IDL_D_tabbeg
0001165c   IDL_END
00012df8   IDL_END$
0000be20   IDL_F_busy
0000bfa0   IDL_F_calibrate
0000c340   IDL_F_loop
0000c200   IDL_F_stub
00000001   IDL_USECLKIDLTIME
00013224   IDL_busyObj
00013133   IDL_busyObj$avgfmt
00000001   IDL_busyObj$filter
00000001   IDL_busyObj$iA
00000000   IDL_busyObj$iB
00000001   IDL_busyObj$iC
0001312d   IDL_busyObj$maxfmt
00000000   IDL_busyObj$operation
00013220   IDL_busyObj$stsobj
00013130   IDL_busyObj$sumfmt
00000002   IDL_busyObj$unittype
00011650   IDL_cpuLoad
00012dec   IDL_cpuLoad$
00012ab8   IRAM
00000200   IRAM$B
00008000   IRAM$L
00000001   ISRC$
0000ada0   KNL_glue
00013230   KNL_swi
00000001   KNL_swi$dorta
00000000   KNL_swi$ord
00000000   KNL_swi$pri
00013204   KNL_swi$sts
00013109   KNL_swi$sts$avgfmt
00000002   KNL_swi$sts$filter
00000001   KNL_swi$sts$filtmaxmult
00000001   KNL_swi$sts$filtsummult
000130f9   KNL_swi$sts$maxfmt
00013200   KNL_swi$sts$stsobj
00013101   KNL_swi$sts$sumfmt
00000000   KNL_swi$sts$unittype
00000000   KNL_swi$swi
00000001   LCK$
00008200   LNK_F_checkBufferCall
00008280   LNK_F_dataPump
00008220   LNK_F_getChanPtr
00008278   LNK_F_init
000087c4   LNK_F_readCallBack
00011654   LNK_dataPump
00012df0   LNK_dataPump$
00012af0   LNK_dspFrameReadyMask
00012aec   LNK_dspFrameRequestMask
00008520   LNK_newin
00008660   LNK_newout
00008294   LNK_rcloop
00008360   LNK_rdrtry
00012af8   LNK_readDone
00012afc   LNK_readFail
00012af4   LNK_readPend
00008370   LNK_rrloop
00012b00   LNK_writeFail
00008444   LNK_wrloop
00008434   LNK_wrrtry
00000001   LOG$
00013284   LOG_A_TABBEG
0001329c   LOG_A_TABEND
00000001   LOG_A_TABLEN
000128dc   LOG_D_system
00000001   LOG_ENABLED
0000bea0   LOG_F_event
00013284   LOG_system
00012e00   LOG_system$buf
00000000   LOG_system$datatype
00000000   LOG_system$log
00000040   LOG_system$size
00000000   MBX$
00000001   MEM$
00012ab8   MEM_MALLOCSEG
00000000   MEM_NULL
00012ab8   MEM_SEGZERO
00000000   MEM_USEMPC
00000001   MEM_gNumHeap
00000000   MSGQ$
00000000   MSGQ_USEMSGQ
00000000   OBJ$
00000000   PIP$
000130fc   PIP_A_TABBEG
000131c4   PIP_A_TABEND
00000002   PIP_A_TABLEN
000128e0   PIP_D_tabbeg
000128e4   PIP_D_tablen
0000a654   PIP_F_give
0000a654   PIP_F_probe
0000a728   PIP_F_start
0000a5c0   PIP_F_take
00000064   PIP_OBJSIZE
00000000   PIP_gNextId
00000002   PIP_gNumEmbed
00000000   POOL$
00000000   POOL_USEPOOL
00000001   PRD$
00000000   PRD_A_TABBEG
00000000   PRD_A_TABEND
00000000   PRD_A_TABLEN
00012920   PRD_D_cur
00012924   PRD_D_elapsed
00012928   PRD_D_prevtim
0001292c   PRD_D_scalar
00012930   PRD_D_swihandle
00012934   PRD_D_tabbeg
00012938   PRD_D_tablen
0001293c   PRD_D_thook
0001291c   PRD_D_tick
00009780   PRD_F_swi
00009a40   PRD_F_tick
00004000   PRD_SCALAR
00000000   PRD_SWIHANDLE
0000a5a0   PRD_THOOKFXN
000132c4   PRD_clock
00000001   QUE$
00012940   RTA_D_fromHost
00012948   RTA_D_logval
00012958   RTA_D_stsval
00012944   RTA_D_toHost
0000c240   RTA_F_andn
00009ed8   RTA_F_dispatch
00009de0   RTA_F_getlog
00009e24   RTA_F_getsts
0000c260   RTA_F_or
00009e6c   RTA_F_readblk
00009e98   RTA_F_resetmem
00009e8c   RTA_F_writeword
00011658   RTA_dispatcher
00012df4   RTA_dispatcher$
00009f28   RTA_execute
000131c8   RTA_fromHost
000101ec   RTA_fromHost$buf
00000004   RTA_fromHost$framesize
00000000   RTA_fromHost$hst
00000001   RTA_fromHost$id
00000000   RTA_fromHost$mode
000130fc   RTA_fromHost$pipe
0001312c   RTA_fromHost$pipe$aaa
0001315c   RTA_fromHost$pipe$bbb
00012abc   RTA_fromHost$pipe$dtab
00013100   RTA_fromHost$pipe$rd
00013130   RTA_fromHost$pipe$wr
000131d0   RTA_fromHost$rtdx
000131e4   RTA_toHost
00012f00   RTA_toHost$buf
00000040   RTA_toHost$framesize
00000000   RTA_toHost$hst
00000000   RTA_toHost$id
00000001   RTA_toHost$mode
00013160   RTA_toHost$pipe
00013190   RTA_toHost$pipe$aaa
000131c0   RTA_toHost$pipe$bbb
00012ac8   RTA_toHost$pipe$dtab
00013164   RTA_toHost$pipe$rd
00013194   RTA_toHost$pipe$wr
000131ec   RTA_toHost$rtdx
00000001   RTDX$
00000408   RTDX_BUFMEMSIZE
00012ab8   RTDX_DATAMEMSEG
00000000   RTDX_MODE
00000001   RTDX_NORMALIZED_HDR
00000001   RTDX_USERTDX
00000000   RTDX_USERTEXECUTION
ffffffff   SDRAM
00000000   SEM$
00000000   SIO$
00000001   STS$
00013200   STS_A_TABBEG
00013230   STS_A_TABEND
0000bf58   STS_F_add
0000bf20   STS_F_delta
0000bf84   STS_F_reset
00000001   SWI$
00013230   SWI_A_TABBEG
0001325c   SWI_A_TABEND
00000001   SWI_A_TABLEN
000129b4   SWI_D_curfxn
000129a4   SWI_D_curmask
000129b0   SWI_D_curmbox
000129a8   SWI_D_curset
000129a0   SWI_D_execaddr
000129bc   SWI_D_inswi
000129ac   SWI_D_lock
000129b8   SWI_D_rdybeg
000129c0   SWI_D_rdytab
0001299c   SWI_D_runaddr
00000000   SWI_EHOOKFXN
00008ffc   SWI_EXECFXN
00008de0   SWI_F_enable
00008ffc   SWI_F_exec
00009028   SWI_F_iexec
00008e50   SWI_F_post
000090b8   SWI_F_run
00000000   SWI_IHOOKFXN
000090b8   SWI_RUNFXN
00000001   SYS$
0001329c   SYS$config
0000c280   SYS_ABORTFXN
0000c380   SYS_ERRORFXN
0000c3a0   SYS_EXITFXN
0000c140   SYS_PUTCFXN
000132bc   TRC_R_mask
000132b8   TRC_cinit
00000001   TSK$
00000000   TSK_NUM_HOOKS
00000001   TSK_PRIORITY
00000000   TSK_READYFXN
00000000   TSK_STACKSEG
00000400   TSK_STACKSIZE
00000000   TSK_SWITCHFXN
0000c300   TSK_VCREATEFXN
0000c300   TSK_VDELETEFXN
0000c300   TSK_VEXITFXN
00012d58   TSK_idle
00000000   TSK_idle$ord
00000000   TSK_idle$pri
00011fd0   TSK_idle$stack
00012368   TSK_idle$stkptr
00013214   TSK_idle$sts
00013123   TSK_idle$sts$avgfmt
00000002   TSK_idle$sts$filter
00000001   TSK_idle$sts$filtmaxmult
00000001   TSK_idle$sts$filtsummult
00013113   TSK_idle$sts$maxfmt
00013210   TSK_idle$sts$stsobj
0001311b   TSK_idle$sts$sumfmt
00000000   TSK_idle$sts$unittype
00000000   TSK_idle$tsk
00000000   UDEV$
00011660   _BIOS_init
00011884   _BIOS_start
0000dbba   _CLK_COUNTSPMS
00012b20   _CLK_DFLTMICROSECS
00012918   _CLK_D_countspms
0001290c   _CLK_D_dirty
00012b24   _CLK_D_microseconds
00012910   _CLK_D_prd
00012914   _CLK_D_tddr
0000af54   _CLK_F_itime
0000dbba   _CLK_PRD
01940000   _CLK_REGS
00000000   _CLK_TDDR
00000000   _CLK_TIMERNUM
00000001   _CLK_USETIMER
000128fc   _CLK_htimeDiv
00012900   _CLK_htimeMult
00012b38   _CLK_htimePerLtime
0000af54   _CLK_itime
00012904   _CLK_ltimeDiv
00012908   _CLK_ltimeMult
0000b900   _CLK_measure
0000c1a0   _CLK_start
0000c2c0   _CLK_stop
00011428   _Config
00012b30   _DSK6713_AIC23_codeccontrolhandle
00012b34   _DSK6713_AIC23_codecdatahandle
0000e7ec   _DSK6713_AIC23_config
0000dd00   _DSK6713_AIC23_openCodec
0000e7c8   _DSK6713_AIC23_rget
0000e700   _DSK6713_AIC23_rset
0000d680   _DSK6713_getVersion
0000d6d0   _DSK6713_init
0000d5ec   _DSK6713_rget
0000d5d8   _DSK6713_rset
00012b48   _DSK6713_version
0000d500   _DSK6713_wait
0000d5a4   _DSK6713_waitusec
0000c300   _FXN_F_nop
0000bda8   _FXN_F_run
0000bdf8   _FXN_F_zero
00000000   _GBL_CACHE
00012974   _GBL_clkIn
0000b580   _GBL_cslCacheInit
00012978   _GBL_freq
0000c320   _GBL_getVersion
00012970   _GBL_procId
0000e5a8   _GBL_setPLLto225MHz
000131c4   _HST_A_TABBEG
00013200   _HST_A_TABEND
00004018   _HWI_CFGDISPATCHED
00012ae0   _HWI_D_inhwi
00012ad4   _HWI_D_spsave
00009320   _HWI_F_dispatch
0000000a   _HWI_INT10
0000000b   _HWI_INT11
0000000c   _HWI_INT12
0000000d   _HWI_INT13
0000000e   _HWI_INT14
0000000f   _HWI_INT15
00000004   _HWI_INT4
00000005   _HWI_INT5
00000006   _HWI_INT6
00000007   _HWI_INT7
00000008   _HWI_INT8
00000009   _HWI_INT9
00000001   _HWI_NMI
00000002   _HWI_RESERVED0
00000003   _HWI_RESERVED1
00000000   _HWI_RESET
000127c8   _HWI_STKBOTTOM
000123d0   _HWI_STKTOP
00012ad4   _HWI_data
0000c020   _HWI_disable
000127d0   _HWI_dispatchTab
0000c038   _HWI_enable
0000c04c   _HWI_restore
00012aa8   _H_Codec
00013224   _IDL_busyObj
00011650   _IDL_cpuLoad
0000c340   _IDL_loop
0000d294   _IIR_2_circ
0000d184   _IIR_2_noncirc
0000d0a8   _IIR_2_trans
00012ab8   _IRAM
00000200   _IRAM_base
00008000   _IRAM_length
0000e220   _IRQ_map
0000cfc8   _ISR_AIC
00012a40   _KNL_alarm
0000b440   _KNL_check
00012a64   _KNL_curqueue
00012a54   _KNL_curtask
00012a5c   _KNL_curtime
000113bc   _KNL_dummy
0000b6b4   _KNL_enter
0000b660   _KNL_exit
0000b518   _KNL_idle
00012a7c   _KNL_idlefxn
00012a48   _KNL_inactive
0000b9e0   _KNL_ipost
0000b53c   _KNL_max
00012a68   _KNL_maxqueue
0000baa0   _KNL_post
00012a58   _KNL_prevtask
00012a4c   _KNL_priority
0001131c   _KNL_queues
00009b20   _KNL_run
0000ac20   _KNL_saveIsrFrame
00012a50   _KNL_set
00012a44   _KNL_setpri
00013230   _KNL_swi
00012a60   _KNL_swiptr
0000acec   _KNL_switch
00012a70   _KNL_tcreatefxn
00012a74   _KNL_tdeletefxn
0000a5a0   _KNL_tick
00012a78   _KNL_treadyfxn
00012a6c   _KNL_tswitchfxn
00012a38   _KNL_wFlag
00012a3c   _KNL_wList
0000bb90   _LCK_pend
0000bb60   _LCK_post
00011654   _LNK_dataPump
00012af0   _LNK_dspFrameReadyMask
00012aec   _LNK_dspFrameRequestMask
00012af8   _LNK_readDone
00012afc   _LNK_readFail
00012af4   _LNK_readPend
00012b00   _LNK_writeFail
00013284   _LOG_A_TABBEG
0001329c   _LOG_A_TABEND
00000001   _LOG_A_TABLEN
000128dc   _LOG_D_system
0000bea0   _LOG_event
00013284   _LOG_system
0000eae0   _MCBSP_open
0000e3e0   _MCBSP_reset
0000ebe0   _MCBSP_start
00012b44   _MEM
0001297c   _MEM_D_NUMSEGMENTS
00012984   _MEM_D_freelist
00012988   _MEM_D_lockaddr
00012980   _MEM_D_memtab
0001298c   _MEM_D_unlockaddr
00011940   _MEM_init
00012aac   _MEM_memtab
00011b60   _OBJ_init
0001152c   _OBJ_segtab
000114f4   _OBJ_table
000130fc   _PIP_A_TABBEG
000131c4   _PIP_A_TABEND
0001291c   _PRD_D_tick
000132c4   _PRD_clock
00011658   _RTA_dispatcher
000131c8   _RTA_fromHost
000131e4   _RTA_toHost
00011b80   _RTDX_Buffer
00011f8c   _RTDX_Buffer_End
00010ee0   _RTDX_Buffer_Initialize
00011020   _RTDX_Buffer_Read
00010f40   _RTDX_Buffer_ReadCB
00010fa0   _RTDX_Buffer_Size
00011f88   _RTDX_Buffer_Start
00011040   _RTDX_Buffer_Write
00010600   _RTDX_Buffer_WriteCB
00010fe0   _RTDX_Final_RT_Monitor
00010e60   _RTDX_Init_RT_Monitor
00000002   _RTDX_JTAGONLY
00011080   _RTDX_Mask_IER
00010c40   _RTDX_Mon_Queue
00010200   _RTDX_Poll
00000000   _RTDX_interrupt_mask
00011f9c   _RTDX_writing
ffffffff   _SDRAM
0000c080   _SEM_pend
0000a0a0   _SEM_pendEnterKnl
0000b820   _SEM_post
0000b820   _SEM_postBinary
0000b740   _SEM_postEnterKnl
00013200   _STS_A_TABBEG
00013230   _STS_A_TABEND
0000bf58   _STS_add
0000bf20   _STS_delta
0000bf84   _STS_reset
0000c360   _STS_set
000129b4   _SWI_D_curfxn
000129a4   _SWI_D_curmask
000129a8   _SWI_D_curset
000129a0   _SWI_D_execaddr
000129bc   _SWI_D_inswi
000129ac   _SWI_D_lock
000129b8   _SWI_D_rdybeg
0001299c   _SWI_D_runaddr
0001299c   _SWI_data
00008e50   _SWI_post
00012990   _SYS
00012b4c   _SYS_PUTCBEG
00012d4b   _SYS_PUTCEND
0000c0e0   _SYS_abort
0000bc20   _SYS_exit
000115f8   _SYS_exitStack
00012b28   _SYS_exitStackPtr
00012b2c   _SYS_exitStackTop
000132bc   _TRC_R_mask
00012b1c   _TSK
00011498   _TSK_ATTRS
000114b4   _TSK_config
0000afa0   _TSK_exit
00012d58   _TSK_idle
00011ae0   _TSK_init
00012b14   _TSK_nTasks
00012b18   _TSK_pid
0000aa20   _TSK_setup
0000b380   _TSK_startup
000114d4   _TSK_timerSem
0000c280   _UTL_doAbort
0000c380   _UTL_doError
0000c140   _UTL_doPutc
0000c3a0   _UTL_halt
0000af70   __CLK_lat1beg
0000af9c   __CLK_lat1end
00008c34   __GBL_setL2CacheMode
00012998   __HOOK_NUMHOOKS
00012994   __HOOK_knlId
00009320   __HWI_lat1beg
000094a0   __HWI_lat1end
000094a0   __HWI_lat2beg
00009640   __HWI_lat2end1
000095cc   __HWI_lat2end2
00009660   __HWI_lat3beg
00009760   __HWI_lat3end1
000095fc   __HWI_lat3end2
0000be20   __IDL_lat1beg
0000be70   __IDL_lat1end
00011314   __IRQ_dispatchTable
00011250   __IRQ_eventTable
0000f1a0   __IRQ_hookFetchPacket
000112d4   __IRQ_intTable
0000b490   __KNL_lat1beg
0000b518   __KNL_lat1end
0000bea0   __LOG_lat1beg
000115c8   __MCBSP_hDev0
000115cc   __MCBSP_hDev1
00011570   __MEM_mutex
00009e98   __RTA_lat1beg
00009ed0   __RTA_lat1end
0000a800   __SEM_dopost
00000400   __STACK_SIZE
00008f8c   __SWI_lat1beg
00009040   __SWI_lat1end
00009044   __SWI_lat2beg
000090b4   __SWI_lat2end
00008de0   __SWI_lat3beg
00008e4c   __SWI_lat3end
00011548   __TSK_mutex
0001163c   ___TI_enable_exit_profile_output
ffffffff   ___TI_pprof_out_hndl
ffffffff   ___TI_prof_data_size
ffffffff   ___TI_prof_data_start
0000f0c0   ___add_dtor
000110a0   ___atexit_func_id__
ffffffff   ___binit__
000127d0   ___bss__
ffffffff   ___c_args__
0000f1c0   ___cinit__
00000000   ___data__
00000000   ___edata__
00012b4a   ___end__
0000f1c0   ___etext__
000132ac   ___pinit__
0000c3c0   ___text__
0000b140   __auto_init
00011634   __cleanup_ptr
0000c3c0   __divd
00011638   __dtors_ptr
0000d980   __frcmpyd_div
00011640   __lock
0000ef80   __mpyll
0000f140   __nop
0000f160   __register_lock
0000f180   __register_unlock
000123d0   __stack
0000e880   __strasgi
00011644   __unlock
000113f8   _a
0000ece0   _atexit
00011410   _b
00011a20   _c_int00
0000e9c0   _call_dtors
00011480   _d
000113f4   _dtors
00012a90   _i
00012a94   _index
0000cdfc   _init_HWI
0000ccc0   _init_hardware
0000cf18   _low_pass_IIR
0000ce88   _main
0000dfe0   _memcpy
0000ee5c   _mono_read_16Bit
0000ee34   _mono_write_16Bit
00012a88   _output
00012b0c   _rtdxNullChanCnt
00012b10   _rtdxNullFuncCnt
00011f90   _rtdx_buffer_state
00011fb0   _rtdx_mon_state
00012a80   _sample
0000ee08   _stereo_read_16Bit
0000ede0   _stereo_write_16Bit
0000e580   _wait500nS
00011450   _x
00012a98   _x_1
00011468   _y
00012aa0   _y_1
ffffffff   binit
0000f1c0   cinit
00000000   edata
00012b4a   end
0000f1c0   etext
00000000   hwi0
00000020   hwi1
00000140   hwi10
00000160   hwi11
00000180   hwi12
000001a0   hwi13
000001c0   hwi14
000001e0   hwi15
00000040   hwi2
00000060   hwi3
00000080   hwi4
000000a0   hwi5
000000c0   hwi6
000000e0   hwi7
00000100   hwi8
00000120   hwi9
000132ac   pinit


GLOBAL SYMBOLS: SORTED BY Symbol Address 

address    name
--------   ----
00000000   .data
00000000   BUF$
00000000   CLK_COUNTSPMSHIGH
00000000   CLK_PRDHIGH
00000000   CLK_TDDR
00000000   CLK_TDDRHIGH
00000000   CLK_TIMERNUM
00000000   DEV$
00000000   DGN$
00000000   DHL$
00000000   DHL_gChannelsAvailable
00000000   DIO$
00000000   DIO_NUMSWIBASE
00000000   DIO_NUMTSKBASE
00000000   DIO_STATIC
00000000   DPI$
00000000   GBL_BIGENDIAN
00000000   GBL_C641XL2PRIORITY
00000000   GBL_CACHE
00000000   GBL_L2CONFIGALLOC
00000000   GBL_L2MARMASK1
00000000   GBL_L2MARMASK2
00000000   GBL_L2MARMASK3
00000000   GBL_L2MARMASK4
00000000   GBL_L2MARMASK5
00000000   GBL_L2MODE
00000000   GBL_L2PRIORITY
00000000   GBL_NULL
00000000   GBL_PROCID
00000000   GBL_ROM
00000000   GBL_SUPPORTCSL
00000000   GIO$
00000000   HOOK$
00000000   HOOK_KNLID
00000000   HST_DSM
00000000   HST_NONE
00000000   HWI_A_VECS
00000000   HWI_GENERATE_RESET_VEC
00000000   HWI_INT10$hwi
00000000   HWI_INT11$hwi
00000000   HWI_INT12$hwi
00000000   HWI_INT13$hwi
00000000   HWI_INT14$hwi
00000000   HWI_INT15$hwi
00000000   HWI_INT4$hwi
00000000   HWI_INT5$hwi
00000000   HWI_INT6$hwi
00000000   HWI_INT7$hwi
00000000   HWI_INT8$hwi
00000000   HWI_INT9$hwi
00000000   HWI_NMI$hwi
00000000   HWI_POLARITYMASK
00000000   HWI_RESERVED0$hwi
00000000   HWI_RESERVED1$hwi
00000000   HWI_RESET
00000000   HWI_RESET$hwi
00000000   IDL_busyObj$iB
00000000   IDL_busyObj$operation
00000000   KNL_swi$ord
00000000   KNL_swi$pri
00000000   KNL_swi$sts$unittype
00000000   KNL_swi$swi
00000000   LOG_system$datatype
00000000   LOG_system$log
00000000   MBX$
00000000   MEM_NULL
00000000   MEM_USEMPC
00000000   MSGQ$
00000000   MSGQ_USEMSGQ
00000000   OBJ$
00000000   PIP$
00000000   PIP_gNextId
00000000   POOL$
00000000   POOL_USEPOOL
00000000   PRD_A_TABBEG
00000000   PRD_A_TABEND
00000000   PRD_A_TABLEN
00000000   PRD_SWIHANDLE
00000000   RTA_fromHost$hst
00000000   RTA_fromHost$mode
00000000   RTA_toHost$hst
00000000   RTA_toHost$id
00000000   RTDX_MODE
00000000   RTDX_USERTEXECUTION
00000000   SEM$
00000000   SIO$
00000000   SWI_EHOOKFXN
00000000   SWI_IHOOKFXN
00000000   TSK_NUM_HOOKS
00000000   TSK_READYFXN
00000000   TSK_STACKSEG
00000000   TSK_SWITCHFXN
00000000   TSK_idle$ord
00000000   TSK_idle$pri
00000000   TSK_idle$sts$unittype
00000000   TSK_idle$tsk
00000000   UDEV$
00000000   _CLK_TDDR
00000000   _CLK_TIMERNUM
00000000   _GBL_CACHE
00000000   _HWI_RESET
00000000   _RTDX_interrupt_mask
00000000   ___data__
00000000   ___edata__
00000000   edata
00000000   hwi0
00000001   BUF_ENABLED
00000001   CLK$
00000001   CLK_CALDIV
00000001   CLK_HTIMEDIV
00000001   CLK_LTIMEDIV
00000001   CLK_USETIMER
00000001   GBL$
00000001   GBL_CALLCSLCFGINIT
00000001   GBL_ENABLEINST
00000001   GBL_L2CONFIGURE
00000001   GBL_L2MARMASK
00000001   GBL_USERINIT
00000001   GBL_boot
00000001   HST$
00000001   HST_RTDX
00000001   HWI$
00000001   HWI_NMI
00000001   HWI_ZEROTAB
00000001   IDL$
00000001   IDL_USECLKIDLTIME
00000001   IDL_busyObj$filter
00000001   IDL_busyObj$iA
00000001   IDL_busyObj$iC
00000001   ISRC$
00000001   KNL_swi$dorta
00000001   KNL_swi$sts$filtmaxmult
00000001   KNL_swi$sts$filtsummult
00000001   LCK$
00000001   LOG$
00000001   LOG_A_TABLEN
00000001   LOG_ENABLED
00000001   MEM$
00000001   MEM_gNumHeap
00000001   PRD$
00000001   QUE$
00000001   RTA_fromHost$id
00000001   RTA_toHost$mode
00000001   RTDX$
00000001   RTDX_NORMALIZED_HDR
00000001   RTDX_USERTDX
00000001   STS$
00000001   SWI$
00000001   SWI_A_TABLEN
00000001   SYS$
00000001   TSK$
00000001   TSK_PRIORITY
00000001   TSK_idle$sts$filtmaxmult
00000001   TSK_idle$sts$filtsummult
00000001   _CLK_USETIMER
00000001   _HWI_NMI
00000001   _LOG_A_TABLEN
00000002   HWI_RESERVED0
00000002   IDL_busyObj$unittype
00000002   KNL_swi$sts$filter
00000002   PIP_A_TABLEN
00000002   PIP_gNumEmbed
00000002   TSK_idle$sts$filter
00000002   _HWI_RESERVED0
00000002   _RTDX_JTAGONLY
00000003   HWI_RESERVED1
00000003   _HWI_RESERVED1
00000004   CLK_CALMULT
00000004   CLK_HTIMEMULT
00000004   HWI_INT4
00000004   RTA_fromHost$framesize
00000004   _HWI_INT4
00000005   HWI_INT5
00000005   _HWI_INT5
00000006   HWI_INT6
00000006   IDL_CALIBRERROR
00000006   _HWI_INT6
00000007   HWI_INT7
00000007   _HWI_INT7
00000008   HWI_INT8
00000008   _HWI_INT8
00000009   HWI_INT9
00000009   _HWI_INT9
0000000a   HWI_INT10
0000000a   _HWI_INT10
0000000b   HWI_INT11
0000000b   _HWI_INT11
0000000c   HWI_INT12
0000000c   _HWI_INT12
0000000d   HWI_INT13
0000000d   _HWI_INT13
0000000e   HWI_INT14
0000000e   _HWI_INT14
0000000f   HWI_INT15
0000000f   _HWI_INT15
00000020   CLK_TCR
00000020   hwi1
0000003e   GBL_DSPTYPE
00000040   HST_MAXFRAMESET
00000040   LOG_system$size
00000040   RTA_toHost$framesize
00000040   hwi2
00000042   GBL_FOOTPRINT
00000060   hwi3
00000064   PIP_OBJSIZE
00000080   hwi4
000000a0   hwi5
000000c0   hwi6
000000e0   hwi7
000000ff   HST_MAXFRAMEALLOWED
00000100   hwi8
00000120   hwi9
00000140   hwi10
00000160   hwi11
00000180   hwi12
000001a0   hwi13
000001c0   hwi14
000001e0   hwi15
00000200   IRAM$B
00000200   _IRAM_base
000003e8   CLK_MICROSECS
00000400   HST_DSMMEMSIZE
00000400   TSK_STACKSIZE
00000400   __STACK_SIZE
00000408   RTDX_BUFMEMSIZE
00001770   GBL_CLKTYPE
00001a39   GBL_DSPSUBTYPE
00002226   GBL_L2ALLOC
00004000   CLK_INTBIT
00004000   PRD_SCALAR
00004018   HWI_CFGDISPATCHED
00004018   _HWI_CFGDISPATCHED
00004e20   GBL_CLKIN
00005205   GBL_A_VERSION
00008000   IRAM$L
00008000   _IRAM_length
00008200   LNK_F_checkBufferCall
00008220   LNK_F_getChanPtr
00008278   LNK_F_init
00008280   LNK_F_dataPump
00008294   LNK_rcloop
00008360   LNK_rdrtry
00008370   LNK_rrloop
00008434   LNK_wrrtry
00008444   LNK_wrloop
00008520   LNK_newin
00008660   LNK_newout
000087c4   LNK_F_readCallBack
00008c34   __GBL_setL2CacheMode
00008de0   SWI_F_enable
00008de0   __SWI_lat3beg
00008e4c   __SWI_lat3end
00008e50   SWI_F_post
00008e50   _SWI_post
00008f8c   __SWI_lat1beg
00008ffc   SWI_EXECFXN
00008ffc   SWI_F_exec
00009028   SWI_F_iexec
00009040   __SWI_lat1end
00009044   __SWI_lat2beg
000090b4   __SWI_lat2end
000090b8   SWI_F_run
000090b8   SWI_RUNFXN
00009320   CLK_HOOKFXN
00009320   HWI_F_dispatch
00009320   _HWI_F_dispatch
00009320   __HWI_lat1beg
000094a0   __HWI_lat1end
000094a0   __HWI_lat2beg
000095cc   __HWI_lat2end2
000095fc   __HWI_lat3end2
00009640   __HWI_lat2end1
00009660   __HWI_lat3beg
00009760   __HWI_lat3end1
00009780   PRD_F_swi
00009a40   PRD_F_tick
00009b20   _KNL_run
00009de0   RTA_F_getlog
00009e24   RTA_F_getsts
00009e6c   RTA_F_readblk
00009e8c   RTA_F_writeword
00009e98   RTA_F_resetmem
00009e98   __RTA_lat1beg
00009ed0   __RTA_lat1end
00009ed8   RTA_F_dispatch
00009f28   RTA_execute
0000a0a0   _SEM_pendEnterKnl
0000a5a0   PRD_THOOKFXN
0000a5a0   _KNL_tick
0000a5c0   PIP_F_take
0000a654   PIP_F_give
0000a654   PIP_F_probe
0000a728   PIP_F_start
0000a800   __SEM_dopost
0000aa20   _TSK_setup
0000ac20   _KNL_saveIsrFrame
0000acec   _KNL_switch
0000ada0   KNL_glue
0000ade0   CLK_F_getltime
0000adf4   CLK_F_isr
0000af54   CLK_F_itime
0000af54   _CLK_F_itime
0000af54   _CLK_itime
0000af70   __CLK_lat1beg
0000af9c   __CLK_lat1end
0000afa0   _TSK_exit
0000b140   __auto_init
0000b380   _TSK_startup
0000b440   _KNL_check
0000b490   __KNL_lat1beg
0000b518   _KNL_idle
0000b518   __KNL_lat1end
0000b53c   _KNL_max
0000b580   _GBL_cslCacheInit
0000b660   _KNL_exit
0000b6b4   _KNL_enter
0000b740   _SEM_postEnterKnl
0000b820   _SEM_post
0000b820   _SEM_postBinary
0000b900   _CLK_measure
0000b9e0   _KNL_ipost
0000baa0   _KNL_post
0000bb60   _LCK_post
0000bb90   _LCK_pend
0000bc20   _SYS_exit
0000bce0   CLK_F_getfhtime
0000bd00   CLK_F_gethtime
0000bd00   CLK_F_getshtime
0000bd00   CLK_TIMEFXN
0000bda0   FXN_F_nop
0000bda8   FXN_F_run
0000bda8   _FXN_F_run
0000bdf8   FXN_F_zero
0000bdf8   _FXN_F_zero
0000be20   IDL_F_busy
0000be20   __IDL_lat1beg
0000be70   __IDL_lat1end
0000bea0   LOG_F_event
0000bea0   _LOG_event
0000bea0   __LOG_lat1beg
0000bf20   STS_F_delta
0000bf20   _STS_delta
0000bf58   STS_F_add
0000bf58   _STS_add
0000bf84   STS_F_reset
0000bf84   _STS_reset
0000bfa0   IDL_F_calibrate
0000c020   _HWI_disable
0000c038   _HWI_enable
0000c04c   _HWI_restore
0000c080   _SEM_pend
0000c0e0   _SYS_abort
0000c140   SYS_PUTCFXN
0000c140   _UTL_doPutc
0000c1a0   _CLK_start
0000c200   IDL_CALIBRFXN
0000c200   IDL_F_stub
0000c240   RTA_F_andn
0000c260   RTA_F_or
0000c280   SYS_ABORTFXN
0000c280   _UTL_doAbort
0000c2c0   _CLK_stop
0000c300   GIO_CREATEFXN
0000c300   GIO_DELETEFXN
0000c300   GIO_PENDFXN
0000c300   GIO_POSTFXN
0000c300   TSK_VCREATEFXN
0000c300   TSK_VDELETEFXN
0000c300   TSK_VEXITFXN
0000c300   _FXN_F_nop
0000c320   _GBL_getVersion
0000c340   IDL_F_loop
0000c340   _IDL_loop
0000c360   _STS_set
0000c380   SYS_ERRORFXN
0000c380   _UTL_doError
0000c3a0   SYS_EXITFXN
0000c3a0   _UTL_halt
0000c3c0   .text
0000c3c0   ___text__
0000c3c0   __divd
0000ccc0   _init_hardware
0000cdfc   _init_HWI
0000ce88   _main
0000cf18   _low_pass_IIR
0000cfc8   _ISR_AIC
0000d0a8   _IIR_2_trans
0000d184   _IIR_2_noncirc
0000d294   _IIR_2_circ
0000d500   _DSK6713_wait
0000d5a4   _DSK6713_waitusec
0000d5d8   _DSK6713_rset
0000d5ec   _DSK6713_rget
0000d680   _DSK6713_getVersion
0000d6d0   _DSK6713_init
0000d980   __frcmpyd_div
0000dbba   CLK_COUNTSPMS
0000dbba   CLK_HTIMEPERLTIME
0000dbba   CLK_PRD
0000dbba   _CLK_COUNTSPMS
0000dbba   _CLK_PRD
0000dbef   GBL_TRCMASKVALUE
0000dd00   _DSK6713_AIC23_openCodec
0000dfe0   _memcpy
0000e220   _IRQ_map
0000e3e0   _MCBSP_reset
0000e580   _wait500nS
0000e5a8   GBL_USERINITFXN
0000e5a8   _GBL_setPLLto225MHz
0000e700   _DSK6713_AIC23_rset
0000e7c8   _DSK6713_AIC23_rget
0000e7ec   _DSK6713_AIC23_config
0000e880   __strasgi
0000e9c0   _call_dtors
0000eae0   _MCBSP_open
0000ebe0   _MCBSP_start
0000ece0   _atexit
0000ede0   _stereo_write_16Bit
0000ee08   _stereo_read_16Bit
0000ee34   _mono_write_16Bit
0000ee5c   _mono_read_16Bit
0000ef80   __mpyll
0000f0c0   ___add_dtor
0000f140   __nop
0000f160   __register_lock
0000f180   __register_unlock
0000f1a0   __IRQ_hookFetchPacket
0000f1c0   ___cinit__
0000f1c0   ___etext__
0000f1c0   cinit
0000f1c0   etext
000101ec   RTA_fromHost$buf
00010200   _RTDX_Poll
00010600   _RTDX_Buffer_WriteCB
00010c40   _RTDX_Mon_Queue
00010e60   _RTDX_Init_RT_Monitor
00010ee0   _RTDX_Buffer_Initialize
00010f40   _RTDX_Buffer_ReadCB
00010fa0   _RTDX_Buffer_Size
00010fe0   _RTDX_Final_RT_Monitor
00011020   _RTDX_Buffer_Read
00011040   _RTDX_Buffer_Write
00011080   _RTDX_Mask_IER
000110a0   ___atexit_func_id__
00011250   __IRQ_eventTable
000112d4   __IRQ_intTable
00011314   __IRQ_dispatchTable
0001131c   _KNL_queues
000113bc   _KNL_dummy
000113f4   _dtors
000113f8   _a
00011410   _b
00011428   _Config
00011450   _x
00011468   _y
00011480   _d
00011498   _TSK_ATTRS
000114b4   _TSK_config
000114d4   _TSK_timerSem
000114f4   _OBJ_table
0001152c   _OBJ_segtab
00011548   __TSK_mutex
00011570   __MEM_mutex
000115c8   __MCBSP_hDev0
000115cc   __MCBSP_hDev1
000115f8   _SYS_exitStack
00011634   __cleanup_ptr
00011638   __dtors_ptr
0001163c   ___TI_enable_exit_profile_output
00011640   __lock
00011644   __unlock
00011650   IDL_A_TABBEG
00011650   IDL_cpuLoad
00011650   _IDL_cpuLoad
00011654   LNK_dataPump
00011654   _LNK_dataPump
00011658   RTA_dispatcher
00011658   _RTA_dispatcher
0001165c   IDL_END
00011660   BIOS_init
00011660   _BIOS_init
000117dc   BIOS$$CLKON
0001181c   BIOS$$CLKOFF
00011884   BIOS_start
00011884   _BIOS_start
00011940   _MEM_init
00011a20   _c_int00
00011ae0   _TSK_init
00011b60   _OBJ_init
00011b80   _RTDX_Buffer
00011f88   _RTDX_Buffer_Start
00011f8c   _RTDX_Buffer_End
00011f90   _rtdx_buffer_state
00011f9c   _RTDX_writing
00011fb0   _rtdx_mon_state
00011fd0   TSK_idle$stack
00012368   TSK_idle$stkptr
000123d0   GBL_stackbeg
000123d0   _HWI_STKTOP
000123d0   __stack
000127c8   _HWI_STKBOTTOM
000127cf   GBL_stackend
000127d0   $bss
000127d0   .bss
000127d0   _HWI_dispatchTab
000127d0   ___bss__
000128d0   IDL_D_tabbeg
000128d4   IDL_D_calibrate
000128d8   IDL_D_calbeg
000128dc   LOG_D_system
000128dc   _LOG_D_system
000128e0   PIP_D_tabbeg
000128e4   PIP_D_tablen
000128e8   CLK_R_time
000128ec   CLK_D_timefxn
000128f0   CLK_D_tabbeg
000128f4   CLK_D_isrhook
000128f8   CLK_D_idletime
000128fc   _CLK_htimeDiv
00012900   _CLK_htimeMult
00012904   _CLK_ltimeDiv
00012908   _CLK_ltimeMult
0001290c   _CLK_D_dirty
00012910   _CLK_D_prd
00012914   _CLK_D_tddr
00012918   _CLK_D_countspms
0001291c   PRD_D_tick
0001291c   _PRD_D_tick
00012920   PRD_D_cur
00012924   PRD_D_elapsed
00012928   PRD_D_prevtim
0001292c   PRD_D_scalar
00012930   PRD_D_swihandle
00012934   PRD_D_tabbeg
00012938   PRD_D_tablen
0001293c   PRD_D_thook
00012940   RTA_D_fromHost
00012944   RTA_D_toHost
00012948   RTA_D_logval
00012958   RTA_D_stsval
00012964   HST_D_chanmask
00012968   HST_D_tabbeg
0001296c   HST_D_tabend
00012970   _GBL_procId
00012974   _GBL_clkIn
00012978   _GBL_freq
0001297c   _MEM_D_NUMSEGMENTS
00012980   _MEM_D_memtab
00012984   _MEM_D_freelist
00012988   _MEM_D_lockaddr
0001298c   _MEM_D_unlockaddr
00012990   _SYS
00012994   __HOOK_knlId
00012998   __HOOK_NUMHOOKS
0001299c   SWI_D_runaddr
0001299c   _SWI_D_runaddr
0001299c   _SWI_data
000129a0   SWI_D_execaddr
000129a0   _SWI_D_execaddr
000129a4   SWI_D_curmask
000129a4   _SWI_D_curmask
000129a8   SWI_D_curset
000129a8   _SWI_D_curset
000129ac   SWI_D_lock
000129ac   _SWI_D_lock
000129b0   SWI_D_curmbox
000129b4   SWI_D_curfxn
000129b4   _SWI_D_curfxn
000129b8   SWI_D_rdybeg
000129b8   _SWI_D_rdybeg
000129bc   SWI_D_inswi
000129bc   _SWI_D_inswi
000129c0   SWI_D_rdytab
00012a38   _KNL_wFlag
00012a3c   _KNL_wList
00012a40   _KNL_alarm
00012a44   _KNL_setpri
00012a48   _KNL_inactive
00012a4c   _KNL_priority
00012a50   _KNL_set
00012a54   _KNL_curtask
00012a58   _KNL_prevtask
00012a5c   _KNL_curtime
00012a60   _KNL_swiptr
00012a64   _KNL_curqueue
00012a68   _KNL_maxqueue
00012a6c   _KNL_tswitchfxn
00012a70   _KNL_tcreatefxn
00012a74   _KNL_tdeletefxn
00012a78   _KNL_treadyfxn
00012a7c   _KNL_idlefxn
00012a80   _sample
00012a88   _output
00012a90   _i
00012a94   _index
00012a98   _x_1
00012aa0   _y_1
00012aa8   _H_Codec
00012aac   _MEM_memtab
00012ab8   HST_DSMBUFSEG
00012ab8   IRAM
00012ab8   MEM_MALLOCSEG
00012ab8   MEM_SEGZERO
00012ab8   RTDX_DATAMEMSEG
00012ab8   _IRAM
00012abc   RTA_fromHost$pipe$dtab
00012ac8   RTA_toHost$pipe$dtab
00012ad4   HWI_D_spsave
00012ad4   _HWI_D_spsave
00012ad4   _HWI_data
00012ae0   _HWI_D_inhwi
00012ae4   HWI_D_bss
00012ae8   HWI_D_ccmask
00012aec   LNK_dspFrameRequestMask
00012aec   _LNK_dspFrameRequestMask
00012af0   LNK_dspFrameReadyMask
00012af0   _LNK_dspFrameReadyMask
00012af4   LNK_readPend
00012af4   _LNK_readPend
00012af8   LNK_readDone
00012af8   _LNK_readDone
00012afc   LNK_readFail
00012afc   _LNK_readFail
00012b00   LNK_writeFail
00012b00   _LNK_writeFail
00012b0c   _rtdxNullChanCnt
00012b10   _rtdxNullFuncCnt
00012b14   _TSK_nTasks
00012b18   _TSK_pid
00012b1c   _TSK
00012b20   _CLK_DFLTMICROSECS
00012b24   _CLK_D_microseconds
00012b28   _SYS_exitStackPtr
00012b2c   _SYS_exitStackTop
00012b30   _DSK6713_AIC23_codeccontrolhandle
00012b34   _DSK6713_AIC23_codecdatahandle
00012b38   _CLK_htimePerLtime
00012b40   IDL_D_busyObj
00012b44   _MEM
00012b48   _DSK6713_version
00012b4a   ___end__
00012b4a   end
00012b4c   _SYS_PUTCBEG
00012d4b   _SYS_PUTCEND
00012d58   TSK_idle
00012d58   _TSK_idle
00012dec   IDL_A_CALBEG
00012dec   IDL_cpuLoad$
00012df0   LNK_dataPump$
00012df4   RTA_dispatcher$
00012df8   IDL_END$
00012e00   LOG_system$buf
00012f00   RTA_toHost$buf
000130f9   KNL_swi$sts$maxfmt
000130fc   PIP_A_TABBEG
000130fc   RTA_fromHost$pipe
000130fc   _PIP_A_TABBEG
00013100   RTA_fromHost$pipe$rd
00013101   KNL_swi$sts$sumfmt
00013109   KNL_swi$sts$avgfmt
00013113   TSK_idle$sts$maxfmt
0001311b   TSK_idle$sts$sumfmt
00013123   TSK_idle$sts$avgfmt
0001312c   RTA_fromHost$pipe$aaa
0001312d   IDL_busyObj$maxfmt
00013130   IDL_busyObj$sumfmt
00013130   RTA_fromHost$pipe$wr
00013133   IDL_busyObj$avgfmt
0001315c   RTA_fromHost$pipe$bbb
00013160   RTA_toHost$pipe
00013164   RTA_toHost$pipe$rd
00013190   RTA_toHost$pipe$aaa
00013194   RTA_toHost$pipe$wr
000131c0   RTA_toHost$pipe$bbb
000131c4   HST_A_TABBEG
000131c4   PIP_A_TABEND
000131c4   _HST_A_TABBEG
000131c4   _PIP_A_TABEND
000131c8   RTA_fromHost
000131c8   _RTA_fromHost
000131d0   RTA_fromHost$rtdx
000131e4   RTA_toHost
000131e4   _RTA_toHost
000131ec   RTA_toHost$rtdx
00013200   HST_A_TABEND
00013200   KNL_swi$sts$stsobj
00013200   STS_A_TABBEG
00013200   _HST_A_TABEND
00013200   _STS_A_TABBEG
00013204   KNL_swi$sts
00013210   TSK_idle$sts$stsobj
00013214   TSK_idle$sts
00013220   IDL_busyObj$stsobj
00013224   IDL_busyObj
00013224   _IDL_busyObj
00013230   KNL_swi
00013230   STS_A_TABEND
00013230   SWI_A_TABBEG
00013230   _KNL_swi
00013230   _STS_A_TABEND
0001325c   SWI_A_TABEND
00013284   LOG_A_TABBEG
00013284   LOG_system
00013284   _LOG_A_TABBEG
00013284   _LOG_system
0001329c   LOG_A_TABEND
0001329c   SYS$config
0001329c   _LOG_A_TABEND
000132ac   ___pinit__
000132ac   pinit
000132b8   TRC_cinit
000132bc   TRC_R_mask
000132bc   _TRC_R_mask
000132c0   GBL_initdone
000132c4   CLK_A_TABBEG
000132c4   PRD_clock
000132c4   _PRD_clock
000132c8   CLK_null
00036ee8   CLK_LTIMEMULT
00036ee8   GBL_FREQ
01940000   CLK_REGS
01940000   _CLK_REGS
082039a3   HWI_INTRMULTHIGH
310718af   HWI_INTRMULTLOW
ffffffff   SDRAM
ffffffff   _SDRAM
ffffffff   ___TI_pprof_out_hndl
ffffffff   ___TI_prof_data_size
ffffffff   ___TI_prof_data_start
ffffffff   ___binit__
ffffffff   ___c_args__
ffffffff   binit

[732 symbols]
