******************************************************************************
               TMS320C6x Linker PC v6.1.15                     
******************************************************************************
>> Linked Thu Mar 20 16:54:34 2014

OUTPUT FILE NAME:   <RTDSP.out>
ENTRY POINT SYMBOL: "_c_int00"  address: 00014aa0


MEMORY CONFIGURATION

         name            origin    length      used     unused   attr    fill
----------------------  --------  ---------  --------  --------  ----  --------
  IRAM                  00000000   00040000  00016353  00029cad  RWIX
  SDRAM                 80000000   00800000  00000000  00800000  RWIX


SECTION ALLOCATION MAP

 output                                  attributes/
section   page    origin      length       input sections
--------  ----  ----------  ----------   ----------------
.vers      0    00000000    00000040     COPY SECTION
                  00000000    00000040     dsp_bios_cfg.obj (.vers)

.prd       0    00000000    00000000     UNINITIALIZED

.hwi_vec   0    00000000    00000200     
                  00000000    00000200     dsp_bios_cfg.obj (.hwi_vec)

.data      0    00000000    00000000     UNINITIALIZED

.IRAM$heap 
*          0    00000200    00008000     UNINITIALIZED
                  00000200    00008000     --HOLE--

.text      0    00008200    000054a0     
                  00008200    00000900     rts6700.lib : divd.obj (.text:__divd)
                  00008b00    000008e0     fft_functions.obj (.text)
                  000093e0    00000760     enhance.obj (.text)
                  00009b40    00000680     complex.obj (.text)
                  0000a1c0    00000620     rts6700.lib : divf.obj (.text:__divf)
                  0000a7e0    00000480     dsk6713bslccsv4.lib : dsk6713.obj (.text)
                  0000ac60    00000380     rts6700.lib : frcmpyd_div.obj (.text:__frcmpyd_div)
                  0000afe0    00000340                 : cos.obj (.text:_cos)
                  0000b320    00000320                 : sin.obj (.text:_sin)
                  0000b640    000002e0     dsk6713bslccsv4.lib : dsk6713_aic23_opencodec.obj (.text)
                  0000b920    00000280     rts6700.lib : exp.obj (.text:_exp)
                  0000bba0    00000240                 : memcpy62.obj (.text:_memcpy)
                  0000bde0    00000240                 : sqrt.obj (.text:_sqrt)
                  0000c020    000001c0     csl6713.lib : csl_irq.obj (.text:_IRQ_map)
                  0000c1e0    000001a0                 : csl_mcbsp.obj (.text:_MCBSP_reset)
                  0000c380    000001a0     rts6700.lib : ldexp.obj (.text:_ldexp)
                  0000c520    00000180     bios.a67 : gbl_cslpllinit62.o67 (.text)
                  0000c6a0    00000180     dsk6713bslccsv4.lib : dsk6713_aic23_registers.obj (.text)
                  0000c820    00000140     rts6700.lib : strasg.obj (.text:__strasgi)
                  0000c960    00000120                 : sinit.obj (.text:_call_dtors)
                  0000ca80    00000120                 : frexp.obj (.text:_frexp)
                  0000cba0    00000120                 : memset.obj (.text:_memset)
                  0000ccc0    00000100     csl6713.lib : csl_mcbsp.obj (.text:_MCBSP_open)
                  0000cdc0    00000100                 : csl_mcbsp.obj (.text:_MCBSP_start)
                  0000cec0    00000100     rts6700.lib : atexit.obj (.text:_atexit)
                  0000cfc0    000000e0                 : frcmpyf_div.obj (.text:__frcmpyf_div)
                  0000d0a0    000000e0                 : round.obj (.text:__nround)
                  0000d180    000000e0     dsk6713bslccsv4.lib : helper_functions_ISR.obj (.text)
                  0000d260    000000c0     rts6700.lib : modf.obj (.text:_modf)
                  0000d320    000000c0     bios.a67 : tsk_stup.o67 (.text)
                  0000d3e0    000000a0     rts6700.lib : mpyll.obj (.text:__mpyll)
                  0000d480    000000a0     csl6713.lib : csl_irq.obj (.text:_setMux)
                  0000d520    00000040     rts6700.lib : sinit.obj (.text:___add_dtor)
                  0000d560    00000040                 : divd.obj (.text:___isnan)
                  0000d5a0    00000040                 : divf.obj (.text:___isnanf)
                  0000d5e0    00000040                 : trunc.obj (.text:__trunc)
                  0000d620    00000020                 : _lock.obj (.text:__nop)
                  0000d640    00000020                 : _lock.obj (.text:__register_lock)
                  0000d660    00000020                 : _lock.obj (.text:__register_unlock)
                  0000d680    00000020     csl6713.lib : csl_irq.obj (.text)

.bios      0    0000d6a0    00004ac0     
                  0000d6a0    00000600     lnkrtdx.a67 : rtdx.o67 (.bios)
                  0000dca0    000005e0     bios.a67 : gbl_setL2CacheMode.o67 (.bios)
                  0000e280    00000540              : swi.o67 (.bios)
                  0000e7c0    00000460              : hwi_disp_asm.o67 (.bios)
                  0000ec20    000003e0              : malloc.o67 (.bios)
                  0000f000    000003a0              : prd.o67 (.bios)
                  0000f3a0    000002c0              : knl_run.o67 (.bios)
                  0000f660    000002c0              : rta.o67 (.bios)
                  0000f920    000002c0              : sem_pend.o67 (.bios)
                  0000fbe0    00000280              : mem_allo.o67 (.bios:.near)
                  0000fe60    00000260              : knl_tick.o67 (.bios)
                  000100c0    00000240              : mem_free.o67 (.bios:.near)
                  00010300    00000240              : pip.o67 (.bios)
                  00010540    00000220              : sem_dopo.o67 (.bios)
                  00010760    00000200              : tsk_setu.o67 (.bios)
                  00010960    000001c0              : knl_swit.o67 (.bios)
                  00010b20    000001c0     biosC6000.a67 : clk.o67 (.bios)
                  00010ce0    000001a0     bios.a67 : tsk_exit.o67 (.bios)
                  00010e80    00000180              : autoinit.o67 (.bios)
                  00011000    00000180              : tsk_stup.o67 (.bios)
                  00011180    00000140              : knl_chec.o67 (.bios)
                  000112c0    000000e0              : gbl_cslcacheinit.o67 (.bios)
                  000113a0    000000e0              : knl_exit.o67 (.bios)
                  00011480    000000e0              : sem_post.o67 (.bios)
                  00011560    000000e0              : sem_post_asm.o67 (.bios)
                  00011640    000000e0     biosC6000.a67 : clk_meas.o67 (.bios)
                  00011720    000000c0     bios.a67 : knl_ipos.o67 (.bios)
                  000117e0    000000c0              : knl_post.o67 (.bios)
                  000118a0    000000c0              : lck.o67 (.bios)
                  00011960    000000c0              : sys_exit.o67 (.bios)
                  00011a20    000000c0     biosC6000.a67 : clk_htime.o67 (.bios)
                  00011ae0    00000080     bios.a67 : fxn.o67 (.bios)
                  00011b60    00000080              : idl_busy.o67 (.bios)
                  00011be0    00000080              : log.o67 (.bios)
                  00011c60    00000080              : sts.o67 (.bios)
                  00011ce0    00000080     biosC6000.a67 : idl_cal.o67 (.bios)
                  00011d60    00000060     bios.a67 : sys_erro.o67 (.bios:.near)
                  00011dc0    00000060              : hwi_c.o67 (.bios)
                  00011e20    00000060              : sem_pend_counting.o67 (.bios)
                  00011e80    00000060              : sys_abor.o67 (.bios)
                  00011ee0    00000060              : utl_putc.o67 (.bios)
                  00011f40    00000060     biosC6000.a67 : clk_start.o67 (.bios)
                  00011fa0    00000040     bios.a67 : idl_stub.o67 (.bios)
                  00011fe0    00000040              : rta_andn.o67 (.bios)
                  00012020    00000040              : utl_doab.o67 (.bios)
                  00012060    00000040     biosC6000.a67 : clk_stop.o67 (.bios)
                  000120a0    00000020     bios.a67 : fxn_c.o67 (.bios)
                  000120c0    00000020              : gbl_vers.o67 (.bios)
                  000120e0    00000020              : idl.o67 (.bios)
                  00012100    00000020              : sts_set.o67 (.bios)
                  00012120    00000020              : utl_doer.o67 (.bios)
                  00012140    00000020              : utl_halt.o67 (.bios)

.cinit     0    00012160    000010cc     
                  00012160    000005ac     dsp_bios_cfg.obj (.cinit)
                  0001270c    00000004     --HOLE-- [fill = 0]
                  00012710    0000026c     bios.a67 : biosdata.o67 (.cinit)
                  0001297c    00000004     --HOLE-- [fill = 0]
                  00012980    000001a4              : knl.o67 (.cinit)
                  00012b24    00000004     --HOLE-- [fill = 0]
                  00012b28    0000012c     csl6713.lib : csl_irq.obj (.cinit)
                  00012c54    00000004     --HOLE-- [fill = 0]
                  00012c58    000000b0     bios.a67 : swi.o67 (.cinit)
                  00012d08    00000070              : tsk.o67 (.cinit)
                  00012d78    00000060              : tsk_stup.o67 (.cinit)
                  00012dd8    0000005c     lnkrtdx.a67 : rtdx.o67 (.cinit)
                  00012e34    00000004     --HOLE-- [fill = 0]
                  00012e38    00000054     csl6713.lib : csl_mcbsp.obj (.cinit)
                  00012e8c    00000004     --HOLE-- [fill = 0]
                  00012e90    0000004c     bios.a67 : rta.o67 (.cinit)
                  00012edc    00000004     --HOLE-- [fill = 0]
                  00012ee0    0000004c     enhance.obj (.cinit)
                  00012f2c    00000004     --HOLE-- [fill = 0]
                  00012f30    0000004c     rtdx.lib : buffer1.o62 (.cinit)
                  00012f7c    00000004     --HOLE-- [fill = 0]
                  00012f80    00000048     rts6700.lib : cos.obj (.cinit)
                  00012fc8    00000048                 : sin.obj (.cinit)
                  00013010    00000040                 : exp.obj (.cinit)
                  00013050    00000034     bios.a67 : hwi.o67 (.cinit)
                  00013084    00000004     --HOLE-- [fill = 0]
                  00013088    00000030     dsk6713bslccsv4.lib : dsk6713_aic23_registers.obj (.cinit)
                  000130b8    0000002c     bios.a67 : utl_putc.o67 (.cinit)
                  000130e4    00000004     --HOLE-- [fill = 0]
                  000130e8    0000002c     rts6700.lib : exit.obj (.cinit)
                  00013114    00000004     --HOLE-- [fill = 0]
                  00013118    00000024     bios.a67 : obj_init.o67 (.cinit)
                  0001313c    00000004     --HOLE-- [fill = 0]
                  00013140    0000001c              : sys.o67 (.cinit)
                  0001315c    00000004     --HOLE-- [fill = 0]
                  00013160    0000001c     rts6700.lib : _lock.obj (.cinit)
                  0001317c    00000004     --HOLE-- [fill = 0]
                  00013180    0000001c                 : atexit.obj (.cinit)
                  0001319c    00000004     --HOLE-- [fill = 0]
                  000131a0    00000018     bios.a67 : knl_tick.o67 (.cinit)
                  000131b8    00000010     rts6700.lib : divd.obj (.cinit)
                  000131c8    00000010                 : divf.obj (.cinit)
                  000131d8    0000000c     bios.a67 : gbl_setL2CacheMode.o67 (.cinit)
                  000131e4    00000004     --HOLE-- [fill = 0]
                  000131e8    0000000c              : idl_busy.o67 (.cinit)
                  000131f4    00000004     --HOLE-- [fill = 0]
                  000131f8    0000000c              : knl_swit.o67 (.cinit)
                  00013204    00000004     --HOLE-- [fill = 0]
                  00013208    0000000c     rts6700.lib : errno.obj (.cinit)
                  00013214    00000004     --HOLE-- [fill = 0]
                  00013218    0000000c                 : sinit.obj (.cinit)
                  00013224    00000004     --HOLE-- [fill = 0]
                  00013228    00000004     (.pad.cinit) [fill = 0]

.hst1      0    0001322c    00000010     UNINITIALIZED
                  0001322c    00000010     dsp_bios_cfg.obj (.hst1)

.args      0    0001323c    00000004     
                  0001323c    00000004     --HOLE-- [fill = 0]

.rtdx_text 
*          0    00013240    00000ea0     
                  00013240    00000400     rtdx.lib : rtdx_mon.o62 (.rtdx_text:_RTDX_Poll)
                  00013640    00000340              : buffer1.o62 (.rtdx_text:_RTDX_Buffer_WriteCB)
                  00013980    00000300              : buffer1.o62 (.rtdx_text:_RTDX_write_next)
                  00013c80    00000140              : rtdx_mon.o62 (.rtdx_text:_RTDX_Mon_Queue)
                  00013dc0    000000e0              : buffer1.o62 (.rtdx_text:_claim)
                  00013ea0    00000080              : rtdx_mon.o62 (.rtdx_text:_RTDX_Init_RT_Monitor)
                  00013f20    00000060              : buffer1.o62 (.rtdx_text:_RTDX_Buffer_Initialize)
                  00013f80    00000060              : buffer2.o62 (.rtdx_text:_RTDX_Buffer_ReadCB)
                  00013fe0    00000040              : buffer1.o62 (.rtdx_text:_RTDX_Buffer_Size)
                  00014020    00000040              : rtdx_mon.o62 (.rtdx_text:_RTDX_Final_RT_Monitor)
                  00014060    00000020              : buffer2.o62 (.rtdx_text:_RTDX_Buffer_Read)
                  00014080    00000020              : buffer1.o62 (.rtdx_text:_RTDX_Buffer_Write)
                  000140a0    00000020              : rtdx_mon.o62 (.rtdx_text:_RTDX_checksum)
                  000140c0    00000020              : intr_tgt.o62 (.rtdx_text)

.far       0    000140e0    000005f4     UNINITIALIZED
                  000140e0    00000188     rts6700.lib : atexit.obj (.far)
                  00014268    000000f4     csl6713.lib : csl_irq.obj (.far)
                  0001435c    000000d8     bios.a67 : knl.o67 (.far)
                  00014434    0000005c              : tsk.o67 (.far)
                  00014490    00000054              : obj_init.o67 (.far)
                  000144e4    00000050              : tsk_stup.o67 (.far)
                  00014534    00000004     rts6700.lib : errno.obj (.far)
                  00014538    00000040                 : cos.obj (.far)
                  00014578    00000040                 : sin.obj (.far)
                  000145b8    00000038     csl6713.lib : csl_mcbsp.obj (.far)
                  000145f0    00000030     rts6700.lib : exp.obj (.far)
                  00014620    00000028     dsk6713bslccsv4.lib : dsk6713_aic23_registers.obj (.far)
                  00014648    00000028     enhance.obj (.far)
                  00014670    00000020     bios.a67 : sys.o67 (.far)
                  00014690    00000010              : knl_tick.o67 (.far)
                  000146a0    0000000c              : utl_putc.o67 (.far)
                  000146ac    0000000c     rts6700.lib : exit.obj (.far)
                  000146b8    00000008                 : _lock.obj (.far)
                  000146c0    00000008                 : divd.obj (.far)
                  000146c8    00000008                 : divf.obj (.far)
                  000146d0    00000004                 : sinit.obj (.far)

.pinit     0    000146d4    0000000c     
                  000146d4    00000004     rtdx.lib : buffer1.o62 (.pinit)
                  000146d8    00000004              : rtdx_mon.o62 (.pinit)
                  000146dc    00000004     --HOLE-- [fill = 0]

.sysinit   0    000146e0    00000520     
                  000146e0    000002e0     dsp_bios_cfg.obj (.sysinit)
                  000149c0    000000e0     bios.a67 : mem_init.o67 (.sysinit)
                  00014aa0    000000c0              : boot.o67 (.sysinit)
                  00014b60    00000080              : tsk_init.o67 (.sysinit)
                  00014be0    00000020              : obj_init.o67 (.sysinit)

.rtdx_data 
*          0    00014c00    0000044c     UNINITIALIZED
                  00014c00    00000410     dsp_bios_cfg.obj (.rtdx_data)
                  00015010    00000020     rtdx.lib : buffer1.o62 (.rtdx_data)
                  00015030    0000001c              : rtdx_mon.o62 (.rtdx_data)

.mem       0    0001504c    00000004     UNINITIALIZED
                  0001504c    00000004     dsp_bios_cfg.obj (.mem)

.TSK_idle$stk 
*          0    00015050    00000400     UNINITIALIZED
                  00015050    00000400     dsp_bios_cfg.obj (.TSK_idle$stk)

.stack     0    00015450    00000400     UNINITIALIZED
                  00015450    00000400     --HOLE--

.bss       0    00015850    0000037e     UNINITIALIZED
                  00015850    00000100     bios.a67 : hwi_disp_asm.o67 (.bss)
                  00015950    000000cc              : biosdata.o67 (.bss)
                  00015a1c    0000009c              : swi.o67 (.bss)
                  00015ab8    00000048              : knl.o67 (.bss)
                  00015b00    00000030     enhance.obj (.bss)
                  00015b30    00000028     dsp_bios_cfg.obj (.bss)
                  00015b58    00000018     bios.a67 : hwi.o67 (.bss)
                  00015b70    00000018     lnkrtdx.a67 : rtdx.o67 (.bss)
                  00015b88    00000010     rtdx.lib : buffer1.o62 (.bss)
                  00015b98    0000000c     bios.a67 : tsk.o67 (.bss)
                  00015ba4    00000008              : clk_data.o67 (.bss)
                  00015bac    00000008              : sys.o67 (.bss)
                  00015bb4    00000008     dsk6713bslccsv4.lib : dsk6713_aic23_opencodec.obj (.bss)
                  00015bbc    00000004     bios.a67 : clk_data2.o67 (.bss)
                  00015bc0    00000004              : gbl_setL2CacheMode.o67 (.bss)
                  00015bc4    00000004              : idl_busy.o67 (.bss)
                  00015bc8    00000004              : mem_asm.o67 (.bss)
                  00015bcc    00000002     dsk6713bslccsv4.lib : dsk6713.obj (.bss)

.trace     0    00015bd0    00000200     
                  00015bd0    00000200     --HOLE-- [fill = 00000000]

.const     0    00015dd0    00000101     
                  00015dd0    0000004e     bios.a67 : tsk_stup.o67 (.const)
                  00015e1e    00000002     --HOLE-- [fill = 0]
                  00015e20    00000040     dsk6713bslccsv4.lib : dsk6713_aic23_opencodec.obj (.const)
                  00015e60    00000023     bios.a67 : utl_doab.o67 (.const)
                  00015e83    00000022              : utl_doer.o67 (.const)
                  00015ea5    00000003     --HOLE-- [fill = 0]
                  00015ea8    00000020     dsk6713bslccsv4.lib : dsk6713.obj (.const)
                  00015ec8    00000004     bios.a67 : mem_allo.o67 (.const)
                  00015ecc    00000004              : mem_free.o67 (.const)
                  00015ed0    00000001              : tsk.o67 (.const)

.printf    0    00015ed1    0000003f     COPY SECTION
                  00015ed1    0000003f     dsp_bios_cfg.obj (.printf)

.swi       0    00015ed4    0000002c     UNINITIALIZED
                  00015ed4    0000002c     dsp_bios_cfg.obj (.swi)

.LOG_system$buf 
*          0    00015f00    00000100     UNINITIALIZED
                  00015f00    00000100     dsp_bios_cfg.obj (.LOG_system$buf)

.hst0      0    00016000    00000100     UNINITIALIZED
                  00016000    00000100     dsp_bios_cfg.obj (.hst0)

.pip       0    00016100    000000c8     UNINITIALIZED
                  00016100    000000c8     dsp_bios_cfg.obj (.pip)

.tsk       0    000161c8    00000060     UNINITIALIZED
                  000161c8    00000060     dsp_bios_cfg.obj (.tsk)

.gblinit   0    00016228    00000040     
                  00016228    00000040     dsp_bios_cfg.obj (.gblinit)

.hst       0    00016268    0000003c     UNINITIALIZED
                  00016268    0000003c     dsp_bios_cfg.obj (.hst)

.sts       0    000162a4    00000030     
                  000162a4    00000030     dsp_bios_cfg.obj (.sts)

.switch    0    000162d4    00000028     
                  000162d4    00000028     rtdx.lib : rtdx_mon.o62 (.switch)

.log       0    000162fc    00000018     
                  000162fc    00000018     dsp_bios_cfg.obj (.log)

.idl       0    00016314    00000010     UNINITIALIZED
                  00016314    00000010     dsp_bios_cfg.obj (.idl)

.idlcal    0    00016324    00000010     UNINITIALIZED
                  00016324    00000010     dsp_bios_cfg.obj (.idlcal)

.sys       0    00016334    00000010     UNINITIALIZED
                  00016334    00000010     dsp_bios_cfg.obj (.sys)

.trcdata   0    00016344    0000000c     
                  00016344    0000000c     bios.a67 : trc.o67 (.trcdata)

.clk       0    00016350    00000008     UNINITIALIZED
                  00016350    00000008     dsp_bios_cfg.obj (.clk)


GLOBAL SYMBOLS: SORTED ALPHABETICALLY BY Name 

address    name
--------   ----
00015850   $bss
00015850   .bss
00000000   .data
00008200   .text
0001489c   BIOS$$CLKOFF
0001485c   BIOS$$CLKON
000146e0   BIOS_init
00014904   BIOS_start
00000000   BUF$
00000001   BUF_ENABLED
00000001   CLK$
00016350   CLK_A_TABBEG
00000001   CLK_CALDIV
00000004   CLK_CALMULT
0000dbba   CLK_COUNTSPMS
00000000   CLK_COUNTSPMSHIGH
00015978   CLK_D_idletime
00015974   CLK_D_isrhook
00015970   CLK_D_tabbeg
0001596c   CLK_D_timefxn
00011a20   CLK_F_getfhtime
00011a40   CLK_F_gethtime
00010b20   CLK_F_getltime
00011a40   CLK_F_getshtime
00010b34   CLK_F_isr
00010c94   CLK_F_itime
0000e7c0   CLK_HOOKFXN
00000001   CLK_HTIMEDIV
00000004   CLK_HTIMEMULT
0000dbba   CLK_HTIMEPERLTIME
00004000   CLK_INTBIT
00000001   CLK_LTIMEDIV
00036ee8   CLK_LTIMEMULT
000003e8   CLK_MICROSECS
0000dbba   CLK_PRD
00000000   CLK_PRDHIGH
01940000   CLK_REGS
00015968   CLK_R_time
00000020   CLK_TCR
00000000   CLK_TDDR
00000000   CLK_TDDRHIGH
00011a40   CLK_TIMEFXN
00000000   CLK_TIMERNUM
00000001   CLK_USETIMER
00016354   CLK_null
00000000   DEV$
00000000   DGN$
00000000   DHL$
00000000   DHL_gChannelsAvailable
00000000   DIO$
00000000   DIO_NUMSWIBASE
00000000   DIO_NUMTSKBASE
00000000   DIO_STATIC
00000000   DPI$
00011ae0   FXN_F_nop
00011ae8   FXN_F_run
00011b38   FXN_F_zero
00000001   GBL$
00005205   GBL_A_VERSION
00000000   GBL_BIGENDIAN
00000000   GBL_C641XL2PRIORITY
00000000   GBL_CACHE
00000001   GBL_CALLCSLCFGINIT
00004e20   GBL_CLKIN
00001770   GBL_CLKTYPE
00001a39   GBL_DSPSUBTYPE
0000003e   GBL_DSPTYPE
00000001   GBL_ENABLEINST
00000042   GBL_FOOTPRINT
00036ee8   GBL_FREQ
00002226   GBL_L2ALLOC
00000000   GBL_L2CONFIGALLOC
00000001   GBL_L2CONFIGURE
00000001   GBL_L2MARMASK
00000000   GBL_L2MARMASK1
00000000   GBL_L2MARMASK2
00000000   GBL_L2MARMASK3
00000000   GBL_L2MARMASK4
00000000   GBL_L2MARMASK5
00000000   GBL_L2MODE
00000000   GBL_L2PRIORITY
00000000   GBL_NULL
00000000   GBL_PROCID
00000000   GBL_ROM
00000000   GBL_SUPPORTCSL
0000dbef   GBL_TRCMASKVALUE
00000001   GBL_USERINIT
0000c548   GBL_USERINITFXN
00000001   GBL_boot
0001634c   GBL_initdone
00015450   GBL_stackbeg
0001584f   GBL_stackend
00000000   GIO$
000120a0   GIO_CREATEFXN
000120a0   GIO_DELETEFXN
000120a0   GIO_PENDFXN
000120a0   GIO_POSTFXN
00000000   HOOK$
00000000   HOOK_KNLID
00000001   HST$
00016268   HST_A_TABBEG
000162a4   HST_A_TABEND
00000000   HST_DSM
00015b3c   HST_DSMBUFSEG
00000400   HST_DSMMEMSIZE
000159e4   HST_D_chanmask
000159e8   HST_D_tabbeg
000159ec   HST_D_tabend
000000ff   HST_MAXFRAMEALLOWED
00000040   HST_MAXFRAMESET
00000000   HST_NONE
00000001   HST_RTDX
00000001   HWI$
00000000   HWI_A_VECS
00004018   HWI_CFGDISPATCHED
00015b68   HWI_D_bss
00015b6c   HWI_D_ccmask
00015b58   HWI_D_spsave
0000e7c0   HWI_F_dispatch
00000000   HWI_GENERATE_RESET_VEC
0000000a   HWI_INT10
00000000   HWI_INT10$hwi
0000000b   HWI_INT11
00000000   HWI_INT11$hwi
0000000c   HWI_INT12
00000000   HWI_INT12$hwi
0000000d   HWI_INT13
00000000   HWI_INT13$hwi
0000000e   HWI_INT14
00000000   HWI_INT14$hwi
0000000f   HWI_INT15
00000000   HWI_INT15$hwi
00000004   HWI_INT4
00000000   HWI_INT4$hwi
00000005   HWI_INT5
00000000   HWI_INT5$hwi
00000006   HWI_INT6
00000000   HWI_INT6$hwi
00000007   HWI_INT7
00000000   HWI_INT7$hwi
00000008   HWI_INT8
00000000   HWI_INT8$hwi
00000009   HWI_INT9
00000000   HWI_INT9$hwi
082039a3   HWI_INTRMULTHIGH
310718af   HWI_INTRMULTLOW
00000001   HWI_NMI
00000000   HWI_NMI$hwi
00000000   HWI_POLARITYMASK
00000002   HWI_RESERVED0
00000000   HWI_RESERVED0$hwi
00000003   HWI_RESERVED1
00000000   HWI_RESERVED1$hwi
00000000   HWI_RESET
00000000   HWI_RESET$hwi
00000001   HWI_ZEROTAB
00000001   IDL$
00016324   IDL_A_CALBEG
00016314   IDL_A_TABBEG
00000006   IDL_CALIBRERROR
00011fa0   IDL_CALIBRFXN
00015bc4   IDL_D_busyObj
00015958   IDL_D_calbeg
00015954   IDL_D_calibrate
00015950   IDL_D_tabbeg
00016320   IDL_END
00016330   IDL_END$
00011b60   IDL_F_busy
00011ce0   IDL_F_calibrate
000120e0   IDL_F_loop
00011fa0   IDL_F_stub
00000001   IDL_USECLKIDLTIME
000162c8   IDL_busyObj
00015f0b   IDL_busyObj$avgfmt
00000001   IDL_busyObj$filter
00000001   IDL_busyObj$iA
00000000   IDL_busyObj$iB
00000001   IDL_busyObj$iC
00015f05   IDL_busyObj$maxfmt
00000000   IDL_busyObj$operation
000162c4   IDL_busyObj$stsobj
00015f08   IDL_busyObj$sumfmt
00000002   IDL_busyObj$unittype
00016314   IDL_cpuLoad
00016324   IDL_cpuLoad$
00015b3c   IRAM
00000200   IRAM$B
00008000   IRAM$L
00000001   ISRC$
00010ae0   KNL_glue
00015ed4   KNL_swi
00000001   KNL_swi$dorta
00000000   KNL_swi$ord
00000000   KNL_swi$pri
000162a8   KNL_swi$sts
00015ee1   KNL_swi$sts$avgfmt
00000002   KNL_swi$sts$filter
00000001   KNL_swi$sts$filtmaxmult
00000001   KNL_swi$sts$filtsummult
00015ed1   KNL_swi$sts$maxfmt
000162a4   KNL_swi$sts$stsobj
00015ed9   KNL_swi$sts$sumfmt
00000000   KNL_swi$sts$unittype
00000000   KNL_swi$swi
00000001   LCK$
0000d6a0   LNK_F_checkBufferCall
0000d720   LNK_F_dataPump
0000d6c0   LNK_F_getChanPtr
0000d718   LNK_F_init
0000dc64   LNK_F_readCallBack
00016318   LNK_dataPump
00016328   LNK_dataPump$
00015b74   LNK_dspFrameReadyMask
00015b70   LNK_dspFrameRequestMask
0000d9c0   LNK_newin
0000db00   LNK_newout
0000d734   LNK_rcloop
0000d800   LNK_rdrtry
00015b7c   LNK_readDone
00015b80   LNK_readFail
00015b78   LNK_readPend
0000d810   LNK_rrloop
00015b84   LNK_writeFail
0000d8e4   LNK_wrloop
0000d8d4   LNK_wrrtry
00000001   LOG$
000162fc   LOG_A_TABBEG
00016314   LOG_A_TABEND
00000001   LOG_A_TABLEN
0001595c   LOG_D_system
00000001   LOG_ENABLED
00011be0   LOG_F_event
000162fc   LOG_system
00015f00   LOG_system$buf
00000000   LOG_system$datatype
00000000   LOG_system$log
00000040   LOG_system$size
00000000   MBX$
00000001   MEM$
00015b3c   MEM_MALLOCSEG
00000000   MEM_NULL
00015b3c   MEM_SEGZERO
00000000   MEM_USEMPC
00000001   MEM_gNumHeap
00000000   MSGQ$
00000000   MSGQ_USEMSGQ
00000000   OBJ$
00000000   PIP$
00016100   PIP_A_TABBEG
000161c8   PIP_A_TABEND
00000002   PIP_A_TABLEN
00015960   PIP_D_tabbeg
00015964   PIP_D_tablen
00010394   PIP_F_give
00010394   PIP_F_probe
00010468   PIP_F_start
00010300   PIP_F_take
00000064   PIP_OBJSIZE
00000000   PIP_gNextId
00000002   PIP_gNumEmbed
00000000   POOL$
00000000   POOL_USEPOOL
00000001   PRD$
00000000   PRD_A_TABBEG
00000000   PRD_A_TABEND
00000000   PRD_A_TABLEN
000159a0   PRD_D_cur
000159a4   PRD_D_elapsed
000159a8   PRD_D_prevtim
000159ac   PRD_D_scalar
000159b0   PRD_D_swihandle
000159b4   PRD_D_tabbeg
000159b8   PRD_D_tablen
000159bc   PRD_D_thook
0001599c   PRD_D_tick
0000f000   PRD_F_swi
0000f2c0   PRD_F_tick
00004000   PRD_SCALAR
00000000   PRD_SWIHANDLE
000100a0   PRD_THOOKFXN
00016350   PRD_clock
00000001   QUE$
000159c0   RTA_D_fromHost
000159c8   RTA_D_logval
000159d8   RTA_D_stsval
000159c4   RTA_D_toHost
00011fe0   RTA_F_andn
0000f758   RTA_F_dispatch
0000f660   RTA_F_getlog
0000f6a4   RTA_F_getsts
00012000   RTA_F_or
0000f6ec   RTA_F_readblk
0000f718   RTA_F_resetmem
0000f70c   RTA_F_writeword
0001631c   RTA_dispatcher
0001632c   RTA_dispatcher$
0000f7a8   RTA_execute
0001626c   RTA_fromHost
0001322c   RTA_fromHost$buf
00000004   RTA_fromHost$framesize
00000000   RTA_fromHost$hst
00000001   RTA_fromHost$id
00000000   RTA_fromHost$mode
00016100   RTA_fromHost$pipe
00016130   RTA_fromHost$pipe$aaa
00016160   RTA_fromHost$pipe$bbb
00015b40   RTA_fromHost$pipe$dtab
00016104   RTA_fromHost$pipe$rd
00016134   RTA_fromHost$pipe$wr
00016274   RTA_fromHost$rtdx
00016288   RTA_toHost
00016000   RTA_toHost$buf
00000040   RTA_toHost$framesize
00000000   RTA_toHost$hst
00000000   RTA_toHost$id
00000001   RTA_toHost$mode
00016164   RTA_toHost$pipe
00016194   RTA_toHost$pipe$aaa
000161c4   RTA_toHost$pipe$bbb
00015b4c   RTA_toHost$pipe$dtab
00016168   RTA_toHost$pipe$rd
00016198   RTA_toHost$pipe$wr
00016290   RTA_toHost$rtdx
00000001   RTDX$
00000408   RTDX_BUFMEMSIZE
00015b3c   RTDX_DATAMEMSEG
00000000   RTDX_MODE
00000001   RTDX_NORMALIZED_HDR
00000001   RTDX_USERTDX
00000000   RTDX_USERTEXECUTION
ffffffff   SDRAM
00000000   SEM$
00000000   SIO$
00000001   STS$
000162a4   STS_A_TABBEG
000162d4   STS_A_TABEND
00011c98   STS_F_add
00011c60   STS_F_delta
00011cc4   STS_F_reset
00000001   SWI$
00015ed4   SWI_A_TABBEG
00015f00   SWI_A_TABEND
00000001   SWI_A_TABLEN
00015a34   SWI_D_curfxn
00015a24   SWI_D_curmask
00015a30   SWI_D_curmbox
00015a28   SWI_D_curset
00015a20   SWI_D_execaddr
00015a3c   SWI_D_inswi
00015a2c   SWI_D_lock
00015a38   SWI_D_rdybeg
00015a40   SWI_D_rdytab
00015a1c   SWI_D_runaddr
00000000   SWI_EHOOKFXN
0000e49c   SWI_EXECFXN
0000e280   SWI_F_enable
0000e49c   SWI_F_exec
0000e4c8   SWI_F_iexec
0000e2f0   SWI_F_post
0000e558   SWI_F_run
00000000   SWI_IHOOKFXN
0000e558   SWI_RUNFXN
00000001   SYS$
00016334   SYS$config
00012020   SYS_ABORTFXN
00012120   SYS_ERRORFXN
00012140   SYS_EXITFXN
00011ee0   SYS_PUTCFXN
00016348   TRC_R_mask
00016344   TRC_cinit
00000001   TSK$
00000000   TSK_NUM_HOOKS
00000001   TSK_PRIORITY
00000000   TSK_READYFXN
00000000   TSK_STACKSEG
00000400   TSK_STACKSIZE
00000000   TSK_SWITCHFXN
000120a0   TSK_VCREATEFXN
000120a0   TSK_VDELETEFXN
000120a0   TSK_VEXITFXN
000161d4   TSK_idle
00000000   TSK_idle$ord
00000000   TSK_idle$pri
00015050   TSK_idle$stack
000153e8   TSK_idle$stkptr
000162b8   TSK_idle$sts
00015efb   TSK_idle$sts$avgfmt
00000002   TSK_idle$sts$filter
00000001   TSK_idle$sts$filtmaxmult
00000001   TSK_idle$sts$filtsummult
00015eeb   TSK_idle$sts$maxfmt
000162b4   TSK_idle$sts$stsobj
00015ef3   TSK_idle$sts$sumfmt
00000000   TSK_idle$sts$unittype
00000000   TSK_idle$tsk
00000000   UDEV$
000146e0   _BIOS_init
00014904   _BIOS_start
0000dbba   _CLK_COUNTSPMS
00015ba4   _CLK_DFLTMICROSECS
00015998   _CLK_D_countspms
0001598c   _CLK_D_dirty
00015ba8   _CLK_D_microseconds
00015990   _CLK_D_prd
00015994   _CLK_D_tddr
00010c94   _CLK_F_itime
0000dbba   _CLK_PRD
01940000   _CLK_REGS
00000000   _CLK_TDDR
00000000   _CLK_TIMERNUM
00000001   _CLK_USETIMER
0001597c   _CLK_htimeDiv
00015980   _CLK_htimeMult
00015bbc   _CLK_htimePerLtime
00010c94   _CLK_itime
00015984   _CLK_ltimeDiv
00015988   _CLK_ltimeMult
00011640   _CLK_measure
00011f40   _CLK_start
00012060   _CLK_stop
00014648   _Config
00015bb4   _DSK6713_AIC23_codeccontrolhandle
00015bb8   _DSK6713_AIC23_codecdatahandle
0000c78c   _DSK6713_AIC23_config
0000b640   _DSK6713_AIC23_openCodec
0000c768   _DSK6713_AIC23_rget
0000c6a0   _DSK6713_AIC23_rset
0000a960   _DSK6713_getVersion
0000a9b0   _DSK6713_init
0000a8cc   _DSK6713_rget
0000a8b8   _DSK6713_rset
00015bcc   _DSK6713_version
0000a7e0   _DSK6713_wait
0000a884   _DSK6713_waitusec
000120a0   _FXN_F_nop
00011ae8   _FXN_F_run
00011b38   _FXN_F_zero
00000000   _GBL_CACHE
000159f4   _GBL_clkIn
000112c0   _GBL_cslCacheInit
000159f8   _GBL_freq
000120c0   _GBL_getVersion
000159f0   _GBL_procId
0000c548   _GBL_setPLLto225MHz
00016268   _HST_A_TABBEG
000162a4   _HST_A_TABEND
00004018   _HWI_CFGDISPATCHED
00015b64   _HWI_D_inhwi
00015b58   _HWI_D_spsave
0000e7c0   _HWI_F_dispatch
0000000a   _HWI_INT10
0000000b   _HWI_INT11
0000000c   _HWI_INT12
0000000d   _HWI_INT13
0000000e   _HWI_INT14
0000000f   _HWI_INT15
00000004   _HWI_INT4
00000005   _HWI_INT5
00000006   _HWI_INT6
00000007   _HWI_INT7
00000008   _HWI_INT8
00000009   _HWI_INT9
00000001   _HWI_NMI
00000002   _HWI_RESERVED0
00000003   _HWI_RESERVED1
00000000   _HWI_RESET
00015848   _HWI_STKBOTTOM
00015450   _HWI_STKTOP
00015b58   _HWI_data
00011dc0   _HWI_disable
00015850   _HWI_dispatchTab
00011dd8   _HWI_enable
00011dec   _HWI_restore
00015b00   _H_Codec
000162c8   _IDL_busyObj
00016314   _IDL_cpuLoad
000120e0   _IDL_loop
00015b3c   _IRAM
00000200   _IRAM_base
00008000   _IRAM_length
0000c020   _IRQ_map
00009a88   _ISR_AIC
00015ac0   _KNL_alarm
00011180   _KNL_check
00015ae4   _KNL_curqueue
00015ad4   _KNL_curtask
00015adc   _KNL_curtime
000143fc   _KNL_dummy
000113f4   _KNL_enter
000113a0   _KNL_exit
00011258   _KNL_idle
00015afc   _KNL_idlefxn
00015ac8   _KNL_inactive
00011720   _KNL_ipost
0001127c   _KNL_max
00015ae8   _KNL_maxqueue
000117e0   _KNL_post
00015ad8   _KNL_prevtask
00015acc   _KNL_priority
0001435c   _KNL_queues
0000f3a0   _KNL_run
00010960   _KNL_saveIsrFrame
00015ad0   _KNL_set
00015ac4   _KNL_setpri
00015ed4   _KNL_swi
00015ae0   _KNL_swiptr
00010a2c   _KNL_switch
00015af0   _KNL_tcreatefxn
00015af4   _KNL_tdeletefxn
000100a0   _KNL_tick
00015af8   _KNL_treadyfxn
00015aec   _KNL_tswitchfxn
00015ab8   _KNL_wFlag
00015abc   _KNL_wList
000118d0   _LCK_pend
000118a0   _LCK_post
00016318   _LNK_dataPump
00015b74   _LNK_dspFrameReadyMask
00015b70   _LNK_dspFrameRequestMask
00015b7c   _LNK_readDone
00015b80   _LNK_readFail
00015b78   _LNK_readPend
00015b84   _LNK_writeFail
000162fc   _LOG_A_TABBEG
00016314   _LOG_A_TABEND
00000001   _LOG_A_TABLEN
0001595c   _LOG_D_system
00011be0   _LOG_event
000162fc   _LOG_system
0000ccc0   _MCBSP_open
0000c1e0   _MCBSP_reset
0000cdc0   _MCBSP_start
00015bc8   _MEM
000159fc   _MEM_D_NUMSEGMENTS
00015a04   _MEM_D_freelist
00015a08   _MEM_D_lockaddr
00015a00   _MEM_D_memtab
00015a0c   _MEM_D_unlockaddr
0000fbe0   _MEM_alloc
000100c0   _MEM_free
000149c0   _MEM_init
00015b30   _MEM_memtab
00014be0   _OBJ_init
000144c8   _OBJ_segtab
00014490   _OBJ_table
00016100   _PIP_A_TABBEG
000161c8   _PIP_A_TABEND
0001599c   _PRD_D_tick
00016350   _PRD_clock
0001631c   _RTA_dispatcher
0001626c   _RTA_fromHost
00016288   _RTA_toHost
00014c00   _RTDX_Buffer
0001500c   _RTDX_Buffer_End
00013f20   _RTDX_Buffer_Initialize
00014060   _RTDX_Buffer_Read
00013f80   _RTDX_Buffer_ReadCB
00013fe0   _RTDX_Buffer_Size
00015008   _RTDX_Buffer_Start
00014080   _RTDX_Buffer_Write
00013640   _RTDX_Buffer_WriteCB
00014020   _RTDX_Final_RT_Monitor
00013ea0   _RTDX_Init_RT_Monitor
00000002   _RTDX_JTAGONLY
000140c0   _RTDX_Mask_IER
00013c80   _RTDX_Mon_Queue
00013240   _RTDX_Poll
00000000   _RTDX_interrupt_mask
0001501c   _RTDX_writing
ffffffff   _SDRAM
00011e20   _SEM_pend
0000f920   _SEM_pendEnterKnl
00011560   _SEM_post
00011560   _SEM_postBinary
00011480   _SEM_postEnterKnl
000162a4   _STS_A_TABBEG
000162d4   _STS_A_TABEND
00011c98   _STS_add
00011c60   _STS_delta
00011cc4   _STS_reset
00012100   _STS_set
00015a34   _SWI_D_curfxn
00015a24   _SWI_D_curmask
00015a28   _SWI_D_curset
00015a20   _SWI_D_execaddr
00015a3c   _SWI_D_inswi
00015a2c   _SWI_D_lock
00015a38   _SWI_D_rdybeg
00015a1c   _SWI_D_runaddr
00015a1c   _SWI_data
0000e2f0   _SWI_post
00015a10   _SYS
00015bd0   _SYS_PUTCBEG
00015dcf   _SYS_PUTCEND
00011e80   _SYS_abort
00011d60   _SYS_error
00011960   _SYS_exit
00014670   _SYS_exitStack
00015bac   _SYS_exitStackPtr
00015bb0   _SYS_exitStackTop
00016348   _TRC_R_mask
00015ba0   _TSK
00014434   _TSK_ATTRS
00014450   _TSK_config
00010ce0   _TSK_exit
000161d4   _TSK_idle
00014b60   _TSK_init
00015b98   _TSK_nTasks
00015b9c   _TSK_pid
00010760   _TSK_setup
000110c0   _TSK_startup
00014470   _TSK_timerSem
00012020   _UTL_doAbort
00012120   _UTL_doError
00011ee0   _UTL_doPutc
00012140   _UTL_halt
00010cb0   __CLK_lat1beg
00010cdc   __CLK_lat1end
0000e0d4   __GBL_setL2CacheMode
00015a18   __HOOK_NUMHOOKS
00015a14   __HOOK_knlId
0000e7c0   __HWI_lat1beg
0000e940   __HWI_lat1end
0000e940   __HWI_lat2beg
0000eae0   __HWI_lat2end1
0000ea6c   __HWI_lat2end2
0000eb00   __HWI_lat3beg
0000ec00   __HWI_lat3end1
0000ea9c   __HWI_lat3end2
00011b60   __IDL_lat1beg
00011bb0   __IDL_lat1end
00014354   __IRQ_dispatchTable
00014290   __IRQ_eventTable
0000d680   __IRQ_hookFetchPacket
00014314   __IRQ_intTable
000111d0   __KNL_lat1beg
00011258   __KNL_lat1end
00011be0   __LOG_lat1beg
000145e8   __MCBSP_hDev0
000145ec   __MCBSP_hDev1
0001450c   __MEM_mutex
0000f718   __RTA_lat1beg
0000f750   __RTA_lat1end
00010540   __SEM_dopost
00000400   __STACK_SIZE
0000e42c   __SWI_lat1beg
0000e4e0   __SWI_lat1end
0000e4e4   __SWI_lat2beg
0000e554   __SWI_lat2end
0000e280   __SWI_lat3beg
0000e2ec   __SWI_lat3end
000144e4   __TSK_mutex
000146b4   ___TI_enable_exit_profile_output
ffffffff   ___TI_pprof_out_hndl
ffffffff   ___TI_prof_data_size
ffffffff   ___TI_prof_data_start
0000d520   ___add_dtor
000140e0   ___atexit_func_id__
ffffffff   ___binit__
00015850   ___bss__
ffffffff   ___c_args__
00012160   ___cinit__
00000000   ___data__
00000000   ___edata__
00015bce   ___end__
0000d6a0   ___etext__
000146d4   ___pinit__
00008200   ___text__
00010e80   __auto_init
000146ac   __cleanup_ptr
00008200   __divd
0000a1c0   __divf
000146b0   __dtors_ptr
0000ac60   __frcmpyd_div
0000cfc0   __frcmpyf_div
000146b8   __lock
0000d3e0   __mpyll
0000d620   __nop
0000d0a0   __nround
0000d640   __register_lock
0000d660   __register_unlock
00015450   __stack
0000c820   __strasgi
0000d5e0   __trunc
000146bc   __unlock
0000a054   _aimag
0000cec0   _atexit
00008b60   _bitrev
00014aa0   _c_int00
00009b40   _cabs
00009c44   _cadd
0000c960   _call_dtors
0000ef68   _calloc
00009e68   _cdiv
0000a08c   _cexp
00009bb0   _cmplx
00009d5c   _cmul
00009bf0   _conjg
0000afe0   _cos
00015b24   _cpufrac
00009cd0   _csub
000090a8   _dft
00008d60   _dftmerge
000146d0   _dtors
00014534   _errno
0000b920   _exp
00008f58   _fft
00015b2c   _frame_ptr
0000ec20   _free
0000ca80   _frexp
00008fac   _ifft
00015b04   _inbuffer
00015b0c   _inframe
00015b1c   _ingain
00009774   _init_HWI
000096cc   _init_hardware
00015b14   _inwin
00015b28   _io_ptr
0000c380   _ldexp
00009800   _main
0000ec4c   _malloc
0000ee14   _memalign
0000bba0   _memcpy
0000cba0   _memset
0000d260   _modf
0000d1fc   _mono_read_16Bit
0000d1d4   _mono_write_16Bit
00015b08   _outbuffer
00015b10   _outframe
00015b20   _outgain
00015b18   _outwin
000093e0   _process_frame
00009f84   _rdiv
0000a01c   _real
0000ecd0   _realloc
00009dfc   _rmul
00015b90   _rtdxNullChanCnt
00015b94   _rtdxNullFuncCnt
00015010   _rtdx_buffer_state
00015030   _rtdx_mon_state
00008bec   _shuffle
0000b320   _sin
0000bde0   _sqrt
0000d1a8   _stereo_read_16Bit
0000d180   _stereo_write_16Bit
00008b00   _swap
0000c520   _wait500nS
ffffffff   binit
00012160   cinit
00000000   edata
00015bce   end
0000d6a0   etext
00000000   hwi0
00000020   hwi1
00000140   hwi10
00000160   hwi11
00000180   hwi12
000001a0   hwi13
000001c0   hwi14
000001e0   hwi15
00000040   hwi2
00000060   hwi3
00000080   hwi4
000000a0   hwi5
000000c0   hwi6
000000e0   hwi7
00000100   hwi8
00000120   hwi9
000146d4   pinit


GLOBAL SYMBOLS: SORTED BY Symbol Address 

address    name
--------   ----
00000000   .data
00000000   BUF$
00000000   CLK_COUNTSPMSHIGH
00000000   CLK_PRDHIGH
00000000   CLK_TDDR
00000000   CLK_TDDRHIGH
00000000   CLK_TIMERNUM
00000000   DEV$
00000000   DGN$
00000000   DHL$
00000000   DHL_gChannelsAvailable
00000000   DIO$
00000000   DIO_NUMSWIBASE
00000000   DIO_NUMTSKBASE
00000000   DIO_STATIC
00000000   DPI$
00000000   GBL_BIGENDIAN
00000000   GBL_C641XL2PRIORITY
00000000   GBL_CACHE
00000000   GBL_L2CONFIGALLOC
00000000   GBL_L2MARMASK1
00000000   GBL_L2MARMASK2
00000000   GBL_L2MARMASK3
00000000   GBL_L2MARMASK4
00000000   GBL_L2MARMASK5
00000000   GBL_L2MODE
00000000   GBL_L2PRIORITY
00000000   GBL_NULL
00000000   GBL_PROCID
00000000   GBL_ROM
00000000   GBL_SUPPORTCSL
00000000   GIO$
00000000   HOOK$
00000000   HOOK_KNLID
00000000   HST_DSM
00000000   HST_NONE
00000000   HWI_A_VECS
00000000   HWI_GENERATE_RESET_VEC
00000000   HWI_INT10$hwi
00000000   HWI_INT11$hwi
00000000   HWI_INT12$hwi
00000000   HWI_INT13$hwi
00000000   HWI_INT14$hwi
00000000   HWI_INT15$hwi
00000000   HWI_INT4$hwi
00000000   HWI_INT5$hwi
00000000   HWI_INT6$hwi
00000000   HWI_INT7$hwi
00000000   HWI_INT8$hwi
00000000   HWI_INT9$hwi
00000000   HWI_NMI$hwi
00000000   HWI_POLARITYMASK
00000000   HWI_RESERVED0$hwi
00000000   HWI_RESERVED1$hwi
00000000   HWI_RESET
00000000   HWI_RESET$hwi
00000000   IDL_busyObj$iB
00000000   IDL_busyObj$operation
00000000   KNL_swi$ord
00000000   KNL_swi$pri
00000000   KNL_swi$sts$unittype
00000000   KNL_swi$swi
00000000   LOG_system$datatype
00000000   LOG_system$log
00000000   MBX$
00000000   MEM_NULL
00000000   MEM_USEMPC
00000000   MSGQ$
00000000   MSGQ_USEMSGQ
00000000   OBJ$
00000000   PIP$
00000000   PIP_gNextId
00000000   POOL$
00000000   POOL_USEPOOL
00000000   PRD_A_TABBEG
00000000   PRD_A_TABEND
00000000   PRD_A_TABLEN
00000000   PRD_SWIHANDLE
00000000   RTA_fromHost$hst
00000000   RTA_fromHost$mode
00000000   RTA_toHost$hst
00000000   RTA_toHost$id
00000000   RTDX_MODE
00000000   RTDX_USERTEXECUTION
00000000   SEM$
00000000   SIO$
00000000   SWI_EHOOKFXN
00000000   SWI_IHOOKFXN
00000000   TSK_NUM_HOOKS
00000000   TSK_READYFXN
00000000   TSK_STACKSEG
00000000   TSK_SWITCHFXN
00000000   TSK_idle$ord
00000000   TSK_idle$pri
00000000   TSK_idle$sts$unittype
00000000   TSK_idle$tsk
00000000   UDEV$
00000000   _CLK_TDDR
00000000   _CLK_TIMERNUM
00000000   _GBL_CACHE
00000000   _HWI_RESET
00000000   _RTDX_interrupt_mask
00000000   ___data__
00000000   ___edata__
00000000   edata
00000000   hwi0
00000001   BUF_ENABLED
00000001   CLK$
00000001   CLK_CALDIV
00000001   CLK_HTIMEDIV
00000001   CLK_LTIMEDIV
00000001   CLK_USETIMER
00000001   GBL$
00000001   GBL_CALLCSLCFGINIT
00000001   GBL_ENABLEINST
00000001   GBL_L2CONFIGURE
00000001   GBL_L2MARMASK
00000001   GBL_USERINIT
00000001   GBL_boot
00000001   HST$
00000001   HST_RTDX
00000001   HWI$
00000001   HWI_NMI
00000001   HWI_ZEROTAB
00000001   IDL$
00000001   IDL_USECLKIDLTIME
00000001   IDL_busyObj$filter
00000001   IDL_busyObj$iA
00000001   IDL_busyObj$iC
00000001   ISRC$
00000001   KNL_swi$dorta
00000001   KNL_swi$sts$filtmaxmult
00000001   KNL_swi$sts$filtsummult
00000001   LCK$
00000001   LOG$
00000001   LOG_A_TABLEN
00000001   LOG_ENABLED
00000001   MEM$
00000001   MEM_gNumHeap
00000001   PRD$
00000001   QUE$
00000001   RTA_fromHost$id
00000001   RTA_toHost$mode
00000001   RTDX$
00000001   RTDX_NORMALIZED_HDR
00000001   RTDX_USERTDX
00000001   STS$
00000001   SWI$
00000001   SWI_A_TABLEN
00000001   SYS$
00000001   TSK$
00000001   TSK_PRIORITY
00000001   TSK_idle$sts$filtmaxmult
00000001   TSK_idle$sts$filtsummult
00000001   _CLK_USETIMER
00000001   _HWI_NMI
00000001   _LOG_A_TABLEN
00000002   HWI_RESERVED0
00000002   IDL_busyObj$unittype
00000002   KNL_swi$sts$filter
00000002   PIP_A_TABLEN
00000002   PIP_gNumEmbed
00000002   TSK_idle$sts$filter
00000002   _HWI_RESERVED0
00000002   _RTDX_JTAGONLY
00000003   HWI_RESERVED1
00000003   _HWI_RESERVED1
00000004   CLK_CALMULT
00000004   CLK_HTIMEMULT
00000004   HWI_INT4
00000004   RTA_fromHost$framesize
00000004   _HWI_INT4
00000005   HWI_INT5
00000005   _HWI_INT5
00000006   HWI_INT6
00000006   IDL_CALIBRERROR
00000006   _HWI_INT6
00000007   HWI_INT7
00000007   _HWI_INT7
00000008   HWI_INT8
00000008   _HWI_INT8
00000009   HWI_INT9
00000009   _HWI_INT9
0000000a   HWI_INT10
0000000a   _HWI_INT10
0000000b   HWI_INT11
0000000b   _HWI_INT11
0000000c   HWI_INT12
0000000c   _HWI_INT12
0000000d   HWI_INT13
0000000d   _HWI_INT13
0000000e   HWI_INT14
0000000e   _HWI_INT14
0000000f   HWI_INT15
0000000f   _HWI_INT15
00000020   CLK_TCR
00000020   hwi1
0000003e   GBL_DSPTYPE
00000040   HST_MAXFRAMESET
00000040   LOG_system$size
00000040   RTA_toHost$framesize
00000040   hwi2
00000042   GBL_FOOTPRINT
00000060   hwi3
00000064   PIP_OBJSIZE
00000080   hwi4
000000a0   hwi5
000000c0   hwi6
000000e0   hwi7
000000ff   HST_MAXFRAMEALLOWED
00000100   hwi8
00000120   hwi9
00000140   hwi10
00000160   hwi11
00000180   hwi12
000001a0   hwi13
000001c0   hwi14
000001e0   hwi15
00000200   IRAM$B
00000200   _IRAM_base
000003e8   CLK_MICROSECS
00000400   HST_DSMMEMSIZE
00000400   TSK_STACKSIZE
00000400   __STACK_SIZE
00000408   RTDX_BUFMEMSIZE
00001770   GBL_CLKTYPE
00001a39   GBL_DSPSUBTYPE
00002226   GBL_L2ALLOC
00004000   CLK_INTBIT
00004000   PRD_SCALAR
00004018   HWI_CFGDISPATCHED
00004018   _HWI_CFGDISPATCHED
00004e20   GBL_CLKIN
00005205   GBL_A_VERSION
00008000   IRAM$L
00008000   _IRAM_length
00008200   .text
00008200   ___text__
00008200   __divd
00008b00   _swap
00008b60   _bitrev
00008bec   _shuffle
00008d60   _dftmerge
00008f58   _fft
00008fac   _ifft
000090a8   _dft
000093e0   _process_frame
000096cc   _init_hardware
00009774   _init_HWI
00009800   _main
00009a88   _ISR_AIC
00009b40   _cabs
00009bb0   _cmplx
00009bf0   _conjg
00009c44   _cadd
00009cd0   _csub
00009d5c   _cmul
00009dfc   _rmul
00009e68   _cdiv
00009f84   _rdiv
0000a01c   _real
0000a054   _aimag
0000a08c   _cexp
0000a1c0   __divf
0000a7e0   _DSK6713_wait
0000a884   _DSK6713_waitusec
0000a8b8   _DSK6713_rset
0000a8cc   _DSK6713_rget
0000a960   _DSK6713_getVersion
0000a9b0   _DSK6713_init
0000ac60   __frcmpyd_div
0000afe0   _cos
0000b320   _sin
0000b640   _DSK6713_AIC23_openCodec
0000b920   _exp
0000bba0   _memcpy
0000bde0   _sqrt
0000c020   _IRQ_map
0000c1e0   _MCBSP_reset
0000c380   _ldexp
0000c520   _wait500nS
0000c548   GBL_USERINITFXN
0000c548   _GBL_setPLLto225MHz
0000c6a0   _DSK6713_AIC23_rset
0000c768   _DSK6713_AIC23_rget
0000c78c   _DSK6713_AIC23_config
0000c820   __strasgi
0000c960   _call_dtors
0000ca80   _frexp
0000cba0   _memset
0000ccc0   _MCBSP_open
0000cdc0   _MCBSP_start
0000cec0   _atexit
0000cfc0   __frcmpyf_div
0000d0a0   __nround
0000d180   _stereo_write_16Bit
0000d1a8   _stereo_read_16Bit
0000d1d4   _mono_write_16Bit
0000d1fc   _mono_read_16Bit
0000d260   _modf
0000d3e0   __mpyll
0000d520   ___add_dtor
0000d5e0   __trunc
0000d620   __nop
0000d640   __register_lock
0000d660   __register_unlock
0000d680   __IRQ_hookFetchPacket
0000d6a0   LNK_F_checkBufferCall
0000d6a0   ___etext__
0000d6a0   etext
0000d6c0   LNK_F_getChanPtr
0000d718   LNK_F_init
0000d720   LNK_F_dataPump
0000d734   LNK_rcloop
0000d800   LNK_rdrtry
0000d810   LNK_rrloop
0000d8d4   LNK_wrrtry
0000d8e4   LNK_wrloop
0000d9c0   LNK_newin
0000db00   LNK_newout
0000dbba   CLK_COUNTSPMS
0000dbba   CLK_HTIMEPERLTIME
0000dbba   CLK_PRD
0000dbba   _CLK_COUNTSPMS
0000dbba   _CLK_PRD
0000dbef   GBL_TRCMASKVALUE
0000dc64   LNK_F_readCallBack
0000e0d4   __GBL_setL2CacheMode
0000e280   SWI_F_enable
0000e280   __SWI_lat3beg
0000e2ec   __SWI_lat3end
0000e2f0   SWI_F_post
0000e2f0   _SWI_post
0000e42c   __SWI_lat1beg
0000e49c   SWI_EXECFXN
0000e49c   SWI_F_exec
0000e4c8   SWI_F_iexec
0000e4e0   __SWI_lat1end
0000e4e4   __SWI_lat2beg
0000e554   __SWI_lat2end
0000e558   SWI_F_run
0000e558   SWI_RUNFXN
0000e7c0   CLK_HOOKFXN
0000e7c0   HWI_F_dispatch
0000e7c0   _HWI_F_dispatch
0000e7c0   __HWI_lat1beg
0000e940   __HWI_lat1end
0000e940   __HWI_lat2beg
0000ea6c   __HWI_lat2end2
0000ea9c   __HWI_lat3end2
0000eae0   __HWI_lat2end1
0000eb00   __HWI_lat3beg
0000ec00   __HWI_lat3end1
0000ec20   _free
0000ec4c   _malloc
0000ecd0   _realloc
0000ee14   _memalign
0000ef68   _calloc
0000f000   PRD_F_swi
0000f2c0   PRD_F_tick
0000f3a0   _KNL_run
0000f660   RTA_F_getlog
0000f6a4   RTA_F_getsts
0000f6ec   RTA_F_readblk
0000f70c   RTA_F_writeword
0000f718   RTA_F_resetmem
0000f718   __RTA_lat1beg
0000f750   __RTA_lat1end
0000f758   RTA_F_dispatch
0000f7a8   RTA_execute
0000f920   _SEM_pendEnterKnl
0000fbe0   _MEM_alloc
000100a0   PRD_THOOKFXN
000100a0   _KNL_tick
000100c0   _MEM_free
00010300   PIP_F_take
00010394   PIP_F_give
00010394   PIP_F_probe
00010468   PIP_F_start
00010540   __SEM_dopost
00010760   _TSK_setup
00010960   _KNL_saveIsrFrame
00010a2c   _KNL_switch
00010ae0   KNL_glue
00010b20   CLK_F_getltime
00010b34   CLK_F_isr
00010c94   CLK_F_itime
00010c94   _CLK_F_itime
00010c94   _CLK_itime
00010cb0   __CLK_lat1beg
00010cdc   __CLK_lat1end
00010ce0   _TSK_exit
00010e80   __auto_init
000110c0   _TSK_startup
00011180   _KNL_check
000111d0   __KNL_lat1beg
00011258   _KNL_idle
00011258   __KNL_lat1end
0001127c   _KNL_max
000112c0   _GBL_cslCacheInit
000113a0   _KNL_exit
000113f4   _KNL_enter
00011480   _SEM_postEnterKnl
00011560   _SEM_post
00011560   _SEM_postBinary
00011640   _CLK_measure
00011720   _KNL_ipost
000117e0   _KNL_post
000118a0   _LCK_post
000118d0   _LCK_pend
00011960   _SYS_exit
00011a20   CLK_F_getfhtime
00011a40   CLK_F_gethtime
00011a40   CLK_F_getshtime
00011a40   CLK_TIMEFXN
00011ae0   FXN_F_nop
00011ae8   FXN_F_run
00011ae8   _FXN_F_run
00011b38   FXN_F_zero
00011b38   _FXN_F_zero
00011b60   IDL_F_busy
00011b60   __IDL_lat1beg
00011bb0   __IDL_lat1end
00011be0   LOG_F_event
00011be0   _LOG_event
00011be0   __LOG_lat1beg
00011c60   STS_F_delta
00011c60   _STS_delta
00011c98   STS_F_add
00011c98   _STS_add
00011cc4   STS_F_reset
00011cc4   _STS_reset
00011ce0   IDL_F_calibrate
00011d60   _SYS_error
00011dc0   _HWI_disable
00011dd8   _HWI_enable
00011dec   _HWI_restore
00011e20   _SEM_pend
00011e80   _SYS_abort
00011ee0   SYS_PUTCFXN
00011ee0   _UTL_doPutc
00011f40   _CLK_start
00011fa0   IDL_CALIBRFXN
00011fa0   IDL_F_stub
00011fe0   RTA_F_andn
00012000   RTA_F_or
00012020   SYS_ABORTFXN
00012020   _UTL_doAbort
00012060   _CLK_stop
000120a0   GIO_CREATEFXN
000120a0   GIO_DELETEFXN
000120a0   GIO_PENDFXN
000120a0   GIO_POSTFXN
000120a0   TSK_VCREATEFXN
000120a0   TSK_VDELETEFXN
000120a0   TSK_VEXITFXN
000120a0   _FXN_F_nop
000120c0   _GBL_getVersion
000120e0   IDL_F_loop
000120e0   _IDL_loop
00012100   _STS_set
00012120   SYS_ERRORFXN
00012120   _UTL_doError
00012140   SYS_EXITFXN
00012140   _UTL_halt
00012160   ___cinit__
00012160   cinit
0001322c   RTA_fromHost$buf
00013240   _RTDX_Poll
00013640   _RTDX_Buffer_WriteCB
00013c80   _RTDX_Mon_Queue
00013ea0   _RTDX_Init_RT_Monitor
00013f20   _RTDX_Buffer_Initialize
00013f80   _RTDX_Buffer_ReadCB
00013fe0   _RTDX_Buffer_Size
00014020   _RTDX_Final_RT_Monitor
00014060   _RTDX_Buffer_Read
00014080   _RTDX_Buffer_Write
000140c0   _RTDX_Mask_IER
000140e0   ___atexit_func_id__
00014290   __IRQ_eventTable
00014314   __IRQ_intTable
00014354   __IRQ_dispatchTable
0001435c   _KNL_queues
000143fc   _KNL_dummy
00014434   _TSK_ATTRS
00014450   _TSK_config
00014470   _TSK_timerSem
00014490   _OBJ_table
000144c8   _OBJ_segtab
000144e4   __TSK_mutex
0001450c   __MEM_mutex
00014534   _errno
000145e8   __MCBSP_hDev0
000145ec   __MCBSP_hDev1
00014648   _Config
00014670   _SYS_exitStack
000146ac   __cleanup_ptr
000146b0   __dtors_ptr
000146b4   ___TI_enable_exit_profile_output
000146b8   __lock
000146bc   __unlock
000146d0   _dtors
000146d4   ___pinit__
000146d4   pinit
000146e0   BIOS_init
000146e0   _BIOS_init
0001485c   BIOS$$CLKON
0001489c   BIOS$$CLKOFF
00014904   BIOS_start
00014904   _BIOS_start
000149c0   _MEM_init
00014aa0   _c_int00
00014b60   _TSK_init
00014be0   _OBJ_init
00014c00   _RTDX_Buffer
00015008   _RTDX_Buffer_Start
0001500c   _RTDX_Buffer_End
00015010   _rtdx_buffer_state
0001501c   _RTDX_writing
00015030   _rtdx_mon_state
00015050   TSK_idle$stack
000153e8   TSK_idle$stkptr
00015450   GBL_stackbeg
00015450   _HWI_STKTOP
00015450   __stack
00015848   _HWI_STKBOTTOM
0001584f   GBL_stackend
00015850   $bss
00015850   .bss
00015850   _HWI_dispatchTab
00015850   ___bss__
00015950   IDL_D_tabbeg
00015954   IDL_D_calibrate
00015958   IDL_D_calbeg
0001595c   LOG_D_system
0001595c   _LOG_D_system
00015960   PIP_D_tabbeg
00015964   PIP_D_tablen
00015968   CLK_R_time
0001596c   CLK_D_timefxn
00015970   CLK_D_tabbeg
00015974   CLK_D_isrhook
00015978   CLK_D_idletime
0001597c   _CLK_htimeDiv
00015980   _CLK_htimeMult
00015984   _CLK_ltimeDiv
00015988   _CLK_ltimeMult
0001598c   _CLK_D_dirty
00015990   _CLK_D_prd
00015994   _CLK_D_tddr
00015998   _CLK_D_countspms
0001599c   PRD_D_tick
0001599c   _PRD_D_tick
000159a0   PRD_D_cur
000159a4   PRD_D_elapsed
000159a8   PRD_D_prevtim
000159ac   PRD_D_scalar
000159b0   PRD_D_swihandle
000159b4   PRD_D_tabbeg
000159b8   PRD_D_tablen
000159bc   PRD_D_thook
000159c0   RTA_D_fromHost
000159c4   RTA_D_toHost
000159c8   RTA_D_logval
000159d8   RTA_D_stsval
000159e4   HST_D_chanmask
000159e8   HST_D_tabbeg
000159ec   HST_D_tabend
000159f0   _GBL_procId
000159f4   _GBL_clkIn
000159f8   _GBL_freq
000159fc   _MEM_D_NUMSEGMENTS
00015a00   _MEM_D_memtab
00015a04   _MEM_D_freelist
00015a08   _MEM_D_lockaddr
00015a0c   _MEM_D_unlockaddr
00015a10   _SYS
00015a14   __HOOK_knlId
00015a18   __HOOK_NUMHOOKS
00015a1c   SWI_D_runaddr
00015a1c   _SWI_D_runaddr
00015a1c   _SWI_data
00015a20   SWI_D_execaddr
00015a20   _SWI_D_execaddr
00015a24   SWI_D_curmask
00015a24   _SWI_D_curmask
00015a28   SWI_D_curset
00015a28   _SWI_D_curset
00015a2c   SWI_D_lock
00015a2c   _SWI_D_lock
00015a30   SWI_D_curmbox
00015a34   SWI_D_curfxn
00015a34   _SWI_D_curfxn
00015a38   SWI_D_rdybeg
00015a38   _SWI_D_rdybeg
00015a3c   SWI_D_inswi
00015a3c   _SWI_D_inswi
00015a40   SWI_D_rdytab
00015ab8   _KNL_wFlag
00015abc   _KNL_wList
00015ac0   _KNL_alarm
00015ac4   _KNL_setpri
00015ac8   _KNL_inactive
00015acc   _KNL_priority
00015ad0   _KNL_set
00015ad4   _KNL_curtask
00015ad8   _KNL_prevtask
00015adc   _KNL_curtime
00015ae0   _KNL_swiptr
00015ae4   _KNL_curqueue
00015ae8   _KNL_maxqueue
00015aec   _KNL_tswitchfxn
00015af0   _KNL_tcreatefxn
00015af4   _KNL_tdeletefxn
00015af8   _KNL_treadyfxn
00015afc   _KNL_idlefxn
00015b00   _H_Codec
00015b04   _inbuffer
00015b08   _outbuffer
00015b0c   _inframe
00015b10   _outframe
00015b14   _inwin
00015b18   _outwin
00015b1c   _ingain
00015b20   _outgain
00015b24   _cpufrac
00015b28   _io_ptr
00015b2c   _frame_ptr
00015b30   _MEM_memtab
00015b3c   HST_DSMBUFSEG
00015b3c   IRAM
00015b3c   MEM_MALLOCSEG
00015b3c   MEM_SEGZERO
00015b3c   RTDX_DATAMEMSEG
00015b3c   _IRAM
00015b40   RTA_fromHost$pipe$dtab
00015b4c   RTA_toHost$pipe$dtab
00015b58   HWI_D_spsave
00015b58   _HWI_D_spsave
00015b58   _HWI_data
00015b64   _HWI_D_inhwi
00015b68   HWI_D_bss
00015b6c   HWI_D_ccmask
00015b70   LNK_dspFrameRequestMask
00015b70   _LNK_dspFrameRequestMask
00015b74   LNK_dspFrameReadyMask
00015b74   _LNK_dspFrameReadyMask
00015b78   LNK_readPend
00015b78   _LNK_readPend
00015b7c   LNK_readDone
00015b7c   _LNK_readDone
00015b80   LNK_readFail
00015b80   _LNK_readFail
00015b84   LNK_writeFail
00015b84   _LNK_writeFail
00015b90   _rtdxNullChanCnt
00015b94   _rtdxNullFuncCnt
00015b98   _TSK_nTasks
00015b9c   _TSK_pid
00015ba0   _TSK
00015ba4   _CLK_DFLTMICROSECS
00015ba8   _CLK_D_microseconds
00015bac   _SYS_exitStackPtr
00015bb0   _SYS_exitStackTop
00015bb4   _DSK6713_AIC23_codeccontrolhandle
00015bb8   _DSK6713_AIC23_codecdatahandle
00015bbc   _CLK_htimePerLtime
00015bc4   IDL_D_busyObj
00015bc8   _MEM
00015bcc   _DSK6713_version
00015bce   ___end__
00015bce   end
00015bd0   _SYS_PUTCBEG
00015dcf   _SYS_PUTCEND
00015ed1   KNL_swi$sts$maxfmt
00015ed4   KNL_swi
00015ed4   SWI_A_TABBEG
00015ed4   _KNL_swi
00015ed9   KNL_swi$sts$sumfmt
00015ee1   KNL_swi$sts$avgfmt
00015eeb   TSK_idle$sts$maxfmt
00015ef3   TSK_idle$sts$sumfmt
00015efb   TSK_idle$sts$avgfmt
00015f00   LOG_system$buf
00015f00   SWI_A_TABEND
00015f05   IDL_busyObj$maxfmt
00015f08   IDL_busyObj$sumfmt
00015f0b   IDL_busyObj$avgfmt
00016000   RTA_toHost$buf
00016100   PIP_A_TABBEG
00016100   RTA_fromHost$pipe
00016100   _PIP_A_TABBEG
00016104   RTA_fromHost$pipe$rd
00016130   RTA_fromHost$pipe$aaa
00016134   RTA_fromHost$pipe$wr
00016160   RTA_fromHost$pipe$bbb
00016164   RTA_toHost$pipe
00016168   RTA_toHost$pipe$rd
00016194   RTA_toHost$pipe$aaa
00016198   RTA_toHost$pipe$wr
000161c4   RTA_toHost$pipe$bbb
000161c8   PIP_A_TABEND
000161c8   _PIP_A_TABEND
000161d4   TSK_idle
000161d4   _TSK_idle
00016268   HST_A_TABBEG
00016268   _HST_A_TABBEG
0001626c   RTA_fromHost
0001626c   _RTA_fromHost
00016274   RTA_fromHost$rtdx
00016288   RTA_toHost
00016288   _RTA_toHost
00016290   RTA_toHost$rtdx
000162a4   HST_A_TABEND
000162a4   KNL_swi$sts$stsobj
000162a4   STS_A_TABBEG
000162a4   _HST_A_TABEND
000162a4   _STS_A_TABBEG
000162a8   KNL_swi$sts
000162b4   TSK_idle$sts$stsobj
000162b8   TSK_idle$sts
000162c4   IDL_busyObj$stsobj
000162c8   IDL_busyObj
000162c8   _IDL_busyObj
000162d4   STS_A_TABEND
000162d4   _STS_A_TABEND
000162fc   LOG_A_TABBEG
000162fc   LOG_system
000162fc   _LOG_A_TABBEG
000162fc   _LOG_system
00016314   IDL_A_TABBEG
00016314   IDL_cpuLoad
00016314   LOG_A_TABEND
00016314   _IDL_cpuLoad
00016314   _LOG_A_TABEND
00016318   LNK_dataPump
00016318   _LNK_dataPump
0001631c   RTA_dispatcher
0001631c   _RTA_dispatcher
00016320   IDL_END
00016324   IDL_A_CALBEG
00016324   IDL_cpuLoad$
00016328   LNK_dataPump$
0001632c   RTA_dispatcher$
00016330   IDL_END$
00016334   SYS$config
00016344   TRC_cinit
00016348   TRC_R_mask
00016348   _TRC_R_mask
0001634c   GBL_initdone
00016350   CLK_A_TABBEG
00016350   PRD_clock
00016350   _PRD_clock
00016354   CLK_null
00036ee8   CLK_LTIMEMULT
00036ee8   GBL_FREQ
01940000   CLK_REGS
01940000   _CLK_REGS
082039a3   HWI_INTRMULTHIGH
310718af   HWI_INTRMULTLOW
ffffffff   SDRAM
ffffffff   _SDRAM
ffffffff   ___TI_pprof_out_hndl
ffffffff   ___TI_prof_data_size
ffffffff   ___TI_prof_data_start
ffffffff   ___binit__
ffffffff   ___c_args__
ffffffff   binit

[769 symbols]
