******************************************************************************
               TMS320C6x Linker PC v6.1.15                     
******************************************************************************
>> Linked Sat Mar 29 21:55:43 2014

OUTPUT FILE NAME:   <RTDSP.out>
ENTRY POINT SYMBOL: "_c_int00"  address: 000181a0


MEMORY CONFIGURATION

         name            origin    length      used     unused   attr    fill
----------------------  --------  ---------  --------  --------  ----  --------
  IRAM                  00000000   00040000  00019aa7  00026559  RWIX
  SDRAM                 80000000   00800000  00000000  00800000  RWIX


SECTION ALLOCATION MAP

 output                                  attributes/
section   page    origin      length       input sections
--------  ----  ----------  ----------   ----------------
.vers      0    00000000    00000040     COPY SECTION
                  00000000    00000040     dsp_bios_cfg.obj (.vers)

.prd       0    00000000    00000000     UNINITIALIZED

.hwi_vec   0    00000000    00000200     
                  00000000    00000200     dsp_bios_cfg.obj (.hwi_vec)

.data      0    00000000    00000000     UNINITIALIZED

.IRAM$heap 
*          0    00000200    00008000     UNINITIALIZED
                  00000200    00008000     --HOLE--

.text      0    00008200    00006320     
                  00008200    000014c0     enhance.obj (.text)
                  000096c0    00000900     rts6700.lib : divd.obj (.text:__divd)
                  00009fc0    000008e0     fft_functions.obj (.text)
                  0000a8a0    00000680     complex.obj (.text)
                  0000af20    00000620     rts6700.lib : divf.obj (.text:__divf)
                  0000b540    00000480     dsk6713bslccsv4.lib : dsk6713.obj (.text)
                  0000b9c0    00000380     rts6700.lib : frcmpyd_div.obj (.text:__frcmpyd_div)
                  0000bd40    00000340                 : cos.obj (.text:_cos)
                  0000c080    00000320                 : sin.obj (.text:_sin)
                  0000c3a0    000002e0     dsk6713bslccsv4.lib : dsk6713_aic23_opencodec.obj (.text)
                  0000c680    00000280     rts6700.lib : exp.obj (.text:_exp)
                  0000c900    00000240                 : memcpy62.obj (.text:_memcpy)
                  0000cb40    00000240                 : sqrt.obj (.text:_sqrt)
                  0000cd80    000001c0     csl6713.lib : csl_irq.obj (.text:_IRQ_map)
                  0000cf40    000001a0                 : csl_mcbsp.obj (.text:_MCBSP_reset)
                  0000d0e0    000001a0     rts6700.lib : ldexp.obj (.text:_ldexp)
                  0000d280    00000180     bios.a67 : gbl_cslpllinit62.o67 (.text)
                  0000d400    00000180     dsk6713bslccsv4.lib : dsk6713_aic23_registers.obj (.text)
                  0000d580    00000140     rts6700.lib : strasg.obj (.text:__strasgi)
                  0000d6c0    00000120                 : divi.obj (.text:__divi)
                  0000d7e0    00000120                 : sinit.obj (.text:_call_dtors)
                  0000d900    00000120                 : frexp.obj (.text:_frexp)
                  0000da20    00000120                 : memset.obj (.text:_memset)
                  0000db40    00000100     csl6713.lib : csl_mcbsp.obj (.text:_MCBSP_open)
                  0000dc40    00000100                 : csl_mcbsp.obj (.text:_MCBSP_start)
                  0000dd40    00000100     rts6700.lib : atexit.obj (.text:_atexit)
                  0000de40    000000e0                 : frcmpyf_div.obj (.text:__frcmpyf_div)
                  0000df20    000000e0                 : round.obj (.text:__nround)
                  0000e000    000000e0     dsk6713bslccsv4.lib : helper_functions_ISR.obj (.text)
                  0000e0e0    000000c0     rts6700.lib : modf.obj (.text:_modf)
                  0000e1a0    000000c0     bios.a67 : tsk_stup.o67 (.text)
                  0000e260    000000a0     rts6700.lib : mpyll.obj (.text:__mpyll)
                  0000e300    000000a0     csl6713.lib : csl_irq.obj (.text:_setMux)
                  0000e3a0    00000040     rts6700.lib : sinit.obj (.text:___add_dtor)
                  0000e3e0    00000040                 : divd.obj (.text:___isnan)
                  0000e420    00000040                 : divf.obj (.text:___isnanf)
                  0000e460    00000040                 : trunc.obj (.text:__trunc)
                  0000e4a0    00000020                 : _lock.obj (.text:__nop)
                  0000e4c0    00000020                 : _lock.obj (.text:__register_lock)
                  0000e4e0    00000020                 : _lock.obj (.text:__register_unlock)
                  0000e500    00000020     csl6713.lib : csl_irq.obj (.text)

.bios      0    0000e520    00004ac0     
                  0000e520    00000600     lnkrtdx.a67 : rtdx.o67 (.bios)
                  0000eb20    000005e0     bios.a67 : gbl_setL2CacheMode.o67 (.bios)
                  0000f100    00000540              : swi.o67 (.bios)
                  0000f640    00000460              : hwi_disp_asm.o67 (.bios)
                  0000faa0    000003e0              : malloc.o67 (.bios)
                  0000fe80    000003a0              : prd.o67 (.bios)
                  00010220    000002c0              : knl_run.o67 (.bios)
                  000104e0    000002c0              : rta.o67 (.bios)
                  000107a0    000002c0              : sem_pend.o67 (.bios)
                  00010a60    00000280              : mem_allo.o67 (.bios:.near)
                  00010ce0    00000260              : knl_tick.o67 (.bios)
                  00010f40    00000240              : mem_free.o67 (.bios:.near)
                  00011180    00000240              : pip.o67 (.bios)
                  000113c0    00000220              : sem_dopo.o67 (.bios)
                  000115e0    00000200              : tsk_setu.o67 (.bios)
                  000117e0    000001c0              : knl_swit.o67 (.bios)
                  000119a0    000001c0     biosC6000.a67 : clk.o67 (.bios)
                  00011b60    000001a0     bios.a67 : tsk_exit.o67 (.bios)
                  00011d00    00000180              : autoinit.o67 (.bios)
                  00011e80    00000180              : tsk_stup.o67 (.bios)
                  00012000    00000140              : knl_chec.o67 (.bios)
                  00012140    000000e0              : gbl_cslcacheinit.o67 (.bios)
                  00012220    000000e0              : knl_exit.o67 (.bios)
                  00012300    000000e0              : sem_post.o67 (.bios)
                  000123e0    000000e0              : sem_post_asm.o67 (.bios)
                  000124c0    000000e0     biosC6000.a67 : clk_meas.o67 (.bios)
                  000125a0    000000c0     bios.a67 : knl_ipos.o67 (.bios)
                  00012660    000000c0              : knl_post.o67 (.bios)
                  00012720    000000c0              : lck.o67 (.bios)
                  000127e0    000000c0              : sys_exit.o67 (.bios)
                  000128a0    000000c0     biosC6000.a67 : clk_htime.o67 (.bios)
                  00012960    00000080     bios.a67 : fxn.o67 (.bios)
                  000129e0    00000080              : idl_busy.o67 (.bios)
                  00012a60    00000080              : log.o67 (.bios)
                  00012ae0    00000080              : sts.o67 (.bios)
                  00012b60    00000080     biosC6000.a67 : idl_cal.o67 (.bios)
                  00012be0    00000060     bios.a67 : sys_erro.o67 (.bios:.near)
                  00012c40    00000060              : hwi_c.o67 (.bios)
                  00012ca0    00000060              : sem_pend_counting.o67 (.bios)
                  00012d00    00000060              : sys_abor.o67 (.bios)
                  00012d60    00000060              : utl_putc.o67 (.bios)
                  00012dc0    00000060     biosC6000.a67 : clk_start.o67 (.bios)
                  00012e20    00000040     bios.a67 : idl_stub.o67 (.bios)
                  00012e60    00000040              : rta_andn.o67 (.bios)
                  00012ea0    00000040              : utl_doab.o67 (.bios)
                  00012ee0    00000040     biosC6000.a67 : clk_stop.o67 (.bios)
                  00012f20    00000020     bios.a67 : fxn_c.o67 (.bios)
                  00012f40    00000020              : gbl_vers.o67 (.bios)
                  00012f60    00000020              : idl.o67 (.bios)
                  00012f80    00000020              : sts_set.o67 (.bios)
                  00012fa0    00000020              : utl_doer.o67 (.bios)
                  00012fc0    00000020              : utl_halt.o67 (.bios)

.far       0    00012fe0    00002e1c     UNINITIALIZED
                  00012fe0    00002850     enhance.obj (.far)
                  00015830    00000188     rts6700.lib : atexit.obj (.far)
                  000159b8    000000f4     csl6713.lib : csl_irq.obj (.far)
                  00015aac    000000d8     bios.a67 : knl.o67 (.far)
                  00015b84    0000005c              : tsk.o67 (.far)
                  00015be0    00000054              : obj_init.o67 (.far)
                  00015c34    00000050              : tsk_stup.o67 (.far)
                  00015c84    00000004     rts6700.lib : errno.obj (.far)
                  00015c88    00000040                 : cos.obj (.far)
                  00015cc8    00000040                 : sin.obj (.far)
                  00015d08    00000038     csl6713.lib : csl_mcbsp.obj (.far)
                  00015d40    00000030     rts6700.lib : exp.obj (.far)
                  00015d70    00000028     dsk6713bslccsv4.lib : dsk6713_aic23_registers.obj (.far)
                  00015d98    00000020     bios.a67 : sys.o67 (.far)
                  00015db8    00000010              : knl_tick.o67 (.far)
                  00015dc8    0000000c              : utl_putc.o67 (.far)
                  00015dd4    0000000c     rts6700.lib : exit.obj (.far)
                  00015de0    00000008                 : _lock.obj (.far)
                  00015de8    00000008                 : divd.obj (.far)
                  00015df0    00000008                 : divf.obj (.far)
                  00015df8    00000004                 : sinit.obj (.far)

.args      0    00015dfc    00000004     
                  00015dfc    00000004     --HOLE-- [fill = 0]

.cinit     0    00015e00    0000112c     
                  00015e00    000005ac     dsp_bios_cfg.obj (.cinit)
                  000163ac    00000004     --HOLE-- [fill = 0]
                  000163b0    0000026c     bios.a67 : biosdata.o67 (.cinit)
                  0001661c    00000004     --HOLE-- [fill = 0]
                  00016620    000001a4              : knl.o67 (.cinit)
                  000167c4    00000004     --HOLE-- [fill = 0]
                  000167c8    0000012c     csl6713.lib : csl_irq.obj (.cinit)
                  000168f4    00000004     --HOLE-- [fill = 0]
                  000168f8    000000b0     bios.a67 : swi.o67 (.cinit)
                  000169a8    000000ac     enhance.obj (.cinit)
                  00016a54    00000004     --HOLE-- [fill = 0]
                  00016a58    00000070     bios.a67 : tsk.o67 (.cinit)
                  00016ac8    00000060              : tsk_stup.o67 (.cinit)
                  00016b28    0000005c     lnkrtdx.a67 : rtdx.o67 (.cinit)
                  00016b84    00000004     --HOLE-- [fill = 0]
                  00016b88    00000054     csl6713.lib : csl_mcbsp.obj (.cinit)
                  00016bdc    00000004     --HOLE-- [fill = 0]
                  00016be0    0000004c     bios.a67 : rta.o67 (.cinit)
                  00016c2c    00000004     --HOLE-- [fill = 0]
                  00016c30    0000004c     rtdx.lib : buffer1.o62 (.cinit)
                  00016c7c    00000004     --HOLE-- [fill = 0]
                  00016c80    00000048     rts6700.lib : cos.obj (.cinit)
                  00016cc8    00000048                 : sin.obj (.cinit)
                  00016d10    00000040                 : exp.obj (.cinit)
                  00016d50    00000034     bios.a67 : hwi.o67 (.cinit)
                  00016d84    00000004     --HOLE-- [fill = 0]
                  00016d88    00000030     dsk6713bslccsv4.lib : dsk6713_aic23_registers.obj (.cinit)
                  00016db8    0000002c     bios.a67 : utl_putc.o67 (.cinit)
                  00016de4    00000004     --HOLE-- [fill = 0]
                  00016de8    0000002c     rts6700.lib : exit.obj (.cinit)
                  00016e14    00000004     --HOLE-- [fill = 0]
                  00016e18    00000024     bios.a67 : obj_init.o67 (.cinit)
                  00016e3c    00000004     --HOLE-- [fill = 0]
                  00016e40    0000001c              : sys.o67 (.cinit)
                  00016e5c    00000004     --HOLE-- [fill = 0]
                  00016e60    0000001c     rts6700.lib : _lock.obj (.cinit)
                  00016e7c    00000004     --HOLE-- [fill = 0]
                  00016e80    0000001c                 : atexit.obj (.cinit)
                  00016e9c    00000004     --HOLE-- [fill = 0]
                  00016ea0    00000018     bios.a67 : knl_tick.o67 (.cinit)
                  00016eb8    00000010     rts6700.lib : divd.obj (.cinit)
                  00016ec8    00000010                 : divf.obj (.cinit)
                  00016ed8    0000000c     bios.a67 : gbl_setL2CacheMode.o67 (.cinit)
                  00016ee4    00000004     --HOLE-- [fill = 0]
                  00016ee8    0000000c              : idl_busy.o67 (.cinit)
                  00016ef4    00000004     --HOLE-- [fill = 0]
                  00016ef8    0000000c              : knl_swit.o67 (.cinit)
                  00016f04    00000004     --HOLE-- [fill = 0]
                  00016f08    0000000c     rts6700.lib : errno.obj (.cinit)
                  00016f14    00000004     --HOLE-- [fill = 0]
                  00016f18    0000000c                 : sinit.obj (.cinit)
                  00016f24    00000004     --HOLE-- [fill = 0]
                  00016f28    00000004     (.pad.cinit) [fill = 0]

.hst1      0    00016f2c    00000010     UNINITIALIZED
                  00016f2c    00000010     dsp_bios_cfg.obj (.hst1)

.mem       0    00016f3c    00000004     UNINITIALIZED
                  00016f3c    00000004     dsp_bios_cfg.obj (.mem)

.rtdx_text 
*          0    00016f40    00000ea0     
                  00016f40    00000400     rtdx.lib : rtdx_mon.o62 (.rtdx_text:_RTDX_Poll)
                  00017340    00000340              : buffer1.o62 (.rtdx_text:_RTDX_Buffer_WriteCB)
                  00017680    00000300              : buffer1.o62 (.rtdx_text:_RTDX_write_next)
                  00017980    00000140              : rtdx_mon.o62 (.rtdx_text:_RTDX_Mon_Queue)
                  00017ac0    000000e0              : buffer1.o62 (.rtdx_text:_claim)
                  00017ba0    00000080              : rtdx_mon.o62 (.rtdx_text:_RTDX_Init_RT_Monitor)
                  00017c20    00000060              : buffer1.o62 (.rtdx_text:_RTDX_Buffer_Initialize)
                  00017c80    00000060              : buffer2.o62 (.rtdx_text:_RTDX_Buffer_ReadCB)
                  00017ce0    00000040              : buffer1.o62 (.rtdx_text:_RTDX_Buffer_Size)
                  00017d20    00000040              : rtdx_mon.o62 (.rtdx_text:_RTDX_Final_RT_Monitor)
                  00017d60    00000020              : buffer2.o62 (.rtdx_text:_RTDX_Buffer_Read)
                  00017d80    00000020              : buffer1.o62 (.rtdx_text:_RTDX_Buffer_Write)
                  00017da0    00000020              : rtdx_mon.o62 (.rtdx_text:_RTDX_checksum)
                  00017dc0    00000020              : intr_tgt.o62 (.rtdx_text)

.sysinit   0    00017de0    00000520     
                  00017de0    000002e0     dsp_bios_cfg.obj (.sysinit)
                  000180c0    000000e0     bios.a67 : mem_init.o67 (.sysinit)
                  000181a0    000000c0              : boot.o67 (.sysinit)
                  00018260    00000080              : tsk_init.o67 (.sysinit)
                  000182e0    00000020              : obj_init.o67 (.sysinit)

.rtdx_data 
*          0    00018300    0000044c     UNINITIALIZED
                  00018300    00000410     dsp_bios_cfg.obj (.rtdx_data)
                  00018710    00000020     rtdx.lib : buffer1.o62 (.rtdx_data)
                  00018730    0000001c              : rtdx_mon.o62 (.rtdx_data)

.TSK_idle$stk 
*          0    00018750    00000400     UNINITIALIZED
                  00018750    00000400     dsp_bios_cfg.obj (.TSK_idle$stk)

.stack     0    00018b50    00000400     UNINITIALIZED
                  00018b50    00000400     --HOLE--

.bss       0    00018f50    000003aa     UNINITIALIZED
                  00018f50    00000100     bios.a67 : hwi_disp_asm.o67 (.bss)
                  00019050    000000cc              : biosdata.o67 (.bss)
                  0001911c    0000009c              : swi.o67 (.bss)
                  000191b8    0000005c     enhance.obj (.bss)
                  00019214    00000048     bios.a67 : knl.o67 (.bss)
                  0001925c    00000028     dsp_bios_cfg.obj (.bss)
                  00019284    00000018     bios.a67 : hwi.o67 (.bss)
                  0001929c    00000018     lnkrtdx.a67 : rtdx.o67 (.bss)
                  000192b4    00000010     rtdx.lib : buffer1.o62 (.bss)
                  000192c4    0000000c     bios.a67 : tsk.o67 (.bss)
                  000192d0    00000008              : clk_data.o67 (.bss)
                  000192d8    00000008              : sys.o67 (.bss)
                  000192e0    00000008     dsk6713bslccsv4.lib : dsk6713_aic23_opencodec.obj (.bss)
                  000192e8    00000004     bios.a67 : clk_data2.o67 (.bss)
                  000192ec    00000004              : gbl_setL2CacheMode.o67 (.bss)
                  000192f0    00000004              : idl_busy.o67 (.bss)
                  000192f4    00000004              : mem_asm.o67 (.bss)
                  000192f8    00000002     dsk6713bslccsv4.lib : dsk6713.obj (.bss)

.trace     0    000192fc    00000200     
                  000192fc    00000200     --HOLE-- [fill = 00000000]

.const     0    00019500    00000101     
                  00019500    0000004e     bios.a67 : tsk_stup.o67 (.const)
                  0001954e    00000002     --HOLE-- [fill = 0]
                  00019550    00000040     dsk6713bslccsv4.lib : dsk6713_aic23_opencodec.obj (.const)
                  00019590    00000023     bios.a67 : utl_doab.o67 (.const)
                  000195b3    00000022              : utl_doer.o67 (.const)
                  000195d5    00000003     --HOLE-- [fill = 0]
                  000195d8    00000020     dsk6713bslccsv4.lib : dsk6713.obj (.const)
                  000195f8    00000004     bios.a67 : mem_allo.o67 (.const)
                  000195fc    00000004              : mem_free.o67 (.const)
                  00019600    00000001              : tsk.o67 (.const)

.printf    0    00019601    0000003f     COPY SECTION
                  00019601    0000003f     dsp_bios_cfg.obj (.printf)

.pip       0    00019604    000000c8     UNINITIALIZED
                  00019604    000000c8     dsp_bios_cfg.obj (.pip)

.sts       0    000196cc    00000030     
                  000196cc    00000030     dsp_bios_cfg.obj (.sts)

.LOG_system$buf 
*          0    00019700    00000100     UNINITIALIZED
                  00019700    00000100     dsp_bios_cfg.obj (.LOG_system$buf)

.hst0      0    00019800    00000100     UNINITIALIZED
                  00019800    00000100     dsp_bios_cfg.obj (.hst0)

.tsk       0    00019900    00000060     UNINITIALIZED
                  00019900    00000060     dsp_bios_cfg.obj (.tsk)

.switch    0    00019960    00000048     
                  00019960    00000028     rtdx.lib : rtdx_mon.o62 (.switch)
                  00019988    00000020     enhance.obj (.switch)

.gblinit   0    000199a8    00000040     
                  000199a8    00000040     dsp_bios_cfg.obj (.gblinit)

.hst       0    000199e8    0000003c     UNINITIALIZED
                  000199e8    0000003c     dsp_bios_cfg.obj (.hst)

.swi       0    00019a24    0000002c     UNINITIALIZED
                  00019a24    0000002c     dsp_bios_cfg.obj (.swi)

.log       0    00019a50    00000018     
                  00019a50    00000018     dsp_bios_cfg.obj (.log)

.idl       0    00019a68    00000010     UNINITIALIZED
                  00019a68    00000010     dsp_bios_cfg.obj (.idl)

.idlcal    0    00019a78    00000010     UNINITIALIZED
                  00019a78    00000010     dsp_bios_cfg.obj (.idlcal)

.sys       0    00019a88    00000010     UNINITIALIZED
                  00019a88    00000010     dsp_bios_cfg.obj (.sys)

.pinit     0    00019a98    0000000c     
                  00019a98    00000004     rtdx.lib : buffer1.o62 (.pinit)
                  00019a9c    00000004              : rtdx_mon.o62 (.pinit)
                  00019aa0    00000004     --HOLE-- [fill = 0]

.trcdata   0    00019aa4    0000000c     
                  00019aa4    0000000c     bios.a67 : trc.o67 (.trcdata)

.clk       0    00019ab0    00000008     UNINITIALIZED
                  00019ab0    00000008     dsp_bios_cfg.obj (.clk)


GLOBAL SYMBOLS: SORTED ALPHABETICALLY BY Name 

address    name
--------   ----
00018f50   $bss
00018f50   .bss
00000000   .data
00008200   .text
00017f9c   BIOS$$CLKOFF
00017f5c   BIOS$$CLKON
00017de0   BIOS_init
00018004   BIOS_start
00000000   BUF$
00000001   BUF_ENABLED
00000001   CLK$
00019ab0   CLK_A_TABBEG
00000001   CLK_CALDIV
00000004   CLK_CALMULT
0000dbba   CLK_COUNTSPMS
00000000   CLK_COUNTSPMSHIGH
00019078   CLK_D_idletime
00019074   CLK_D_isrhook
00019070   CLK_D_tabbeg
0001906c   CLK_D_timefxn
000128a0   CLK_F_getfhtime
000128c0   CLK_F_gethtime
000119a0   CLK_F_getltime
000128c0   CLK_F_getshtime
000119b4   CLK_F_isr
00011b14   CLK_F_itime
0000f640   CLK_HOOKFXN
00000001   CLK_HTIMEDIV
00000004   CLK_HTIMEMULT
0000dbba   CLK_HTIMEPERLTIME
00004000   CLK_INTBIT
00000001   CLK_LTIMEDIV
00036ee8   CLK_LTIMEMULT
000003e8   CLK_MICROSECS
0000dbba   CLK_PRD
00000000   CLK_PRDHIGH
01940000   CLK_REGS
00019068   CLK_R_time
00000020   CLK_TCR
00000000   CLK_TDDR
00000000   CLK_TDDRHIGH
000128c0   CLK_TIMEFXN
00000000   CLK_TIMERNUM
00000001   CLK_USETIMER
00019ab4   CLK_null
00000000   DEV$
00000000   DGN$
00000000   DHL$
00000000   DHL_gChannelsAvailable
00000000   DIO$
00000000   DIO_NUMSWIBASE
00000000   DIO_NUMTSKBASE
00000000   DIO_STATIC
00000000   DPI$
00012960   FXN_F_nop
00012968   FXN_F_run
000129b8   FXN_F_zero
00000001   GBL$
00005205   GBL_A_VERSION
00000000   GBL_BIGENDIAN
00000000   GBL_C641XL2PRIORITY
00000000   GBL_CACHE
00000001   GBL_CALLCSLCFGINIT
00004e20   GBL_CLKIN
00001770   GBL_CLKTYPE
00001a39   GBL_DSPSUBTYPE
0000003e   GBL_DSPTYPE
00000001   GBL_ENABLEINST
00000042   GBL_FOOTPRINT
00036ee8   GBL_FREQ
00002226   GBL_L2ALLOC
00000000   GBL_L2CONFIGALLOC
00000001   GBL_L2CONFIGURE
00000001   GBL_L2MARMASK
00000000   GBL_L2MARMASK1
00000000   GBL_L2MARMASK2
00000000   GBL_L2MARMASK3
00000000   GBL_L2MARMASK4
00000000   GBL_L2MARMASK5
00000000   GBL_L2MODE
00000000   GBL_L2PRIORITY
00000000   GBL_NULL
00000000   GBL_PROCID
00000000   GBL_ROM
00000000   GBL_SUPPORTCSL
0000dbef   GBL_TRCMASKVALUE
00000001   GBL_USERINIT
0000d2a8   GBL_USERINITFXN
00000001   GBL_boot
00019aac   GBL_initdone
00018b50   GBL_stackbeg
00018f4f   GBL_stackend
00000000   GIO$
00012f20   GIO_CREATEFXN
00012f20   GIO_DELETEFXN
00012f20   GIO_PENDFXN
00012f20   GIO_POSTFXN
00000000   HOOK$
00000000   HOOK_KNLID
00000001   HST$
000199e8   HST_A_TABBEG
00019a24   HST_A_TABEND
00000000   HST_DSM
00019268   HST_DSMBUFSEG
00000400   HST_DSMMEMSIZE
000190e4   HST_D_chanmask
000190e8   HST_D_tabbeg
000190ec   HST_D_tabend
000000ff   HST_MAXFRAMEALLOWED
00000040   HST_MAXFRAMESET
00000000   HST_NONE
00000001   HST_RTDX
00000001   HWI$
00000000   HWI_A_VECS
00004018   HWI_CFGDISPATCHED
00019294   HWI_D_bss
00019298   HWI_D_ccmask
00019284   HWI_D_spsave
0000f640   HWI_F_dispatch
00000000   HWI_GENERATE_RESET_VEC
0000000a   HWI_INT10
00000000   HWI_INT10$hwi
0000000b   HWI_INT11
00000000   HWI_INT11$hwi
0000000c   HWI_INT12
00000000   HWI_INT12$hwi
0000000d   HWI_INT13
00000000   HWI_INT13$hwi
0000000e   HWI_INT14
00000000   HWI_INT14$hwi
0000000f   HWI_INT15
00000000   HWI_INT15$hwi
00000004   HWI_INT4
00000000   HWI_INT4$hwi
00000005   HWI_INT5
00000000   HWI_INT5$hwi
00000006   HWI_INT6
00000000   HWI_INT6$hwi
00000007   HWI_INT7
00000000   HWI_INT7$hwi
00000008   HWI_INT8
00000000   HWI_INT8$hwi
00000009   HWI_INT9
00000000   HWI_INT9$hwi
082039a3   HWI_INTRMULTHIGH
310718af   HWI_INTRMULTLOW
00000001   HWI_NMI
00000000   HWI_NMI$hwi
00000000   HWI_POLARITYMASK
00000002   HWI_RESERVED0
00000000   HWI_RESERVED0$hwi
00000003   HWI_RESERVED1
00000000   HWI_RESERVED1$hwi
00000000   HWI_RESET
00000000   HWI_RESET$hwi
00000001   HWI_ZEROTAB
00000001   IDL$
00019a78   IDL_A_CALBEG
00019a68   IDL_A_TABBEG
00000006   IDL_CALIBRERROR
00012e20   IDL_CALIBRFXN
000192f0   IDL_D_busyObj
00019058   IDL_D_calbeg
00019054   IDL_D_calibrate
00019050   IDL_D_tabbeg
00019a74   IDL_END
00019a84   IDL_END$
000129e0   IDL_F_busy
00012b60   IDL_F_calibrate
00012f60   IDL_F_loop
00012e20   IDL_F_stub
00000001   IDL_USECLKIDLTIME
000196f0   IDL_busyObj
0001963b   IDL_busyObj$avgfmt
00000001   IDL_busyObj$filter
00000001   IDL_busyObj$iA
00000000   IDL_busyObj$iB
00000001   IDL_busyObj$iC
00019635   IDL_busyObj$maxfmt
00000000   IDL_busyObj$operation
000196ec   IDL_busyObj$stsobj
00019638   IDL_busyObj$sumfmt
00000002   IDL_busyObj$unittype
00019a68   IDL_cpuLoad
00019a78   IDL_cpuLoad$
00019268   IRAM
00000200   IRAM$B
00008000   IRAM$L
00000001   ISRC$
00011960   KNL_glue
00019a24   KNL_swi
00000001   KNL_swi$dorta
00000000   KNL_swi$ord
00000000   KNL_swi$pri
000196d0   KNL_swi$sts
00019611   KNL_swi$sts$avgfmt
00000002   KNL_swi$sts$filter
00000001   KNL_swi$sts$filtmaxmult
00000001   KNL_swi$sts$filtsummult
00019601   KNL_swi$sts$maxfmt
000196cc   KNL_swi$sts$stsobj
00019609   KNL_swi$sts$sumfmt
00000000   KNL_swi$sts$unittype
00000000   KNL_swi$swi
00000001   LCK$
0000e520   LNK_F_checkBufferCall
0000e5a0   LNK_F_dataPump
0000e540   LNK_F_getChanPtr
0000e598   LNK_F_init
0000eae4   LNK_F_readCallBack
00019a6c   LNK_dataPump
00019a7c   LNK_dataPump$
000192a0   LNK_dspFrameReadyMask
0001929c   LNK_dspFrameRequestMask
0000e840   LNK_newin
0000e980   LNK_newout
0000e5b4   LNK_rcloop
0000e680   LNK_rdrtry
000192a8   LNK_readDone
000192ac   LNK_readFail
000192a4   LNK_readPend
0000e690   LNK_rrloop
000192b0   LNK_writeFail
0000e764   LNK_wrloop
0000e754   LNK_wrrtry
00000001   LOG$
00019a50   LOG_A_TABBEG
00019a68   LOG_A_TABEND
00000001   LOG_A_TABLEN
0001905c   LOG_D_system
00000001   LOG_ENABLED
00012a60   LOG_F_event
00019a50   LOG_system
00019700   LOG_system$buf
00000000   LOG_system$datatype
00000000   LOG_system$log
00000040   LOG_system$size
00000000   MBX$
00000001   MEM$
00019268   MEM_MALLOCSEG
00000000   MEM_NULL
00019268   MEM_SEGZERO
00000000   MEM_USEMPC
00000001   MEM_gNumHeap
00000000   MSGQ$
00000000   MSGQ_USEMSGQ
00000000   OBJ$
00000000   PIP$
00019604   PIP_A_TABBEG
000196cc   PIP_A_TABEND
00000002   PIP_A_TABLEN
00019060   PIP_D_tabbeg
00019064   PIP_D_tablen
00011214   PIP_F_give
00011214   PIP_F_probe
000112e8   PIP_F_start
00011180   PIP_F_take
00000064   PIP_OBJSIZE
00000000   PIP_gNextId
00000002   PIP_gNumEmbed
00000000   POOL$
00000000   POOL_USEPOOL
00000001   PRD$
00000000   PRD_A_TABBEG
00000000   PRD_A_TABEND
00000000   PRD_A_TABLEN
000190a0   PRD_D_cur
000190a4   PRD_D_elapsed
000190a8   PRD_D_prevtim
000190ac   PRD_D_scalar
000190b0   PRD_D_swihandle
000190b4   PRD_D_tabbeg
000190b8   PRD_D_tablen
000190bc   PRD_D_thook
0001909c   PRD_D_tick
0000fe80   PRD_F_swi
00010140   PRD_F_tick
00004000   PRD_SCALAR
00000000   PRD_SWIHANDLE
00010f20   PRD_THOOKFXN
00019ab0   PRD_clock
00000001   QUE$
000190c0   RTA_D_fromHost
000190c8   RTA_D_logval
000190d8   RTA_D_stsval
000190c4   RTA_D_toHost
00012e60   RTA_F_andn
000105d8   RTA_F_dispatch
000104e0   RTA_F_getlog
00010524   RTA_F_getsts
00012e80   RTA_F_or
0001056c   RTA_F_readblk
00010598   RTA_F_resetmem
0001058c   RTA_F_writeword
00019a70   RTA_dispatcher
00019a80   RTA_dispatcher$
00010628   RTA_execute
000199ec   RTA_fromHost
00016f2c   RTA_fromHost$buf
00000004   RTA_fromHost$framesize
00000000   RTA_fromHost$hst
00000001   RTA_fromHost$id
00000000   RTA_fromHost$mode
00019604   RTA_fromHost$pipe
00019634   RTA_fromHost$pipe$aaa
00019664   RTA_fromHost$pipe$bbb
0001926c   RTA_fromHost$pipe$dtab
00019608   RTA_fromHost$pipe$rd
00019638   RTA_fromHost$pipe$wr
000199f4   RTA_fromHost$rtdx
00019a08   RTA_toHost
00019800   RTA_toHost$buf
00000040   RTA_toHost$framesize
00000000   RTA_toHost$hst
00000000   RTA_toHost$id
00000001   RTA_toHost$mode
00019668   RTA_toHost$pipe
00019698   RTA_toHost$pipe$aaa
000196c8   RTA_toHost$pipe$bbb
00019278   RTA_toHost$pipe$dtab
0001966c   RTA_toHost$pipe$rd
0001969c   RTA_toHost$pipe$wr
00019a10   RTA_toHost$rtdx
00000001   RTDX$
00000408   RTDX_BUFMEMSIZE
00019268   RTDX_DATAMEMSEG
00000000   RTDX_MODE
00000001   RTDX_NORMALIZED_HDR
00000001   RTDX_USERTDX
00000000   RTDX_USERTEXECUTION
ffffffff   SDRAM
00000000   SEM$
00000000   SIO$
00000001   STS$
000196cc   STS_A_TABBEG
000196fc   STS_A_TABEND
00012b18   STS_F_add
00012ae0   STS_F_delta
00012b44   STS_F_reset
00000001   SWI$
00019a24   SWI_A_TABBEG
00019a50   SWI_A_TABEND
00000001   SWI_A_TABLEN
00019134   SWI_D_curfxn
00019124   SWI_D_curmask
00019130   SWI_D_curmbox
00019128   SWI_D_curset
00019120   SWI_D_execaddr
0001913c   SWI_D_inswi
0001912c   SWI_D_lock
00019138   SWI_D_rdybeg
00019140   SWI_D_rdytab
0001911c   SWI_D_runaddr
00000000   SWI_EHOOKFXN
0000f31c   SWI_EXECFXN
0000f100   SWI_F_enable
0000f31c   SWI_F_exec
0000f348   SWI_F_iexec
0000f170   SWI_F_post
0000f3d8   SWI_F_run
00000000   SWI_IHOOKFXN
0000f3d8   SWI_RUNFXN
00000001   SYS$
00019a88   SYS$config
00012ea0   SYS_ABORTFXN
00012fa0   SYS_ERRORFXN
00012fc0   SYS_EXITFXN
00012d60   SYS_PUTCFXN
00019aa8   TRC_R_mask
00019aa4   TRC_cinit
00000001   TSK$
00000000   TSK_NUM_HOOKS
00000001   TSK_PRIORITY
00000000   TSK_READYFXN
00000000   TSK_STACKSEG
00000400   TSK_STACKSIZE
00000000   TSK_SWITCHFXN
00012f20   TSK_VCREATEFXN
00012f20   TSK_VDELETEFXN
00012f20   TSK_VEXITFXN
0001990c   TSK_idle
00000000   TSK_idle$ord
00000000   TSK_idle$pri
00018750   TSK_idle$stack
00018ae8   TSK_idle$stkptr
000196e0   TSK_idle$sts
0001962b   TSK_idle$sts$avgfmt
00000002   TSK_idle$sts$filter
00000001   TSK_idle$sts$filtmaxmult
00000001   TSK_idle$sts$filtsummult
0001961b   TSK_idle$sts$maxfmt
000196dc   TSK_idle$sts$stsobj
00019623   TSK_idle$sts$sumfmt
00000000   TSK_idle$sts$unittype
00000000   TSK_idle$tsk
00000000   UDEV$
000191c0   _ALPHA
00017de0   _BIOS_init
00018004   _BIOS_start
0000dbba   _CLK_COUNTSPMS
000192d0   _CLK_DFLTMICROSECS
00019098   _CLK_D_countspms
0001908c   _CLK_D_dirty
000192d4   _CLK_D_microseconds
00019090   _CLK_D_prd
00019094   _CLK_D_tddr
00011b14   _CLK_F_itime
0000dbba   _CLK_PRD
01940000   _CLK_REGS
00000000   _CLK_TDDR
00000000   _CLK_TIMERNUM
00000001   _CLK_USETIMER
0001907c   _CLK_htimeDiv
00019080   _CLK_htimeMult
000192e8   _CLK_htimePerLtime
00011b14   _CLK_itime
00019084   _CLK_ltimeDiv
00019088   _CLK_ltimeMult
000124c0   _CLK_measure
00012dc0   _CLK_start
00012ee0   _CLK_stop
00013c08   _Config
000192e0   _DSK6713_AIC23_codeccontrolhandle
000192e4   _DSK6713_AIC23_codecdatahandle
0000d4ec   _DSK6713_AIC23_config
0000c3a0   _DSK6713_AIC23_openCodec
0000d4c8   _DSK6713_AIC23_rget
0000d400   _DSK6713_AIC23_rset
0000b6c0   _DSK6713_getVersion
0000b710   _DSK6713_init
0000b62c   _DSK6713_rget
0000b618   _DSK6713_rset
000192f8   _DSK6713_version
0000b540   _DSK6713_wait
0000b5e4   _DSK6713_waitusec
00012f20   _FXN_F_nop
00012968   _FXN_F_run
000129b8   _FXN_F_zero
00000000   _GBL_CACHE
000190f4   _GBL_clkIn
00012140   _GBL_cslCacheInit
000190f8   _GBL_freq
00012f40   _GBL_getVersion
000190f0   _GBL_procId
0000d2a8   _GBL_setPLLto225MHz
000199e8   _HST_A_TABBEG
00019a24   _HST_A_TABEND
00004018   _HWI_CFGDISPATCHED
00019290   _HWI_D_inhwi
00019284   _HWI_D_spsave
0000f640   _HWI_F_dispatch
0000000a   _HWI_INT10
0000000b   _HWI_INT11
0000000c   _HWI_INT12
0000000d   _HWI_INT13
0000000e   _HWI_INT14
0000000f   _HWI_INT15
00000004   _HWI_INT4
00000005   _HWI_INT5
00000006   _HWI_INT6
00000007   _HWI_INT7
00000008   _HWI_INT8
00000009   _HWI_INT9
00000001   _HWI_NMI
00000002   _HWI_RESERVED0
00000003   _HWI_RESERVED1
00000000   _HWI_RESET
00018f48   _HWI_STKBOTTOM
00018b50   _HWI_STKTOP
00019284   _HWI_data
00012c40   _HWI_disable
00018f50   _HWI_dispatchTab
00012c58   _HWI_enable
00012c6c   _HWI_restore
000191cc   _H_Codec
000196f0   _IDL_busyObj
00019a68   _IDL_cpuLoad
00012f60   _IDL_loop
00019268   _IRAM
00000200   _IRAM_base
00008000   _IRAM_length
0000cd80   _IRQ_map
00009608   _ISR_AIC
0001921c   _KNL_alarm
00012000   _KNL_check
00019240   _KNL_curqueue
00019230   _KNL_curtask
00019238   _KNL_curtime
00015b4c   _KNL_dummy
00012274   _KNL_enter
00012220   _KNL_exit
000120d8   _KNL_idle
00019258   _KNL_idlefxn
00019224   _KNL_inactive
000125a0   _KNL_ipost
000120fc   _KNL_max
00019244   _KNL_maxqueue
00012660   _KNL_post
00019234   _KNL_prevtask
00019228   _KNL_priority
00015aac   _KNL_queues
00010220   _KNL_run
000117e0   _KNL_saveIsrFrame
0001922c   _KNL_set
00019220   _KNL_setpri
00019a24   _KNL_swi
0001923c   _KNL_swiptr
000118ac   _KNL_switch
0001924c   _KNL_tcreatefxn
00019250   _KNL_tdeletefxn
00010f20   _KNL_tick
00019254   _KNL_treadyfxn
00019248   _KNL_tswitchfxn
00019214   _KNL_wFlag
00019218   _KNL_wList
000191bc   _LAMBDA
00012750   _LCK_pend
00012720   _LCK_post
00019a6c   _LNK_dataPump
000192a0   _LNK_dspFrameReadyMask
0001929c   _LNK_dspFrameRequestMask
000192a8   _LNK_readDone
000192ac   _LNK_readFail
000192a4   _LNK_readPend
000192b0   _LNK_writeFail
00019a50   _LOG_A_TABBEG
00019a68   _LOG_A_TABEND
00000001   _LOG_A_TABLEN
0001905c   _LOG_D_system
00012a60   _LOG_event
00019a50   _LOG_system
0000db40   _MCBSP_open
0000cf40   _MCBSP_reset
0000dc40   _MCBSP_start
000192f4   _MEM
000190fc   _MEM_D_NUMSEGMENTS
00019104   _MEM_D_freelist
00019108   _MEM_D_lockaddr
00019100   _MEM_D_memtab
0001910c   _MEM_D_unlockaddr
00010a60   _MEM_alloc
00010f40   _MEM_free
000180c0   _MEM_init
0001925c   _MEM_memtab
000182e0   _OBJ_init
00015c18   _OBJ_segtab
00015be0   _OBJ_table
00019604   _PIP_A_TABBEG
000196cc   _PIP_A_TABEND
0001909c   _PRD_D_tick
00019ab0   _PRD_clock
00019a70   _RTA_dispatcher
000199ec   _RTA_fromHost
00019a08   _RTA_toHost
00018300   _RTDX_Buffer
0001870c   _RTDX_Buffer_End
00017c20   _RTDX_Buffer_Initialize
00017d60   _RTDX_Buffer_Read
00017c80   _RTDX_Buffer_ReadCB
00017ce0   _RTDX_Buffer_Size
00018708   _RTDX_Buffer_Start
00017d80   _RTDX_Buffer_Write
00017340   _RTDX_Buffer_WriteCB
00017d20   _RTDX_Final_RT_Monitor
00017ba0   _RTDX_Init_RT_Monitor
00000002   _RTDX_JTAGONLY
00017dc0   _RTDX_Mask_IER
00017980   _RTDX_Mon_Queue
00016f40   _RTDX_Poll
00000000   _RTDX_interrupt_mask
0001871c   _RTDX_writing
ffffffff   _SDRAM
00012ca0   _SEM_pend
000107a0   _SEM_pendEnterKnl
000123e0   _SEM_post
000123e0   _SEM_postBinary
00012300   _SEM_postEnterKnl
000196cc   _STS_A_TABBEG
000196fc   _STS_A_TABEND
00012b18   _STS_add
00012ae0   _STS_delta
00012b44   _STS_reset
00012f80   _STS_set
00019134   _SWI_D_curfxn
00019124   _SWI_D_curmask
00019128   _SWI_D_curset
00019120   _SWI_D_execaddr
0001913c   _SWI_D_inswi
0001912c   _SWI_D_lock
00019138   _SWI_D_rdybeg
0001911c   _SWI_D_runaddr
0001911c   _SWI_data
0000f170   _SWI_post
00019110   _SYS
000192fc   _SYS_PUTCBEG
000194fb   _SYS_PUTCEND
00012d00   _SYS_abort
00012be0   _SYS_error
000127e0   _SYS_exit
00015d98   _SYS_exitStack
000192d8   _SYS_exitStackPtr
000192dc   _SYS_exitStackTop
00019aa8   _TRC_R_mask
000192cc   _TSK
00015b84   _TSK_ATTRS
00015ba0   _TSK_config
00011b60   _TSK_exit
0001990c   _TSK_idle
00018260   _TSK_init
000192c4   _TSK_nTasks
000192c8   _TSK_pid
000115e0   _TSK_setup
00011f40   _TSK_startup
00015bc0   _TSK_timerSem
00012ea0   _UTL_doAbort
00012fa0   _UTL_doError
00012d60   _UTL_doPutc
00012fc0   _UTL_halt
00011b30   __CLK_lat1beg
00011b5c   __CLK_lat1end
0000ef54   __GBL_setL2CacheMode
00019118   __HOOK_NUMHOOKS
00019114   __HOOK_knlId
0000f640   __HWI_lat1beg
0000f7c0   __HWI_lat1end
0000f7c0   __HWI_lat2beg
0000f960   __HWI_lat2end1
0000f8ec   __HWI_lat2end2
0000f980   __HWI_lat3beg
0000fa80   __HWI_lat3end1
0000f91c   __HWI_lat3end2
000129e0   __IDL_lat1beg
00012a30   __IDL_lat1end
00015aa4   __IRQ_dispatchTable
000159e0   __IRQ_eventTable
0000e500   __IRQ_hookFetchPacket
00015a64   __IRQ_intTable
00012050   __KNL_lat1beg
000120d8   __KNL_lat1end
00012a60   __LOG_lat1beg
00015d38   __MCBSP_hDev0
00015d3c   __MCBSP_hDev1
00015c5c   __MEM_mutex
00010598   __RTA_lat1beg
000105d0   __RTA_lat1end
000113c0   __SEM_dopost
00000400   __STACK_SIZE
0000f2ac   __SWI_lat1beg
0000f360   __SWI_lat1end
0000f364   __SWI_lat2beg
0000f3d4   __SWI_lat2end
0000f100   __SWI_lat3beg
0000f16c   __SWI_lat3end
00015c34   __TSK_mutex
00015ddc   ___TI_enable_exit_profile_output
ffffffff   ___TI_pprof_out_hndl
ffffffff   ___TI_prof_data_size
ffffffff   ___TI_prof_data_start
0000e3a0   ___add_dtor
00015830   ___atexit_func_id__
ffffffff   ___binit__
00018f50   ___bss__
ffffffff   ___c_args__
00015e00   ___cinit__
00000000   ___data__
00000000   ___edata__
000192fa   ___end__
0000e520   ___etext__
00019a98   ___pinit__
00008200   ___text__
00011d00   __auto_init
00015dd4   __cleanup_ptr
000096c0   __divd
0000af20   __divf
0000d6c0   __divi
00015dd8   __dtors_ptr
0000b9c0   __frcmpyd_div
0000de40   __frcmpyf_div
00015de0   __lock
0000e260   __mpyll
0000e4a0   __nop
0000df20   __nround
0000e4c0   __register_lock
0000e4e0   __register_unlock
00018b50   __stack
0000d580   __strasgi
0000e460   __trunc
00015de4   __unlock
0000adb4   _aimag
000191c8   _alpha_lowfreq
00013408   _alphamod
0000dd40   _atexit
0000a020   _bitrev
000181a0   _c_int00
0000a8a0   _cabs
0000a9a4   _cadd
0000d7e0   _call_dtors
0000fde8   _calloc
0000abc8   _cdiv
0000adec   _cexp
0000a910   _cmplx
0000aabc   _cmul
0000a950   _conjg
0000bd40   _cos
000191f0   _cpufrac
0000aa30   _csub
0000a568   _dft
0000a220   _dftmerge
00015df8   _dtors
00012fe0   _enable
00015c84   _errno
0000c680   _exp
0000a418   _fft
00019208   _fftbin
00019210   _frame_position
000191f8   _frame_ptr
0000faa0   _free
0000d900   _frexp
0000a46c   _ifft
000191d0   _inbuffer
000191d8   _inframe
000191fc   _inframe_c
00019204   _inframe_right2_c
00019200   _inframe_right_c
000191e8   _ingain
000086a0   _init_HWI
000085f8   _init_hardware
000191e0   _inwin
000191f4   _io_ptr
000191b8   _k_filter
0000d0e0   _ldexp
000082cc   _main
0000facc   _malloc
00008200   _max
0000fc94   _memalign
0000c900   _memcpy
0000da20   _memset
00008210   _min
00008220   _minC
00013c30   _min_window
0000e0e0   _modf
0000e07c   _mono_read_16Bit
0000e054   _mono_write_16Bit
000191d4   _outbuffer
000191dc   _outframe
000191ec   _outgain
000191e4   _outwin
00014c30   _p_fftbin
00015430   _p_min_noise
00015030   _p_power_fftbin
00013008   _previousSNR
0000872c   _process_frame
0000ace4   _rdiv
0000ad7c   _real
0000fb50   _realloc
000191c4   _residual
0000ab5c   _rmul
000192bc   _rtdxNullChanCnt
000192c0   _rtdxNullFuncCnt
00018710   _rtdx_buffer_state
00018730   _rtdx_mon_state
0000a0ac   _shuffle
0000c080   _sin
0000cb40   _sqrt
0000e028   _stereo_read_16Bit
0000e000   _stereo_write_16Bit
00009fc0   _swap
0000d280   _wait500nS
0001920c   _winstage
ffffffff   binit
00015e00   cinit
00000000   edata
000192fa   end
0000e520   etext
00000000   hwi0
00000020   hwi1
00000140   hwi10
00000160   hwi11
00000180   hwi12
000001a0   hwi13
000001c0   hwi14
000001e0   hwi15
00000040   hwi2
00000060   hwi3
00000080   hwi4
000000a0   hwi5
000000c0   hwi6
000000e0   hwi7
00000100   hwi8
00000120   hwi9
00019a98   pinit


GLOBAL SYMBOLS: SORTED BY Symbol Address 

address    name
--------   ----
00000000   .data
00000000   BUF$
00000000   CLK_COUNTSPMSHIGH
00000000   CLK_PRDHIGH
00000000   CLK_TDDR
00000000   CLK_TDDRHIGH
00000000   CLK_TIMERNUM
00000000   DEV$
00000000   DGN$
00000000   DHL$
00000000   DHL_gChannelsAvailable
00000000   DIO$
00000000   DIO_NUMSWIBASE
00000000   DIO_NUMTSKBASE
00000000   DIO_STATIC
00000000   DPI$
00000000   GBL_BIGENDIAN
00000000   GBL_C641XL2PRIORITY
00000000   GBL_CACHE
00000000   GBL_L2CONFIGALLOC
00000000   GBL_L2MARMASK1
00000000   GBL_L2MARMASK2
00000000   GBL_L2MARMASK3
00000000   GBL_L2MARMASK4
00000000   GBL_L2MARMASK5
00000000   GBL_L2MODE
00000000   GBL_L2PRIORITY
00000000   GBL_NULL
00000000   GBL_PROCID
00000000   GBL_ROM
00000000   GBL_SUPPORTCSL
00000000   GIO$
00000000   HOOK$
00000000   HOOK_KNLID
00000000   HST_DSM
00000000   HST_NONE
00000000   HWI_A_VECS
00000000   HWI_GENERATE_RESET_VEC
00000000   HWI_INT10$hwi
00000000   HWI_INT11$hwi
00000000   HWI_INT12$hwi
00000000   HWI_INT13$hwi
00000000   HWI_INT14$hwi
00000000   HWI_INT15$hwi
00000000   HWI_INT4$hwi
00000000   HWI_INT5$hwi
00000000   HWI_INT6$hwi
00000000   HWI_INT7$hwi
00000000   HWI_INT8$hwi
00000000   HWI_INT9$hwi
00000000   HWI_NMI$hwi
00000000   HWI_POLARITYMASK
00000000   HWI_RESERVED0$hwi
00000000   HWI_RESERVED1$hwi
00000000   HWI_RESET
00000000   HWI_RESET$hwi
00000000   IDL_busyObj$iB
00000000   IDL_busyObj$operation
00000000   KNL_swi$ord
00000000   KNL_swi$pri
00000000   KNL_swi$sts$unittype
00000000   KNL_swi$swi
00000000   LOG_system$datatype
00000000   LOG_system$log
00000000   MBX$
00000000   MEM_NULL
00000000   MEM_USEMPC
00000000   MSGQ$
00000000   MSGQ_USEMSGQ
00000000   OBJ$
00000000   PIP$
00000000   PIP_gNextId
00000000   POOL$
00000000   POOL_USEPOOL
00000000   PRD_A_TABBEG
00000000   PRD_A_TABEND
00000000   PRD_A_TABLEN
00000000   PRD_SWIHANDLE
00000000   RTA_fromHost$hst
00000000   RTA_fromHost$mode
00000000   RTA_toHost$hst
00000000   RTA_toHost$id
00000000   RTDX_MODE
00000000   RTDX_USERTEXECUTION
00000000   SEM$
00000000   SIO$
00000000   SWI_EHOOKFXN
00000000   SWI_IHOOKFXN
00000000   TSK_NUM_HOOKS
00000000   TSK_READYFXN
00000000   TSK_STACKSEG
00000000   TSK_SWITCHFXN
00000000   TSK_idle$ord
00000000   TSK_idle$pri
00000000   TSK_idle$sts$unittype
00000000   TSK_idle$tsk
00000000   UDEV$
00000000   _CLK_TDDR
00000000   _CLK_TIMERNUM
00000000   _GBL_CACHE
00000000   _HWI_RESET
00000000   _RTDX_interrupt_mask
00000000   ___data__
00000000   ___edata__
00000000   edata
00000000   hwi0
00000001   BUF_ENABLED
00000001   CLK$
00000001   CLK_CALDIV
00000001   CLK_HTIMEDIV
00000001   CLK_LTIMEDIV
00000001   CLK_USETIMER
00000001   GBL$
00000001   GBL_CALLCSLCFGINIT
00000001   GBL_ENABLEINST
00000001   GBL_L2CONFIGURE
00000001   GBL_L2MARMASK
00000001   GBL_USERINIT
00000001   GBL_boot
00000001   HST$
00000001   HST_RTDX
00000001   HWI$
00000001   HWI_NMI
00000001   HWI_ZEROTAB
00000001   IDL$
00000001   IDL_USECLKIDLTIME
00000001   IDL_busyObj$filter
00000001   IDL_busyObj$iA
00000001   IDL_busyObj$iC
00000001   ISRC$
00000001   KNL_swi$dorta
00000001   KNL_swi$sts$filtmaxmult
00000001   KNL_swi$sts$filtsummult
00000001   LCK$
00000001   LOG$
00000001   LOG_A_TABLEN
00000001   LOG_ENABLED
00000001   MEM$
00000001   MEM_gNumHeap
00000001   PRD$
00000001   QUE$
00000001   RTA_fromHost$id
00000001   RTA_toHost$mode
00000001   RTDX$
00000001   RTDX_NORMALIZED_HDR
00000001   RTDX_USERTDX
00000001   STS$
00000001   SWI$
00000001   SWI_A_TABLEN
00000001   SYS$
00000001   TSK$
00000001   TSK_PRIORITY
00000001   TSK_idle$sts$filtmaxmult
00000001   TSK_idle$sts$filtsummult
00000001   _CLK_USETIMER
00000001   _HWI_NMI
00000001   _LOG_A_TABLEN
00000002   HWI_RESERVED0
00000002   IDL_busyObj$unittype
00000002   KNL_swi$sts$filter
00000002   PIP_A_TABLEN
00000002   PIP_gNumEmbed
00000002   TSK_idle$sts$filter
00000002   _HWI_RESERVED0
00000002   _RTDX_JTAGONLY
00000003   HWI_RESERVED1
00000003   _HWI_RESERVED1
00000004   CLK_CALMULT
00000004   CLK_HTIMEMULT
00000004   HWI_INT4
00000004   RTA_fromHost$framesize
00000004   _HWI_INT4
00000005   HWI_INT5
00000005   _HWI_INT5
00000006   HWI_INT6
00000006   IDL_CALIBRERROR
00000006   _HWI_INT6
00000007   HWI_INT7
00000007   _HWI_INT7
00000008   HWI_INT8
00000008   _HWI_INT8
00000009   HWI_INT9
00000009   _HWI_INT9
0000000a   HWI_INT10
0000000a   _HWI_INT10
0000000b   HWI_INT11
0000000b   _HWI_INT11
0000000c   HWI_INT12
0000000c   _HWI_INT12
0000000d   HWI_INT13
0000000d   _HWI_INT13
0000000e   HWI_INT14
0000000e   _HWI_INT14
0000000f   HWI_INT15
0000000f   _HWI_INT15
00000020   CLK_TCR
00000020   hwi1
0000003e   GBL_DSPTYPE
00000040   HST_MAXFRAMESET
00000040   LOG_system$size
00000040   RTA_toHost$framesize
00000040   hwi2
00000042   GBL_FOOTPRINT
00000060   hwi3
00000064   PIP_OBJSIZE
00000080   hwi4
000000a0   hwi5
000000c0   hwi6
000000e0   hwi7
000000ff   HST_MAXFRAMEALLOWED
00000100   hwi8
00000120   hwi9
00000140   hwi10
00000160   hwi11
00000180   hwi12
000001a0   hwi13
000001c0   hwi14
000001e0   hwi15
00000200   IRAM$B
00000200   _IRAM_base
000003e8   CLK_MICROSECS
00000400   HST_DSMMEMSIZE
00000400   TSK_STACKSIZE
00000400   __STACK_SIZE
00000408   RTDX_BUFMEMSIZE
00001770   GBL_CLKTYPE
00001a39   GBL_DSPSUBTYPE
00002226   GBL_L2ALLOC
00004000   CLK_INTBIT
00004000   PRD_SCALAR
00004018   HWI_CFGDISPATCHED
00004018   _HWI_CFGDISPATCHED
00004e20   GBL_CLKIN
00005205   GBL_A_VERSION
00008000   IRAM$L
00008000   _IRAM_length
00008200   .text
00008200   ___text__
00008200   _max
00008210   _min
00008220   _minC
000082cc   _main
000085f8   _init_hardware
000086a0   _init_HWI
0000872c   _process_frame
00009608   _ISR_AIC
000096c0   __divd
00009fc0   _swap
0000a020   _bitrev
0000a0ac   _shuffle
0000a220   _dftmerge
0000a418   _fft
0000a46c   _ifft
0000a568   _dft
0000a8a0   _cabs
0000a910   _cmplx
0000a950   _conjg
0000a9a4   _cadd
0000aa30   _csub
0000aabc   _cmul
0000ab5c   _rmul
0000abc8   _cdiv
0000ace4   _rdiv
0000ad7c   _real
0000adb4   _aimag
0000adec   _cexp
0000af20   __divf
0000b540   _DSK6713_wait
0000b5e4   _DSK6713_waitusec
0000b618   _DSK6713_rset
0000b62c   _DSK6713_rget
0000b6c0   _DSK6713_getVersion
0000b710   _DSK6713_init
0000b9c0   __frcmpyd_div
0000bd40   _cos
0000c080   _sin
0000c3a0   _DSK6713_AIC23_openCodec
0000c680   _exp
0000c900   _memcpy
0000cb40   _sqrt
0000cd80   _IRQ_map
0000cf40   _MCBSP_reset
0000d0e0   _ldexp
0000d280   _wait500nS
0000d2a8   GBL_USERINITFXN
0000d2a8   _GBL_setPLLto225MHz
0000d400   _DSK6713_AIC23_rset
0000d4c8   _DSK6713_AIC23_rget
0000d4ec   _DSK6713_AIC23_config
0000d580   __strasgi
0000d6c0   __divi
0000d7e0   _call_dtors
0000d900   _frexp
0000da20   _memset
0000db40   _MCBSP_open
0000dbba   CLK_COUNTSPMS
0000dbba   CLK_HTIMEPERLTIME
0000dbba   CLK_PRD
0000dbba   _CLK_COUNTSPMS
0000dbba   _CLK_PRD
0000dbef   GBL_TRCMASKVALUE
0000dc40   _MCBSP_start
0000dd40   _atexit
0000de40   __frcmpyf_div
0000df20   __nround
0000e000   _stereo_write_16Bit
0000e028   _stereo_read_16Bit
0000e054   _mono_write_16Bit
0000e07c   _mono_read_16Bit
0000e0e0   _modf
0000e260   __mpyll
0000e3a0   ___add_dtor
0000e460   __trunc
0000e4a0   __nop
0000e4c0   __register_lock
0000e4e0   __register_unlock
0000e500   __IRQ_hookFetchPacket
0000e520   LNK_F_checkBufferCall
0000e520   ___etext__
0000e520   etext
0000e540   LNK_F_getChanPtr
0000e598   LNK_F_init
0000e5a0   LNK_F_dataPump
0000e5b4   LNK_rcloop
0000e680   LNK_rdrtry
0000e690   LNK_rrloop
0000e754   LNK_wrrtry
0000e764   LNK_wrloop
0000e840   LNK_newin
0000e980   LNK_newout
0000eae4   LNK_F_readCallBack
0000ef54   __GBL_setL2CacheMode
0000f100   SWI_F_enable
0000f100   __SWI_lat3beg
0000f16c   __SWI_lat3end
0000f170   SWI_F_post
0000f170   _SWI_post
0000f2ac   __SWI_lat1beg
0000f31c   SWI_EXECFXN
0000f31c   SWI_F_exec
0000f348   SWI_F_iexec
0000f360   __SWI_lat1end
0000f364   __SWI_lat2beg
0000f3d4   __SWI_lat2end
0000f3d8   SWI_F_run
0000f3d8   SWI_RUNFXN
0000f640   CLK_HOOKFXN
0000f640   HWI_F_dispatch
0000f640   _HWI_F_dispatch
0000f640   __HWI_lat1beg
0000f7c0   __HWI_lat1end
0000f7c0   __HWI_lat2beg
0000f8ec   __HWI_lat2end2
0000f91c   __HWI_lat3end2
0000f960   __HWI_lat2end1
0000f980   __HWI_lat3beg
0000fa80   __HWI_lat3end1
0000faa0   _free
0000facc   _malloc
0000fb50   _realloc
0000fc94   _memalign
0000fde8   _calloc
0000fe80   PRD_F_swi
00010140   PRD_F_tick
00010220   _KNL_run
000104e0   RTA_F_getlog
00010524   RTA_F_getsts
0001056c   RTA_F_readblk
0001058c   RTA_F_writeword
00010598   RTA_F_resetmem
00010598   __RTA_lat1beg
000105d0   __RTA_lat1end
000105d8   RTA_F_dispatch
00010628   RTA_execute
000107a0   _SEM_pendEnterKnl
00010a60   _MEM_alloc
00010f20   PRD_THOOKFXN
00010f20   _KNL_tick
00010f40   _MEM_free
00011180   PIP_F_take
00011214   PIP_F_give
00011214   PIP_F_probe
000112e8   PIP_F_start
000113c0   __SEM_dopost
000115e0   _TSK_setup
000117e0   _KNL_saveIsrFrame
000118ac   _KNL_switch
00011960   KNL_glue
000119a0   CLK_F_getltime
000119b4   CLK_F_isr
00011b14   CLK_F_itime
00011b14   _CLK_F_itime
00011b14   _CLK_itime
00011b30   __CLK_lat1beg
00011b5c   __CLK_lat1end
00011b60   _TSK_exit
00011d00   __auto_init
00011f40   _TSK_startup
00012000   _KNL_check
00012050   __KNL_lat1beg
000120d8   _KNL_idle
000120d8   __KNL_lat1end
000120fc   _KNL_max
00012140   _GBL_cslCacheInit
00012220   _KNL_exit
00012274   _KNL_enter
00012300   _SEM_postEnterKnl
000123e0   _SEM_post
000123e0   _SEM_postBinary
000124c0   _CLK_measure
000125a0   _KNL_ipost
00012660   _KNL_post
00012720   _LCK_post
00012750   _LCK_pend
000127e0   _SYS_exit
000128a0   CLK_F_getfhtime
000128c0   CLK_F_gethtime
000128c0   CLK_F_getshtime
000128c0   CLK_TIMEFXN
00012960   FXN_F_nop
00012968   FXN_F_run
00012968   _FXN_F_run
000129b8   FXN_F_zero
000129b8   _FXN_F_zero
000129e0   IDL_F_busy
000129e0   __IDL_lat1beg
00012a30   __IDL_lat1end
00012a60   LOG_F_event
00012a60   _LOG_event
00012a60   __LOG_lat1beg
00012ae0   STS_F_delta
00012ae0   _STS_delta
00012b18   STS_F_add
00012b18   _STS_add
00012b44   STS_F_reset
00012b44   _STS_reset
00012b60   IDL_F_calibrate
00012be0   _SYS_error
00012c40   _HWI_disable
00012c58   _HWI_enable
00012c6c   _HWI_restore
00012ca0   _SEM_pend
00012d00   _SYS_abort
00012d60   SYS_PUTCFXN
00012d60   _UTL_doPutc
00012dc0   _CLK_start
00012e20   IDL_CALIBRFXN
00012e20   IDL_F_stub
00012e60   RTA_F_andn
00012e80   RTA_F_or
00012ea0   SYS_ABORTFXN
00012ea0   _UTL_doAbort
00012ee0   _CLK_stop
00012f20   GIO_CREATEFXN
00012f20   GIO_DELETEFXN
00012f20   GIO_PENDFXN
00012f20   GIO_POSTFXN
00012f20   TSK_VCREATEFXN
00012f20   TSK_VDELETEFXN
00012f20   TSK_VEXITFXN
00012f20   _FXN_F_nop
00012f40   _GBL_getVersion
00012f60   IDL_F_loop
00012f60   _IDL_loop
00012f80   _STS_set
00012fa0   SYS_ERRORFXN
00012fa0   _UTL_doError
00012fc0   SYS_EXITFXN
00012fc0   _UTL_halt
00012fe0   _enable
00013008   _previousSNR
00013408   _alphamod
00013c08   _Config
00013c30   _min_window
00014c30   _p_fftbin
00015030   _p_power_fftbin
00015430   _p_min_noise
00015830   ___atexit_func_id__
000159e0   __IRQ_eventTable
00015a64   __IRQ_intTable
00015aa4   __IRQ_dispatchTable
00015aac   _KNL_queues
00015b4c   _KNL_dummy
00015b84   _TSK_ATTRS
00015ba0   _TSK_config
00015bc0   _TSK_timerSem
00015be0   _OBJ_table
00015c18   _OBJ_segtab
00015c34   __TSK_mutex
00015c5c   __MEM_mutex
00015c84   _errno
00015d38   __MCBSP_hDev0
00015d3c   __MCBSP_hDev1
00015d98   _SYS_exitStack
00015dd4   __cleanup_ptr
00015dd8   __dtors_ptr
00015ddc   ___TI_enable_exit_profile_output
00015de0   __lock
00015de4   __unlock
00015df8   _dtors
00015e00   ___cinit__
00015e00   cinit
00016f2c   RTA_fromHost$buf
00016f40   _RTDX_Poll
00017340   _RTDX_Buffer_WriteCB
00017980   _RTDX_Mon_Queue
00017ba0   _RTDX_Init_RT_Monitor
00017c20   _RTDX_Buffer_Initialize
00017c80   _RTDX_Buffer_ReadCB
00017ce0   _RTDX_Buffer_Size
00017d20   _RTDX_Final_RT_Monitor
00017d60   _RTDX_Buffer_Read
00017d80   _RTDX_Buffer_Write
00017dc0   _RTDX_Mask_IER
00017de0   BIOS_init
00017de0   _BIOS_init
00017f5c   BIOS$$CLKON
00017f9c   BIOS$$CLKOFF
00018004   BIOS_start
00018004   _BIOS_start
000180c0   _MEM_init
000181a0   _c_int00
00018260   _TSK_init
000182e0   _OBJ_init
00018300   _RTDX_Buffer
00018708   _RTDX_Buffer_Start
0001870c   _RTDX_Buffer_End
00018710   _rtdx_buffer_state
0001871c   _RTDX_writing
00018730   _rtdx_mon_state
00018750   TSK_idle$stack
00018ae8   TSK_idle$stkptr
00018b50   GBL_stackbeg
00018b50   _HWI_STKTOP
00018b50   __stack
00018f48   _HWI_STKBOTTOM
00018f4f   GBL_stackend
00018f50   $bss
00018f50   .bss
00018f50   _HWI_dispatchTab
00018f50   ___bss__
00019050   IDL_D_tabbeg
00019054   IDL_D_calibrate
00019058   IDL_D_calbeg
0001905c   LOG_D_system
0001905c   _LOG_D_system
00019060   PIP_D_tabbeg
00019064   PIP_D_tablen
00019068   CLK_R_time
0001906c   CLK_D_timefxn
00019070   CLK_D_tabbeg
00019074   CLK_D_isrhook
00019078   CLK_D_idletime
0001907c   _CLK_htimeDiv
00019080   _CLK_htimeMult
00019084   _CLK_ltimeDiv
00019088   _CLK_ltimeMult
0001908c   _CLK_D_dirty
00019090   _CLK_D_prd
00019094   _CLK_D_tddr
00019098   _CLK_D_countspms
0001909c   PRD_D_tick
0001909c   _PRD_D_tick
000190a0   PRD_D_cur
000190a4   PRD_D_elapsed
000190a8   PRD_D_prevtim
000190ac   PRD_D_scalar
000190b0   PRD_D_swihandle
000190b4   PRD_D_tabbeg
000190b8   PRD_D_tablen
000190bc   PRD_D_thook
000190c0   RTA_D_fromHost
000190c4   RTA_D_toHost
000190c8   RTA_D_logval
000190d8   RTA_D_stsval
000190e4   HST_D_chanmask
000190e8   HST_D_tabbeg
000190ec   HST_D_tabend
000190f0   _GBL_procId
000190f4   _GBL_clkIn
000190f8   _GBL_freq
000190fc   _MEM_D_NUMSEGMENTS
00019100   _MEM_D_memtab
00019104   _MEM_D_freelist
00019108   _MEM_D_lockaddr
0001910c   _MEM_D_unlockaddr
00019110   _SYS
00019114   __HOOK_knlId
00019118   __HOOK_NUMHOOKS
0001911c   SWI_D_runaddr
0001911c   _SWI_D_runaddr
0001911c   _SWI_data
00019120   SWI_D_execaddr
00019120   _SWI_D_execaddr
00019124   SWI_D_curmask
00019124   _SWI_D_curmask
00019128   SWI_D_curset
00019128   _SWI_D_curset
0001912c   SWI_D_lock
0001912c   _SWI_D_lock
00019130   SWI_D_curmbox
00019134   SWI_D_curfxn
00019134   _SWI_D_curfxn
00019138   SWI_D_rdybeg
00019138   _SWI_D_rdybeg
0001913c   SWI_D_inswi
0001913c   _SWI_D_inswi
00019140   SWI_D_rdytab
000191b8   _k_filter
000191bc   _LAMBDA
000191c0   _ALPHA
000191c4   _residual
000191c8   _alpha_lowfreq
000191cc   _H_Codec
000191d0   _inbuffer
000191d4   _outbuffer
000191d8   _inframe
000191dc   _outframe
000191e0   _inwin
000191e4   _outwin
000191e8   _ingain
000191ec   _outgain
000191f0   _cpufrac
000191f4   _io_ptr
000191f8   _frame_ptr
000191fc   _inframe_c
00019200   _inframe_right_c
00019204   _inframe_right2_c
00019208   _fftbin
0001920c   _winstage
00019210   _frame_position
00019214   _KNL_wFlag
00019218   _KNL_wList
0001921c   _KNL_alarm
00019220   _KNL_setpri
00019224   _KNL_inactive
00019228   _KNL_priority
0001922c   _KNL_set
00019230   _KNL_curtask
00019234   _KNL_prevtask
00019238   _KNL_curtime
0001923c   _KNL_swiptr
00019240   _KNL_curqueue
00019244   _KNL_maxqueue
00019248   _KNL_tswitchfxn
0001924c   _KNL_tcreatefxn
00019250   _KNL_tdeletefxn
00019254   _KNL_treadyfxn
00019258   _KNL_idlefxn
0001925c   _MEM_memtab
00019268   HST_DSMBUFSEG
00019268   IRAM
00019268   MEM_MALLOCSEG
00019268   MEM_SEGZERO
00019268   RTDX_DATAMEMSEG
00019268   _IRAM
0001926c   RTA_fromHost$pipe$dtab
00019278   RTA_toHost$pipe$dtab
00019284   HWI_D_spsave
00019284   _HWI_D_spsave
00019284   _HWI_data
00019290   _HWI_D_inhwi
00019294   HWI_D_bss
00019298   HWI_D_ccmask
0001929c   LNK_dspFrameRequestMask
0001929c   _LNK_dspFrameRequestMask
000192a0   LNK_dspFrameReadyMask
000192a0   _LNK_dspFrameReadyMask
000192a4   LNK_readPend
000192a4   _LNK_readPend
000192a8   LNK_readDone
000192a8   _LNK_readDone
000192ac   LNK_readFail
000192ac   _LNK_readFail
000192b0   LNK_writeFail
000192b0   _LNK_writeFail
000192bc   _rtdxNullChanCnt
000192c0   _rtdxNullFuncCnt
000192c4   _TSK_nTasks
000192c8   _TSK_pid
000192cc   _TSK
000192d0   _CLK_DFLTMICROSECS
000192d4   _CLK_D_microseconds
000192d8   _SYS_exitStackPtr
000192dc   _SYS_exitStackTop
000192e0   _DSK6713_AIC23_codeccontrolhandle
000192e4   _DSK6713_AIC23_codecdatahandle
000192e8   _CLK_htimePerLtime
000192f0   IDL_D_busyObj
000192f4   _MEM
000192f8   _DSK6713_version
000192fa   ___end__
000192fa   end
000192fc   _SYS_PUTCBEG
000194fb   _SYS_PUTCEND
00019601   KNL_swi$sts$maxfmt
00019604   PIP_A_TABBEG
00019604   RTA_fromHost$pipe
00019604   _PIP_A_TABBEG
00019608   RTA_fromHost$pipe$rd
00019609   KNL_swi$sts$sumfmt
00019611   KNL_swi$sts$avgfmt
0001961b   TSK_idle$sts$maxfmt
00019623   TSK_idle$sts$sumfmt
0001962b   TSK_idle$sts$avgfmt
00019634   RTA_fromHost$pipe$aaa
00019635   IDL_busyObj$maxfmt
00019638   IDL_busyObj$sumfmt
00019638   RTA_fromHost$pipe$wr
0001963b   IDL_busyObj$avgfmt
00019664   RTA_fromHost$pipe$bbb
00019668   RTA_toHost$pipe
0001966c   RTA_toHost$pipe$rd
00019698   RTA_toHost$pipe$aaa
0001969c   RTA_toHost$pipe$wr
000196c8   RTA_toHost$pipe$bbb
000196cc   KNL_swi$sts$stsobj
000196cc   PIP_A_TABEND
000196cc   STS_A_TABBEG
000196cc   _PIP_A_TABEND
000196cc   _STS_A_TABBEG
000196d0   KNL_swi$sts
000196dc   TSK_idle$sts$stsobj
000196e0   TSK_idle$sts
000196ec   IDL_busyObj$stsobj
000196f0   IDL_busyObj
000196f0   _IDL_busyObj
000196fc   STS_A_TABEND
000196fc   _STS_A_TABEND
00019700   LOG_system$buf
00019800   RTA_toHost$buf
0001990c   TSK_idle
0001990c   _TSK_idle
000199e8   HST_A_TABBEG
000199e8   _HST_A_TABBEG
000199ec   RTA_fromHost
000199ec   _RTA_fromHost
000199f4   RTA_fromHost$rtdx
00019a08   RTA_toHost
00019a08   _RTA_toHost
00019a10   RTA_toHost$rtdx
00019a24   HST_A_TABEND
00019a24   KNL_swi
00019a24   SWI_A_TABBEG
00019a24   _HST_A_TABEND
00019a24   _KNL_swi
00019a50   LOG_A_TABBEG
00019a50   LOG_system
00019a50   SWI_A_TABEND
00019a50   _LOG_A_TABBEG
00019a50   _LOG_system
00019a68   IDL_A_TABBEG
00019a68   IDL_cpuLoad
00019a68   LOG_A_TABEND
00019a68   _IDL_cpuLoad
00019a68   _LOG_A_TABEND
00019a6c   LNK_dataPump
00019a6c   _LNK_dataPump
00019a70   RTA_dispatcher
00019a70   _RTA_dispatcher
00019a74   IDL_END
00019a78   IDL_A_CALBEG
00019a78   IDL_cpuLoad$
00019a7c   LNK_dataPump$
00019a80   RTA_dispatcher$
00019a84   IDL_END$
00019a88   SYS$config
00019a98   ___pinit__
00019a98   pinit
00019aa4   TRC_cinit
00019aa8   TRC_R_mask
00019aa8   _TRC_R_mask
00019aac   GBL_initdone
00019ab0   CLK_A_TABBEG
00019ab0   PRD_clock
00019ab0   _PRD_clock
00019ab4   CLK_null
00036ee8   CLK_LTIMEMULT
00036ee8   GBL_FREQ
01940000   CLK_REGS
01940000   _CLK_REGS
082039a3   HWI_INTRMULTHIGH
310718af   HWI_INTRMULTLOW
ffffffff   SDRAM
ffffffff   _SDRAM
ffffffff   ___TI_pprof_out_hndl
ffffffff   ___TI_prof_data_size
ffffffff   ___TI_prof_data_start
ffffffff   ___binit__
ffffffff   ___c_args__
ffffffff   binit

[791 symbols]
