******************************************************************************
               TMS320C6x Linker PC v6.1.15                     
******************************************************************************
>> Linked Sat Mar 22 18:34:24 2014

OUTPUT FILE NAME:   <RTDSP.out>
ENTRY POINT SYMBOL: "_c_int00"  address: 00014ae0


MEMORY CONFIGURATION

         name            origin    length      used     unused   attr    fill
----------------------  --------  ---------  --------  --------  ----  --------
  IRAM                  00000000   00040000  00016397  00029c69  RWIX
  SDRAM                 80000000   00800000  00000000  00800000  RWIX


SECTION ALLOCATION MAP

 output                                  attributes/
section   page    origin      length       input sections
--------  ----  ----------  ----------   ----------------
.vers      0    00000000    00000040     COPY SECTION
                  00000000    00000040     dsp_bios_cfg.obj (.vers)

.prd       0    00000000    00000000     UNINITIALIZED

.hwi_vec   0    00000000    00000200     
                  00000000    00000200     dsp_bios_cfg.obj (.hwi_vec)

.data      0    00000000    00000000     UNINITIALIZED

.IRAM$heap 
*          0    00000200    00008000     UNINITIALIZED
                  00000200    00008000     --HOLE--

.text      0    00008200    000054e0     
                  00008200    00000900     rts6700.lib : divd.obj (.text:__divd)
                  00008b00    000008e0     fft_functions.obj (.text)
                  000093e0    000007a0     enhance.obj (.text)
                  00009b80    00000680     complex.obj (.text)
                  0000a200    00000620     rts6700.lib : divf.obj (.text:__divf)
                  0000a820    00000480     dsk6713bslccsv4.lib : dsk6713.obj (.text)
                  0000aca0    00000380     rts6700.lib : frcmpyd_div.obj (.text:__frcmpyd_div)
                  0000b020    00000340                 : cos.obj (.text:_cos)
                  0000b360    00000320                 : sin.obj (.text:_sin)
                  0000b680    000002e0     dsk6713bslccsv4.lib : dsk6713_aic23_opencodec.obj (.text)
                  0000b960    00000280     rts6700.lib : exp.obj (.text:_exp)
                  0000bbe0    00000240                 : memcpy62.obj (.text:_memcpy)
                  0000be20    00000240                 : sqrt.obj (.text:_sqrt)
                  0000c060    000001c0     csl6713.lib : csl_irq.obj (.text:_IRQ_map)
                  0000c220    000001a0                 : csl_mcbsp.obj (.text:_MCBSP_reset)
                  0000c3c0    000001a0     rts6700.lib : ldexp.obj (.text:_ldexp)
                  0000c560    00000180     bios.a67 : gbl_cslpllinit62.o67 (.text)
                  0000c6e0    00000180     dsk6713bslccsv4.lib : dsk6713_aic23_registers.obj (.text)
                  0000c860    00000140     rts6700.lib : strasg.obj (.text:__strasgi)
                  0000c9a0    00000120                 : sinit.obj (.text:_call_dtors)
                  0000cac0    00000120                 : frexp.obj (.text:_frexp)
                  0000cbe0    00000120                 : memset.obj (.text:_memset)
                  0000cd00    00000100     csl6713.lib : csl_mcbsp.obj (.text:_MCBSP_open)
                  0000ce00    00000100                 : csl_mcbsp.obj (.text:_MCBSP_start)
                  0000cf00    00000100     rts6700.lib : atexit.obj (.text:_atexit)
                  0000d000    000000e0                 : frcmpyf_div.obj (.text:__frcmpyf_div)
                  0000d0e0    000000e0                 : round.obj (.text:__nround)
                  0000d1c0    000000e0     dsk6713bslccsv4.lib : helper_functions_ISR.obj (.text)
                  0000d2a0    000000c0     rts6700.lib : modf.obj (.text:_modf)
                  0000d360    000000c0     bios.a67 : tsk_stup.o67 (.text)
                  0000d420    000000a0     rts6700.lib : mpyll.obj (.text:__mpyll)
                  0000d4c0    000000a0     csl6713.lib : csl_irq.obj (.text:_setMux)
                  0000d560    00000040     rts6700.lib : sinit.obj (.text:___add_dtor)
                  0000d5a0    00000040                 : divd.obj (.text:___isnan)
                  0000d5e0    00000040                 : divf.obj (.text:___isnanf)
                  0000d620    00000040                 : trunc.obj (.text:__trunc)
                  0000d660    00000020                 : _lock.obj (.text:__nop)
                  0000d680    00000020                 : _lock.obj (.text:__register_lock)
                  0000d6a0    00000020                 : _lock.obj (.text:__register_unlock)
                  0000d6c0    00000020     csl6713.lib : csl_irq.obj (.text)

.bios      0    0000d6e0    00004ac0     
                  0000d6e0    00000600     lnkrtdx.a67 : rtdx.o67 (.bios)
                  0000dce0    000005e0     bios.a67 : gbl_setL2CacheMode.o67 (.bios)
                  0000e2c0    00000540              : swi.o67 (.bios)
                  0000e800    00000460              : hwi_disp_asm.o67 (.bios)
                  0000ec60    000003e0              : malloc.o67 (.bios)
                  0000f040    000003a0              : prd.o67 (.bios)
                  0000f3e0    000002c0              : knl_run.o67 (.bios)
                  0000f6a0    000002c0              : rta.o67 (.bios)
                  0000f960    000002c0              : sem_pend.o67 (.bios)
                  0000fc20    00000280              : mem_allo.o67 (.bios:.near)
                  0000fea0    00000260              : knl_tick.o67 (.bios)
                  00010100    00000240              : mem_free.o67 (.bios:.near)
                  00010340    00000240              : pip.o67 (.bios)
                  00010580    00000220              : sem_dopo.o67 (.bios)
                  000107a0    00000200              : tsk_setu.o67 (.bios)
                  000109a0    000001c0              : knl_swit.o67 (.bios)
                  00010b60    000001c0     biosC6000.a67 : clk.o67 (.bios)
                  00010d20    000001a0     bios.a67 : tsk_exit.o67 (.bios)
                  00010ec0    00000180              : autoinit.o67 (.bios)
                  00011040    00000180              : tsk_stup.o67 (.bios)
                  000111c0    00000140              : knl_chec.o67 (.bios)
                  00011300    000000e0              : gbl_cslcacheinit.o67 (.bios)
                  000113e0    000000e0              : knl_exit.o67 (.bios)
                  000114c0    000000e0              : sem_post.o67 (.bios)
                  000115a0    000000e0              : sem_post_asm.o67 (.bios)
                  00011680    000000e0     biosC6000.a67 : clk_meas.o67 (.bios)
                  00011760    000000c0     bios.a67 : knl_ipos.o67 (.bios)
                  00011820    000000c0              : knl_post.o67 (.bios)
                  000118e0    000000c0              : lck.o67 (.bios)
                  000119a0    000000c0              : sys_exit.o67 (.bios)
                  00011a60    000000c0     biosC6000.a67 : clk_htime.o67 (.bios)
                  00011b20    00000080     bios.a67 : fxn.o67 (.bios)
                  00011ba0    00000080              : idl_busy.o67 (.bios)
                  00011c20    00000080              : log.o67 (.bios)
                  00011ca0    00000080              : sts.o67 (.bios)
                  00011d20    00000080     biosC6000.a67 : idl_cal.o67 (.bios)
                  00011da0    00000060     bios.a67 : sys_erro.o67 (.bios:.near)
                  00011e00    00000060              : hwi_c.o67 (.bios)
                  00011e60    00000060              : sem_pend_counting.o67 (.bios)
                  00011ec0    00000060              : sys_abor.o67 (.bios)
                  00011f20    00000060              : utl_putc.o67 (.bios)
                  00011f80    00000060     biosC6000.a67 : clk_start.o67 (.bios)
                  00011fe0    00000040     bios.a67 : idl_stub.o67 (.bios)
                  00012020    00000040              : rta_andn.o67 (.bios)
                  00012060    00000040              : utl_doab.o67 (.bios)
                  000120a0    00000040     biosC6000.a67 : clk_stop.o67 (.bios)
                  000120e0    00000020     bios.a67 : fxn_c.o67 (.bios)
                  00012100    00000020              : gbl_vers.o67 (.bios)
                  00012120    00000020              : idl.o67 (.bios)
                  00012140    00000020              : sts_set.o67 (.bios)
                  00012160    00000020              : utl_doer.o67 (.bios)
                  00012180    00000020              : utl_halt.o67 (.bios)

.cinit     0    000121a0    000010cc     
                  000121a0    000005ac     dsp_bios_cfg.obj (.cinit)
                  0001274c    00000004     --HOLE-- [fill = 0]
                  00012750    0000026c     bios.a67 : biosdata.o67 (.cinit)
                  000129bc    00000004     --HOLE-- [fill = 0]
                  000129c0    000001a4              : knl.o67 (.cinit)
                  00012b64    00000004     --HOLE-- [fill = 0]
                  00012b68    0000012c     csl6713.lib : csl_irq.obj (.cinit)
                  00012c94    00000004     --HOLE-- [fill = 0]
                  00012c98    000000b0     bios.a67 : swi.o67 (.cinit)
                  00012d48    00000070              : tsk.o67 (.cinit)
                  00012db8    00000060              : tsk_stup.o67 (.cinit)
                  00012e18    0000005c     lnkrtdx.a67 : rtdx.o67 (.cinit)
                  00012e74    00000004     --HOLE-- [fill = 0]
                  00012e78    00000054     csl6713.lib : csl_mcbsp.obj (.cinit)
                  00012ecc    00000004     --HOLE-- [fill = 0]
                  00012ed0    0000004c     bios.a67 : rta.o67 (.cinit)
                  00012f1c    00000004     --HOLE-- [fill = 0]
                  00012f20    0000004c     enhance.obj (.cinit)
                  00012f6c    00000004     --HOLE-- [fill = 0]
                  00012f70    0000004c     rtdx.lib : buffer1.o62 (.cinit)
                  00012fbc    00000004     --HOLE-- [fill = 0]
                  00012fc0    00000048     rts6700.lib : cos.obj (.cinit)
                  00013008    00000048                 : sin.obj (.cinit)
                  00013050    00000040                 : exp.obj (.cinit)
                  00013090    00000034     bios.a67 : hwi.o67 (.cinit)
                  000130c4    00000004     --HOLE-- [fill = 0]
                  000130c8    00000030     dsk6713bslccsv4.lib : dsk6713_aic23_registers.obj (.cinit)
                  000130f8    0000002c     bios.a67 : utl_putc.o67 (.cinit)
                  00013124    00000004     --HOLE-- [fill = 0]
                  00013128    0000002c     rts6700.lib : exit.obj (.cinit)
                  00013154    00000004     --HOLE-- [fill = 0]
                  00013158    00000024     bios.a67 : obj_init.o67 (.cinit)
                  0001317c    00000004     --HOLE-- [fill = 0]
                  00013180    0000001c              : sys.o67 (.cinit)
                  0001319c    00000004     --HOLE-- [fill = 0]
                  000131a0    0000001c     rts6700.lib : _lock.obj (.cinit)
                  000131bc    00000004     --HOLE-- [fill = 0]
                  000131c0    0000001c                 : atexit.obj (.cinit)
                  000131dc    00000004     --HOLE-- [fill = 0]
                  000131e0    00000018     bios.a67 : knl_tick.o67 (.cinit)
                  000131f8    00000010     rts6700.lib : divd.obj (.cinit)
                  00013208    00000010                 : divf.obj (.cinit)
                  00013218    0000000c     bios.a67 : gbl_setL2CacheMode.o67 (.cinit)
                  00013224    00000004     --HOLE-- [fill = 0]
                  00013228    0000000c              : idl_busy.o67 (.cinit)
                  00013234    00000004     --HOLE-- [fill = 0]
                  00013238    0000000c              : knl_swit.o67 (.cinit)
                  00013244    00000004     --HOLE-- [fill = 0]
                  00013248    0000000c     rts6700.lib : errno.obj (.cinit)
                  00013254    00000004     --HOLE-- [fill = 0]
                  00013258    0000000c                 : sinit.obj (.cinit)
                  00013264    00000004     --HOLE-- [fill = 0]
                  00013268    00000004     (.pad.cinit) [fill = 0]

.hst1      0    0001326c    00000010     UNINITIALIZED
                  0001326c    00000010     dsp_bios_cfg.obj (.hst1)

.args      0    0001327c    00000004     
                  0001327c    00000004     --HOLE-- [fill = 0]

.rtdx_text 
*          0    00013280    00000ea0     
                  00013280    00000400     rtdx.lib : rtdx_mon.o62 (.rtdx_text:_RTDX_Poll)
                  00013680    00000340              : buffer1.o62 (.rtdx_text:_RTDX_Buffer_WriteCB)
                  000139c0    00000300              : buffer1.o62 (.rtdx_text:_RTDX_write_next)
                  00013cc0    00000140              : rtdx_mon.o62 (.rtdx_text:_RTDX_Mon_Queue)
                  00013e00    000000e0              : buffer1.o62 (.rtdx_text:_claim)
                  00013ee0    00000080              : rtdx_mon.o62 (.rtdx_text:_RTDX_Init_RT_Monitor)
                  00013f60    00000060              : buffer1.o62 (.rtdx_text:_RTDX_Buffer_Initialize)
                  00013fc0    00000060              : buffer2.o62 (.rtdx_text:_RTDX_Buffer_ReadCB)
                  00014020    00000040              : buffer1.o62 (.rtdx_text:_RTDX_Buffer_Size)
                  00014060    00000040              : rtdx_mon.o62 (.rtdx_text:_RTDX_Final_RT_Monitor)
                  000140a0    00000020              : buffer2.o62 (.rtdx_text:_RTDX_Buffer_Read)
                  000140c0    00000020              : buffer1.o62 (.rtdx_text:_RTDX_Buffer_Write)
                  000140e0    00000020              : rtdx_mon.o62 (.rtdx_text:_RTDX_checksum)
                  00014100    00000020              : intr_tgt.o62 (.rtdx_text)

.far       0    00014120    000005f4     UNINITIALIZED
                  00014120    00000188     rts6700.lib : atexit.obj (.far)
                  000142a8    000000f4     csl6713.lib : csl_irq.obj (.far)
                  0001439c    000000d8     bios.a67 : knl.o67 (.far)
                  00014474    0000005c              : tsk.o67 (.far)
                  000144d0    00000054              : obj_init.o67 (.far)
                  00014524    00000050              : tsk_stup.o67 (.far)
                  00014574    00000004     rts6700.lib : errno.obj (.far)
                  00014578    00000040                 : cos.obj (.far)
                  000145b8    00000040                 : sin.obj (.far)
                  000145f8    00000038     csl6713.lib : csl_mcbsp.obj (.far)
                  00014630    00000030     rts6700.lib : exp.obj (.far)
                  00014660    00000028     dsk6713bslccsv4.lib : dsk6713_aic23_registers.obj (.far)
                  00014688    00000028     enhance.obj (.far)
                  000146b0    00000020     bios.a67 : sys.o67 (.far)
                  000146d0    00000010              : knl_tick.o67 (.far)
                  000146e0    0000000c              : utl_putc.o67 (.far)
                  000146ec    0000000c     rts6700.lib : exit.obj (.far)
                  000146f8    00000008                 : _lock.obj (.far)
                  00014700    00000008                 : divd.obj (.far)
                  00014708    00000008                 : divf.obj (.far)
                  00014710    00000004                 : sinit.obj (.far)

.pinit     0    00014714    0000000c     
                  00014714    00000004     rtdx.lib : buffer1.o62 (.pinit)
                  00014718    00000004              : rtdx_mon.o62 (.pinit)
                  0001471c    00000004     --HOLE-- [fill = 0]

.sysinit   0    00014720    00000520     
                  00014720    000002e0     dsp_bios_cfg.obj (.sysinit)
                  00014a00    000000e0     bios.a67 : mem_init.o67 (.sysinit)
                  00014ae0    000000c0              : boot.o67 (.sysinit)
                  00014ba0    00000080              : tsk_init.o67 (.sysinit)
                  00014c20    00000020              : obj_init.o67 (.sysinit)

.rtdx_data 
*          0    00014c40    0000044c     UNINITIALIZED
                  00014c40    00000410     dsp_bios_cfg.obj (.rtdx_data)
                  00015050    00000020     rtdx.lib : buffer1.o62 (.rtdx_data)
                  00015070    0000001c              : rtdx_mon.o62 (.rtdx_data)

.mem       0    0001508c    00000004     UNINITIALIZED
                  0001508c    00000004     dsp_bios_cfg.obj (.mem)

.TSK_idle$stk 
*          0    00015090    00000400     UNINITIALIZED
                  00015090    00000400     dsp_bios_cfg.obj (.TSK_idle$stk)

.stack     0    00015490    00000400     UNINITIALIZED
                  00015490    00000400     --HOLE--

.bss       0    00015890    00000382     UNINITIALIZED
                  00015890    00000100     bios.a67 : hwi_disp_asm.o67 (.bss)
                  00015990    000000cc              : biosdata.o67 (.bss)
                  00015a5c    0000009c              : swi.o67 (.bss)
                  00015af8    00000048              : knl.o67 (.bss)
                  00015b40    00000034     enhance.obj (.bss)
                  00015b74    00000028     dsp_bios_cfg.obj (.bss)
                  00015b9c    00000018     bios.a67 : hwi.o67 (.bss)
                  00015bb4    00000018     lnkrtdx.a67 : rtdx.o67 (.bss)
                  00015bcc    00000010     rtdx.lib : buffer1.o62 (.bss)
                  00015bdc    0000000c     bios.a67 : tsk.o67 (.bss)
                  00015be8    00000008              : clk_data.o67 (.bss)
                  00015bf0    00000008              : sys.o67 (.bss)
                  00015bf8    00000008     dsk6713bslccsv4.lib : dsk6713_aic23_opencodec.obj (.bss)
                  00015c00    00000004     bios.a67 : clk_data2.o67 (.bss)
                  00015c04    00000004              : gbl_setL2CacheMode.o67 (.bss)
                  00015c08    00000004              : idl_busy.o67 (.bss)
                  00015c0c    00000004              : mem_asm.o67 (.bss)
                  00015c10    00000002     dsk6713bslccsv4.lib : dsk6713.obj (.bss)

.trace     0    00015c14    00000200     
                  00015c14    00000200     --HOLE-- [fill = 00000000]

.const     0    00015e18    00000101     
                  00015e18    0000004e     bios.a67 : tsk_stup.o67 (.const)
                  00015e66    00000002     --HOLE-- [fill = 0]
                  00015e68    00000040     dsk6713bslccsv4.lib : dsk6713_aic23_opencodec.obj (.const)
                  00015ea8    00000023     bios.a67 : utl_doab.o67 (.const)
                  00015ecb    00000022              : utl_doer.o67 (.const)
                  00015eed    00000003     --HOLE-- [fill = 0]
                  00015ef0    00000020     dsk6713bslccsv4.lib : dsk6713.obj (.const)
                  00015f10    00000004     bios.a67 : mem_allo.o67 (.const)
                  00015f14    00000004              : mem_free.o67 (.const)
                  00015f18    00000001              : tsk.o67 (.const)

.printf    0    00015f19    0000003f     COPY SECTION
                  00015f19    0000003f     dsp_bios_cfg.obj (.printf)

.pip       0    00015f1c    000000c8     UNINITIALIZED
                  00015f1c    000000c8     dsp_bios_cfg.obj (.pip)

.log       0    00015fe4    00000018     
                  00015fe4    00000018     dsp_bios_cfg.obj (.log)

.LOG_system$buf 
*          0    00016000    00000100     UNINITIALIZED
                  00016000    00000100     dsp_bios_cfg.obj (.LOG_system$buf)

.hst0      0    00016100    00000100     UNINITIALIZED
                  00016100    00000100     dsp_bios_cfg.obj (.hst0)

.tsk       0    00016200    00000060     UNINITIALIZED
                  00016200    00000060     dsp_bios_cfg.obj (.tsk)

.gblinit   0    00016260    00000040     
                  00016260    00000040     dsp_bios_cfg.obj (.gblinit)

.hst       0    000162a0    0000003c     UNINITIALIZED
                  000162a0    0000003c     dsp_bios_cfg.obj (.hst)

.sts       0    000162dc    00000030     
                  000162dc    00000030     dsp_bios_cfg.obj (.sts)

.swi       0    0001630c    0000002c     UNINITIALIZED
                  0001630c    0000002c     dsp_bios_cfg.obj (.swi)

.switch    0    00016338    00000028     
                  00016338    00000028     rtdx.lib : rtdx_mon.o62 (.switch)

.idl       0    00016360    00000010     UNINITIALIZED
                  00016360    00000010     dsp_bios_cfg.obj (.idl)

.idlcal    0    00016370    00000010     UNINITIALIZED
                  00016370    00000010     dsp_bios_cfg.obj (.idlcal)

.sys       0    00016380    00000010     UNINITIALIZED
                  00016380    00000010     dsp_bios_cfg.obj (.sys)

.trcdata   0    00016390    0000000c     
                  00016390    0000000c     bios.a67 : trc.o67 (.trcdata)

.clk       0    0001639c    00000008     UNINITIALIZED
                  0001639c    00000008     dsp_bios_cfg.obj (.clk)


GLOBAL SYMBOLS: SORTED ALPHABETICALLY BY Name 

address    name
--------   ----
00015890   $bss
00015890   .bss
00000000   .data
00008200   .text
000148dc   BIOS$$CLKOFF
0001489c   BIOS$$CLKON
00014720   BIOS_init
00014944   BIOS_start
00000000   BUF$
00000001   BUF_ENABLED
00000001   CLK$
0001639c   CLK_A_TABBEG
00000001   CLK_CALDIV
00000004   CLK_CALMULT
0000dbba   CLK_COUNTSPMS
00000000   CLK_COUNTSPMSHIGH
000159b8   CLK_D_idletime
000159b4   CLK_D_isrhook
000159b0   CLK_D_tabbeg
000159ac   CLK_D_timefxn
00011a60   CLK_F_getfhtime
00011a80   CLK_F_gethtime
00010b60   CLK_F_getltime
00011a80   CLK_F_getshtime
00010b74   CLK_F_isr
00010cd4   CLK_F_itime
0000e800   CLK_HOOKFXN
00000001   CLK_HTIMEDIV
00000004   CLK_HTIMEMULT
0000dbba   CLK_HTIMEPERLTIME
00004000   CLK_INTBIT
00000001   CLK_LTIMEDIV
00036ee8   CLK_LTIMEMULT
000003e8   CLK_MICROSECS
0000dbba   CLK_PRD
00000000   CLK_PRDHIGH
01940000   CLK_REGS
000159a8   CLK_R_time
00000020   CLK_TCR
00000000   CLK_TDDR
00000000   CLK_TDDRHIGH
00011a80   CLK_TIMEFXN
00000000   CLK_TIMERNUM
00000001   CLK_USETIMER
000163a0   CLK_null
00000000   DEV$
00000000   DGN$
00000000   DHL$
00000000   DHL_gChannelsAvailable
00000000   DIO$
00000000   DIO_NUMSWIBASE
00000000   DIO_NUMTSKBASE
00000000   DIO_STATIC
00000000   DPI$
00011b20   FXN_F_nop
00011b28   FXN_F_run
00011b78   FXN_F_zero
00000001   GBL$
00005205   GBL_A_VERSION
00000000   GBL_BIGENDIAN
00000000   GBL_C641XL2PRIORITY
00000000   GBL_CACHE
00000001   GBL_CALLCSLCFGINIT
00004e20   GBL_CLKIN
00001770   GBL_CLKTYPE
00001a39   GBL_DSPSUBTYPE
0000003e   GBL_DSPTYPE
00000001   GBL_ENABLEINST
00000042   GBL_FOOTPRINT
00036ee8   GBL_FREQ
00002226   GBL_L2ALLOC
00000000   GBL_L2CONFIGALLOC
00000001   GBL_L2CONFIGURE
00000001   GBL_L2MARMASK
00000000   GBL_L2MARMASK1
00000000   GBL_L2MARMASK2
00000000   GBL_L2MARMASK3
00000000   GBL_L2MARMASK4
00000000   GBL_L2MARMASK5
00000000   GBL_L2MODE
00000000   GBL_L2PRIORITY
00000000   GBL_NULL
00000000   GBL_PROCID
00000000   GBL_ROM
00000000   GBL_SUPPORTCSL
0000dbef   GBL_TRCMASKVALUE
00000001   GBL_USERINIT
0000c588   GBL_USERINITFXN
00000001   GBL_boot
00016398   GBL_initdone
00015490   GBL_stackbeg
0001588f   GBL_stackend
00000000   GIO$
000120e0   GIO_CREATEFXN
000120e0   GIO_DELETEFXN
000120e0   GIO_PENDFXN
000120e0   GIO_POSTFXN
00000000   HOOK$
00000000   HOOK_KNLID
00000001   HST$
000162a0   HST_A_TABBEG
000162dc   HST_A_TABEND
00000000   HST_DSM
00015b80   HST_DSMBUFSEG
00000400   HST_DSMMEMSIZE
00015a24   HST_D_chanmask
00015a28   HST_D_tabbeg
00015a2c   HST_D_tabend
000000ff   HST_MAXFRAMEALLOWED
00000040   HST_MAXFRAMESET
00000000   HST_NONE
00000001   HST_RTDX
00000001   HWI$
00000000   HWI_A_VECS
00004018   HWI_CFGDISPATCHED
00015bac   HWI_D_bss
00015bb0   HWI_D_ccmask
00015b9c   HWI_D_spsave
0000e800   HWI_F_dispatch
00000000   HWI_GENERATE_RESET_VEC
0000000a   HWI_INT10
00000000   HWI_INT10$hwi
0000000b   HWI_INT11
00000000   HWI_INT11$hwi
0000000c   HWI_INT12
00000000   HWI_INT12$hwi
0000000d   HWI_INT13
00000000   HWI_INT13$hwi
0000000e   HWI_INT14
00000000   HWI_INT14$hwi
0000000f   HWI_INT15
00000000   HWI_INT15$hwi
00000004   HWI_INT4
00000000   HWI_INT4$hwi
00000005   HWI_INT5
00000000   HWI_INT5$hwi
00000006   HWI_INT6
00000000   HWI_INT6$hwi
00000007   HWI_INT7
00000000   HWI_INT7$hwi
00000008   HWI_INT8
00000000   HWI_INT8$hwi
00000009   HWI_INT9
00000000   HWI_INT9$hwi
082039a3   HWI_INTRMULTHIGH
310718af   HWI_INTRMULTLOW
00000001   HWI_NMI
00000000   HWI_NMI$hwi
00000000   HWI_POLARITYMASK
00000002   HWI_RESERVED0
00000000   HWI_RESERVED0$hwi
00000003   HWI_RESERVED1
00000000   HWI_RESERVED1$hwi
00000000   HWI_RESET
00000000   HWI_RESET$hwi
00000001   HWI_ZEROTAB
00000001   IDL$
00016370   IDL_A_CALBEG
00016360   IDL_A_TABBEG
00000006   IDL_CALIBRERROR
00011fe0   IDL_CALIBRFXN
00015c08   IDL_D_busyObj
00015998   IDL_D_calbeg
00015994   IDL_D_calibrate
00015990   IDL_D_tabbeg
0001636c   IDL_END
0001637c   IDL_END$
00011ba0   IDL_F_busy
00011d20   IDL_F_calibrate
00012120   IDL_F_loop
00011fe0   IDL_F_stub
00000001   IDL_USECLKIDLTIME
00016300   IDL_busyObj
00015f53   IDL_busyObj$avgfmt
00000001   IDL_busyObj$filter
00000001   IDL_busyObj$iA
00000000   IDL_busyObj$iB
00000001   IDL_busyObj$iC
00015f4d   IDL_busyObj$maxfmt
00000000   IDL_busyObj$operation
000162fc   IDL_busyObj$stsobj
00015f50   IDL_busyObj$sumfmt
00000002   IDL_busyObj$unittype
00016360   IDL_cpuLoad
00016370   IDL_cpuLoad$
00015b80   IRAM
00000200   IRAM$B
00008000   IRAM$L
00000001   ISRC$
00010b20   KNL_glue
0001630c   KNL_swi
00000001   KNL_swi$dorta
00000000   KNL_swi$ord
00000000   KNL_swi$pri
000162e0   KNL_swi$sts
00015f29   KNL_swi$sts$avgfmt
00000002   KNL_swi$sts$filter
00000001   KNL_swi$sts$filtmaxmult
00000001   KNL_swi$sts$filtsummult
00015f19   KNL_swi$sts$maxfmt
000162dc   KNL_swi$sts$stsobj
00015f21   KNL_swi$sts$sumfmt
00000000   KNL_swi$sts$unittype
00000000   KNL_swi$swi
00000001   LCK$
0000d6e0   LNK_F_checkBufferCall
0000d760   LNK_F_dataPump
0000d700   LNK_F_getChanPtr
0000d758   LNK_F_init
0000dca4   LNK_F_readCallBack
00016364   LNK_dataPump
00016374   LNK_dataPump$
00015bb8   LNK_dspFrameReadyMask
00015bb4   LNK_dspFrameRequestMask
0000da00   LNK_newin
0000db40   LNK_newout
0000d774   LNK_rcloop
0000d840   LNK_rdrtry
00015bc0   LNK_readDone
00015bc4   LNK_readFail
00015bbc   LNK_readPend
0000d850   LNK_rrloop
00015bc8   LNK_writeFail
0000d924   LNK_wrloop
0000d914   LNK_wrrtry
00000001   LOG$
00015fe4   LOG_A_TABBEG
00015ffc   LOG_A_TABEND
00000001   LOG_A_TABLEN
0001599c   LOG_D_system
00000001   LOG_ENABLED
00011c20   LOG_F_event
00015fe4   LOG_system
00016000   LOG_system$buf
00000000   LOG_system$datatype
00000000   LOG_system$log
00000040   LOG_system$size
00000000   MBX$
00000001   MEM$
00015b80   MEM_MALLOCSEG
00000000   MEM_NULL
00015b80   MEM_SEGZERO
00000000   MEM_USEMPC
00000001   MEM_gNumHeap
00000000   MSGQ$
00000000   MSGQ_USEMSGQ
00000000   OBJ$
00000000   PIP$
00015f1c   PIP_A_TABBEG
00015fe4   PIP_A_TABEND
00000002   PIP_A_TABLEN
000159a0   PIP_D_tabbeg
000159a4   PIP_D_tablen
000103d4   PIP_F_give
000103d4   PIP_F_probe
000104a8   PIP_F_start
00010340   PIP_F_take
00000064   PIP_OBJSIZE
00000000   PIP_gNextId
00000002   PIP_gNumEmbed
00000000   POOL$
00000000   POOL_USEPOOL
00000001   PRD$
00000000   PRD_A_TABBEG
00000000   PRD_A_TABEND
00000000   PRD_A_TABLEN
000159e0   PRD_D_cur
000159e4   PRD_D_elapsed
000159e8   PRD_D_prevtim
000159ec   PRD_D_scalar
000159f0   PRD_D_swihandle
000159f4   PRD_D_tabbeg
000159f8   PRD_D_tablen
000159fc   PRD_D_thook
000159dc   PRD_D_tick
0000f040   PRD_F_swi
0000f300   PRD_F_tick
00004000   PRD_SCALAR
00000000   PRD_SWIHANDLE
000100e0   PRD_THOOKFXN
0001639c   PRD_clock
00000001   QUE$
00015a00   RTA_D_fromHost
00015a08   RTA_D_logval
00015a18   RTA_D_stsval
00015a04   RTA_D_toHost
00012020   RTA_F_andn
0000f798   RTA_F_dispatch
0000f6a0   RTA_F_getlog
0000f6e4   RTA_F_getsts
00012040   RTA_F_or
0000f72c   RTA_F_readblk
0000f758   RTA_F_resetmem
0000f74c   RTA_F_writeword
00016368   RTA_dispatcher
00016378   RTA_dispatcher$
0000f7e8   RTA_execute
000162a4   RTA_fromHost
0001326c   RTA_fromHost$buf
00000004   RTA_fromHost$framesize
00000000   RTA_fromHost$hst
00000001   RTA_fromHost$id
00000000   RTA_fromHost$mode
00015f1c   RTA_fromHost$pipe
00015f4c   RTA_fromHost$pipe$aaa
00015f7c   RTA_fromHost$pipe$bbb
00015b84   RTA_fromHost$pipe$dtab
00015f20   RTA_fromHost$pipe$rd
00015f50   RTA_fromHost$pipe$wr
000162ac   RTA_fromHost$rtdx
000162c0   RTA_toHost
00016100   RTA_toHost$buf
00000040   RTA_toHost$framesize
00000000   RTA_toHost$hst
00000000   RTA_toHost$id
00000001   RTA_toHost$mode
00015f80   RTA_toHost$pipe
00015fb0   RTA_toHost$pipe$aaa
00015fe0   RTA_toHost$pipe$bbb
00015b90   RTA_toHost$pipe$dtab
00015f84   RTA_toHost$pipe$rd
00015fb4   RTA_toHost$pipe$wr
000162c8   RTA_toHost$rtdx
00000001   RTDX$
00000408   RTDX_BUFMEMSIZE
00015b80   RTDX_DATAMEMSEG
00000000   RTDX_MODE
00000001   RTDX_NORMALIZED_HDR
00000001   RTDX_USERTDX
00000000   RTDX_USERTEXECUTION
ffffffff   SDRAM
00000000   SEM$
00000000   SIO$
00000001   STS$
000162dc   STS_A_TABBEG
0001630c   STS_A_TABEND
00011cd8   STS_F_add
00011ca0   STS_F_delta
00011d04   STS_F_reset
00000001   SWI$
0001630c   SWI_A_TABBEG
00016338   SWI_A_TABEND
00000001   SWI_A_TABLEN
00015a74   SWI_D_curfxn
00015a64   SWI_D_curmask
00015a70   SWI_D_curmbox
00015a68   SWI_D_curset
00015a60   SWI_D_execaddr
00015a7c   SWI_D_inswi
00015a6c   SWI_D_lock
00015a78   SWI_D_rdybeg
00015a80   SWI_D_rdytab
00015a5c   SWI_D_runaddr
00000000   SWI_EHOOKFXN
0000e4dc   SWI_EXECFXN
0000e2c0   SWI_F_enable
0000e4dc   SWI_F_exec
0000e508   SWI_F_iexec
0000e330   SWI_F_post
0000e598   SWI_F_run
00000000   SWI_IHOOKFXN
0000e598   SWI_RUNFXN
00000001   SYS$
00016380   SYS$config
00012060   SYS_ABORTFXN
00012160   SYS_ERRORFXN
00012180   SYS_EXITFXN
00011f20   SYS_PUTCFXN
00016394   TRC_R_mask
00016390   TRC_cinit
00000001   TSK$
00000000   TSK_NUM_HOOKS
00000001   TSK_PRIORITY
00000000   TSK_READYFXN
00000000   TSK_STACKSEG
00000400   TSK_STACKSIZE
00000000   TSK_SWITCHFXN
000120e0   TSK_VCREATEFXN
000120e0   TSK_VDELETEFXN
000120e0   TSK_VEXITFXN
0001620c   TSK_idle
00000000   TSK_idle$ord
00000000   TSK_idle$pri
00015090   TSK_idle$stack
00015428   TSK_idle$stkptr
000162f0   TSK_idle$sts
00015f43   TSK_idle$sts$avgfmt
00000002   TSK_idle$sts$filter
00000001   TSK_idle$sts$filtmaxmult
00000001   TSK_idle$sts$filtsummult
00015f33   TSK_idle$sts$maxfmt
000162ec   TSK_idle$sts$stsobj
00015f3b   TSK_idle$sts$sumfmt
00000000   TSK_idle$sts$unittype
00000000   TSK_idle$tsk
00000000   UDEV$
00014720   _BIOS_init
00014944   _BIOS_start
0000dbba   _CLK_COUNTSPMS
00015be8   _CLK_DFLTMICROSECS
000159d8   _CLK_D_countspms
000159cc   _CLK_D_dirty
00015bec   _CLK_D_microseconds
000159d0   _CLK_D_prd
000159d4   _CLK_D_tddr
00010cd4   _CLK_F_itime
0000dbba   _CLK_PRD
01940000   _CLK_REGS
00000000   _CLK_TDDR
00000000   _CLK_TIMERNUM
00000001   _CLK_USETIMER
000159bc   _CLK_htimeDiv
000159c0   _CLK_htimeMult
00015c00   _CLK_htimePerLtime
00010cd4   _CLK_itime
000159c4   _CLK_ltimeDiv
000159c8   _CLK_ltimeMult
00011680   _CLK_measure
00011f80   _CLK_start
000120a0   _CLK_stop
00014688   _Config
00015bf8   _DSK6713_AIC23_codeccontrolhandle
00015bfc   _DSK6713_AIC23_codecdatahandle
0000c7cc   _DSK6713_AIC23_config
0000b680   _DSK6713_AIC23_openCodec
0000c7a8   _DSK6713_AIC23_rget
0000c6e0   _DSK6713_AIC23_rset
0000a9a0   _DSK6713_getVersion
0000a9f0   _DSK6713_init
0000a90c   _DSK6713_rget
0000a8f8   _DSK6713_rset
00015c10   _DSK6713_version
0000a820   _DSK6713_wait
0000a8c4   _DSK6713_waitusec
000120e0   _FXN_F_nop
00011b28   _FXN_F_run
00011b78   _FXN_F_zero
00000000   _GBL_CACHE
00015a34   _GBL_clkIn
00011300   _GBL_cslCacheInit
00015a38   _GBL_freq
00012100   _GBL_getVersion
00015a30   _GBL_procId
0000c588   _GBL_setPLLto225MHz
000162a0   _HST_A_TABBEG
000162dc   _HST_A_TABEND
00004018   _HWI_CFGDISPATCHED
00015ba8   _HWI_D_inhwi
00015b9c   _HWI_D_spsave
0000e800   _HWI_F_dispatch
0000000a   _HWI_INT10
0000000b   _HWI_INT11
0000000c   _HWI_INT12
0000000d   _HWI_INT13
0000000e   _HWI_INT14
0000000f   _HWI_INT15
00000004   _HWI_INT4
00000005   _HWI_INT5
00000006   _HWI_INT6
00000007   _HWI_INT7
00000008   _HWI_INT8
00000009   _HWI_INT9
00000001   _HWI_NMI
00000002   _HWI_RESERVED0
00000003   _HWI_RESERVED1
00000000   _HWI_RESET
00015888   _HWI_STKBOTTOM
00015490   _HWI_STKTOP
00015b9c   _HWI_data
00011e00   _HWI_disable
00015890   _HWI_dispatchTab
00011e18   _HWI_enable
00011e2c   _HWI_restore
00015b40   _H_Codec
00016300   _IDL_busyObj
00016360   _IDL_cpuLoad
00012120   _IDL_loop
00015b80   _IRAM
00000200   _IRAM_base
00008000   _IRAM_length
0000c060   _IRQ_map
00009ac8   _ISR_AIC
00015b00   _KNL_alarm
000111c0   _KNL_check
00015b24   _KNL_curqueue
00015b14   _KNL_curtask
00015b1c   _KNL_curtime
0001443c   _KNL_dummy
00011434   _KNL_enter
000113e0   _KNL_exit
00011298   _KNL_idle
00015b3c   _KNL_idlefxn
00015b08   _KNL_inactive
00011760   _KNL_ipost
000112bc   _KNL_max
00015b28   _KNL_maxqueue
00011820   _KNL_post
00015b18   _KNL_prevtask
00015b0c   _KNL_priority
0001439c   _KNL_queues
0000f3e0   _KNL_run
000109a0   _KNL_saveIsrFrame
00015b10   _KNL_set
00015b04   _KNL_setpri
0001630c   _KNL_swi
00015b20   _KNL_swiptr
00010a6c   _KNL_switch
00015b30   _KNL_tcreatefxn
00015b34   _KNL_tdeletefxn
000100e0   _KNL_tick
00015b38   _KNL_treadyfxn
00015b2c   _KNL_tswitchfxn
00015af8   _KNL_wFlag
00015afc   _KNL_wList
00011910   _LCK_pend
000118e0   _LCK_post
00016364   _LNK_dataPump
00015bb8   _LNK_dspFrameReadyMask
00015bb4   _LNK_dspFrameRequestMask
00015bc0   _LNK_readDone
00015bc4   _LNK_readFail
00015bbc   _LNK_readPend
00015bc8   _LNK_writeFail
00015fe4   _LOG_A_TABBEG
00015ffc   _LOG_A_TABEND
00000001   _LOG_A_TABLEN
0001599c   _LOG_D_system
00011c20   _LOG_event
00015fe4   _LOG_system
0000cd00   _MCBSP_open
0000c220   _MCBSP_reset
0000ce00   _MCBSP_start
00015c0c   _MEM
00015a3c   _MEM_D_NUMSEGMENTS
00015a44   _MEM_D_freelist
00015a48   _MEM_D_lockaddr
00015a40   _MEM_D_memtab
00015a4c   _MEM_D_unlockaddr
0000fc20   _MEM_alloc
00010100   _MEM_free
00014a00   _MEM_init
00015b74   _MEM_memtab
00014c20   _OBJ_init
00014508   _OBJ_segtab
000144d0   _OBJ_table
00015f1c   _PIP_A_TABBEG
00015fe4   _PIP_A_TABEND
000159dc   _PRD_D_tick
0001639c   _PRD_clock
00016368   _RTA_dispatcher
000162a4   _RTA_fromHost
000162c0   _RTA_toHost
00014c40   _RTDX_Buffer
0001504c   _RTDX_Buffer_End
00013f60   _RTDX_Buffer_Initialize
000140a0   _RTDX_Buffer_Read
00013fc0   _RTDX_Buffer_ReadCB
00014020   _RTDX_Buffer_Size
00015048   _RTDX_Buffer_Start
000140c0   _RTDX_Buffer_Write
00013680   _RTDX_Buffer_WriteCB
00014060   _RTDX_Final_RT_Monitor
00013ee0   _RTDX_Init_RT_Monitor
00000002   _RTDX_JTAGONLY
00014100   _RTDX_Mask_IER
00013cc0   _RTDX_Mon_Queue
00013280   _RTDX_Poll
00000000   _RTDX_interrupt_mask
0001505c   _RTDX_writing
ffffffff   _SDRAM
00011e60   _SEM_pend
0000f960   _SEM_pendEnterKnl
000115a0   _SEM_post
000115a0   _SEM_postBinary
000114c0   _SEM_postEnterKnl
000162dc   _STS_A_TABBEG
0001630c   _STS_A_TABEND
00011cd8   _STS_add
00011ca0   _STS_delta
00011d04   _STS_reset
00012140   _STS_set
00015a74   _SWI_D_curfxn
00015a64   _SWI_D_curmask
00015a68   _SWI_D_curset
00015a60   _SWI_D_execaddr
00015a7c   _SWI_D_inswi
00015a6c   _SWI_D_lock
00015a78   _SWI_D_rdybeg
00015a5c   _SWI_D_runaddr
00015a5c   _SWI_data
0000e330   _SWI_post
00015a50   _SYS
00015c14   _SYS_PUTCBEG
00015e13   _SYS_PUTCEND
00011ec0   _SYS_abort
00011da0   _SYS_error
000119a0   _SYS_exit
000146b0   _SYS_exitStack
00015bf0   _SYS_exitStackPtr
00015bf4   _SYS_exitStackTop
00016394   _TRC_R_mask
00015be4   _TSK
00014474   _TSK_ATTRS
00014490   _TSK_config
00010d20   _TSK_exit
0001620c   _TSK_idle
00014ba0   _TSK_init
00015bdc   _TSK_nTasks
00015be0   _TSK_pid
000107a0   _TSK_setup
00011100   _TSK_startup
000144b0   _TSK_timerSem
00012060   _UTL_doAbort
00012160   _UTL_doError
00011f20   _UTL_doPutc
00012180   _UTL_halt
00010cf0   __CLK_lat1beg
00010d1c   __CLK_lat1end
0000e114   __GBL_setL2CacheMode
00015a58   __HOOK_NUMHOOKS
00015a54   __HOOK_knlId
0000e800   __HWI_lat1beg
0000e980   __HWI_lat1end
0000e980   __HWI_lat2beg
0000eb20   __HWI_lat2end1
0000eaac   __HWI_lat2end2
0000eb40   __HWI_lat3beg
0000ec40   __HWI_lat3end1
0000eadc   __HWI_lat3end2
00011ba0   __IDL_lat1beg
00011bf0   __IDL_lat1end
00014394   __IRQ_dispatchTable
000142d0   __IRQ_eventTable
0000d6c0   __IRQ_hookFetchPacket
00014354   __IRQ_intTable
00011210   __KNL_lat1beg
00011298   __KNL_lat1end
00011c20   __LOG_lat1beg
00014628   __MCBSP_hDev0
0001462c   __MCBSP_hDev1
0001454c   __MEM_mutex
0000f758   __RTA_lat1beg
0000f790   __RTA_lat1end
00010580   __SEM_dopost
00000400   __STACK_SIZE
0000e46c   __SWI_lat1beg
0000e520   __SWI_lat1end
0000e524   __SWI_lat2beg
0000e594   __SWI_lat2end
0000e2c0   __SWI_lat3beg
0000e32c   __SWI_lat3end
00014524   __TSK_mutex
000146f4   ___TI_enable_exit_profile_output
ffffffff   ___TI_pprof_out_hndl
ffffffff   ___TI_prof_data_size
ffffffff   ___TI_prof_data_start
0000d560   ___add_dtor
00014120   ___atexit_func_id__
ffffffff   ___binit__
00015890   ___bss__
ffffffff   ___c_args__
000121a0   ___cinit__
00000000   ___data__
00000000   ___edata__
00015c12   ___end__
0000d6e0   ___etext__
00014714   ___pinit__
00008200   ___text__
00010ec0   __auto_init
000146ec   __cleanup_ptr
00008200   __divd
0000a200   __divf
000146f0   __dtors_ptr
0000aca0   __frcmpyd_div
0000d000   __frcmpyf_div
000146f8   __lock
0000d420   __mpyll
0000d660   __nop
0000d0e0   __nround
0000d680   __register_lock
0000d6a0   __register_unlock
00015490   __stack
0000c860   __strasgi
0000d620   __trunc
000146fc   __unlock
0000a094   _aimag
0000cf00   _atexit
00008b60   _bitrev
00014ae0   _c_int00
00009b80   _cabs
00009c84   _cadd
0000c9a0   _call_dtors
0000efa8   _calloc
00009ea8   _cdiv
0000a0cc   _cexp
00009bf0   _cmplx
00009d9c   _cmul
00009c30   _conjg
0000b020   _cos
00015b64   _cpufrac
00009d10   _csub
000090a8   _dft
00008d60   _dftmerge
00014710   _dtors
00014574   _errno
0000b960   _exp
00008f58   _fft
00015b6c   _frame_ptr
0000ec60   _free
0000cac0   _frexp
00008fac   _ifft
00015b44   _inbuffer
00015b4c   _inframe
00015b70   _inframe_c
00015b5c   _ingain
000097a0   _init_HWI
000096f8   _init_hardware
00015b54   _inwin
00015b68   _io_ptr
0000c3c0   _ldexp
0000982c   _main
0000ec8c   _malloc
0000ee54   _memalign
0000bbe0   _memcpy
0000cbe0   _memset
0000d2a0   _modf
0000d23c   _mono_read_16Bit
0000d214   _mono_write_16Bit
00015b48   _outbuffer
00015b50   _outframe
00015b60   _outgain
00015b58   _outwin
000093e0   _process_frame
00009fc4   _rdiv
0000a05c   _real
0000ed10   _realloc
00009e3c   _rmul
00015bd4   _rtdxNullChanCnt
00015bd8   _rtdxNullFuncCnt
00015050   _rtdx_buffer_state
00015070   _rtdx_mon_state
00008bec   _shuffle
0000b360   _sin
0000be20   _sqrt
0000d1e8   _stereo_read_16Bit
0000d1c0   _stereo_write_16Bit
00008b00   _swap
0000c560   _wait500nS
ffffffff   binit
000121a0   cinit
00000000   edata
00015c12   end
0000d6e0   etext
00000000   hwi0
00000020   hwi1
00000140   hwi10
00000160   hwi11
00000180   hwi12
000001a0   hwi13
000001c0   hwi14
000001e0   hwi15
00000040   hwi2
00000060   hwi3
00000080   hwi4
000000a0   hwi5
000000c0   hwi6
000000e0   hwi7
00000100   hwi8
00000120   hwi9
00014714   pinit


GLOBAL SYMBOLS: SORTED BY Symbol Address 

address    name
--------   ----
00000000   .data
00000000   BUF$
00000000   CLK_COUNTSPMSHIGH
00000000   CLK_PRDHIGH
00000000   CLK_TDDR
00000000   CLK_TDDRHIGH
00000000   CLK_TIMERNUM
00000000   DEV$
00000000   DGN$
00000000   DHL$
00000000   DHL_gChannelsAvailable
00000000   DIO$
00000000   DIO_NUMSWIBASE
00000000   DIO_NUMTSKBASE
00000000   DIO_STATIC
00000000   DPI$
00000000   GBL_BIGENDIAN
00000000   GBL_C641XL2PRIORITY
00000000   GBL_CACHE
00000000   GBL_L2CONFIGALLOC
00000000   GBL_L2MARMASK1
00000000   GBL_L2MARMASK2
00000000   GBL_L2MARMASK3
00000000   GBL_L2MARMASK4
00000000   GBL_L2MARMASK5
00000000   GBL_L2MODE
00000000   GBL_L2PRIORITY
00000000   GBL_NULL
00000000   GBL_PROCID
00000000   GBL_ROM
00000000   GBL_SUPPORTCSL
00000000   GIO$
00000000   HOOK$
00000000   HOOK_KNLID
00000000   HST_DSM
00000000   HST_NONE
00000000   HWI_A_VECS
00000000   HWI_GENERATE_RESET_VEC
00000000   HWI_INT10$hwi
00000000   HWI_INT11$hwi
00000000   HWI_INT12$hwi
00000000   HWI_INT13$hwi
00000000   HWI_INT14$hwi
00000000   HWI_INT15$hwi
00000000   HWI_INT4$hwi
00000000   HWI_INT5$hwi
00000000   HWI_INT6$hwi
00000000   HWI_INT7$hwi
00000000   HWI_INT8$hwi
00000000   HWI_INT9$hwi
00000000   HWI_NMI$hwi
00000000   HWI_POLARITYMASK
00000000   HWI_RESERVED0$hwi
00000000   HWI_RESERVED1$hwi
00000000   HWI_RESET
00000000   HWI_RESET$hwi
00000000   IDL_busyObj$iB
00000000   IDL_busyObj$operation
00000000   KNL_swi$ord
00000000   KNL_swi$pri
00000000   KNL_swi$sts$unittype
00000000   KNL_swi$swi
00000000   LOG_system$datatype
00000000   LOG_system$log
00000000   MBX$
00000000   MEM_NULL
00000000   MEM_USEMPC
00000000   MSGQ$
00000000   MSGQ_USEMSGQ
00000000   OBJ$
00000000   PIP$
00000000   PIP_gNextId
00000000   POOL$
00000000   POOL_USEPOOL
00000000   PRD_A_TABBEG
00000000   PRD_A_TABEND
00000000   PRD_A_TABLEN
00000000   PRD_SWIHANDLE
00000000   RTA_fromHost$hst
00000000   RTA_fromHost$mode
00000000   RTA_toHost$hst
00000000   RTA_toHost$id
00000000   RTDX_MODE
00000000   RTDX_USERTEXECUTION
00000000   SEM$
00000000   SIO$
00000000   SWI_EHOOKFXN
00000000   SWI_IHOOKFXN
00000000   TSK_NUM_HOOKS
00000000   TSK_READYFXN
00000000   TSK_STACKSEG
00000000   TSK_SWITCHFXN
00000000   TSK_idle$ord
00000000   TSK_idle$pri
00000000   TSK_idle$sts$unittype
00000000   TSK_idle$tsk
00000000   UDEV$
00000000   _CLK_TDDR
00000000   _CLK_TIMERNUM
00000000   _GBL_CACHE
00000000   _HWI_RESET
00000000   _RTDX_interrupt_mask
00000000   ___data__
00000000   ___edata__
00000000   edata
00000000   hwi0
00000001   BUF_ENABLED
00000001   CLK$
00000001   CLK_CALDIV
00000001   CLK_HTIMEDIV
00000001   CLK_LTIMEDIV
00000001   CLK_USETIMER
00000001   GBL$
00000001   GBL_CALLCSLCFGINIT
00000001   GBL_ENABLEINST
00000001   GBL_L2CONFIGURE
00000001   GBL_L2MARMASK
00000001   GBL_USERINIT
00000001   GBL_boot
00000001   HST$
00000001   HST_RTDX
00000001   HWI$
00000001   HWI_NMI
00000001   HWI_ZEROTAB
00000001   IDL$
00000001   IDL_USECLKIDLTIME
00000001   IDL_busyObj$filter
00000001   IDL_busyObj$iA
00000001   IDL_busyObj$iC
00000001   ISRC$
00000001   KNL_swi$dorta
00000001   KNL_swi$sts$filtmaxmult
00000001   KNL_swi$sts$filtsummult
00000001   LCK$
00000001   LOG$
00000001   LOG_A_TABLEN
00000001   LOG_ENABLED
00000001   MEM$
00000001   MEM_gNumHeap
00000001   PRD$
00000001   QUE$
00000001   RTA_fromHost$id
00000001   RTA_toHost$mode
00000001   RTDX$
00000001   RTDX_NORMALIZED_HDR
00000001   RTDX_USERTDX
00000001   STS$
00000001   SWI$
00000001   SWI_A_TABLEN
00000001   SYS$
00000001   TSK$
00000001   TSK_PRIORITY
00000001   TSK_idle$sts$filtmaxmult
00000001   TSK_idle$sts$filtsummult
00000001   _CLK_USETIMER
00000001   _HWI_NMI
00000001   _LOG_A_TABLEN
00000002   HWI_RESERVED0
00000002   IDL_busyObj$unittype
00000002   KNL_swi$sts$filter
00000002   PIP_A_TABLEN
00000002   PIP_gNumEmbed
00000002   TSK_idle$sts$filter
00000002   _HWI_RESERVED0
00000002   _RTDX_JTAGONLY
00000003   HWI_RESERVED1
00000003   _HWI_RESERVED1
00000004   CLK_CALMULT
00000004   CLK_HTIMEMULT
00000004   HWI_INT4
00000004   RTA_fromHost$framesize
00000004   _HWI_INT4
00000005   HWI_INT5
00000005   _HWI_INT5
00000006   HWI_INT6
00000006   IDL_CALIBRERROR
00000006   _HWI_INT6
00000007   HWI_INT7
00000007   _HWI_INT7
00000008   HWI_INT8
00000008   _HWI_INT8
00000009   HWI_INT9
00000009   _HWI_INT9
0000000a   HWI_INT10
0000000a   _HWI_INT10
0000000b   HWI_INT11
0000000b   _HWI_INT11
0000000c   HWI_INT12
0000000c   _HWI_INT12
0000000d   HWI_INT13
0000000d   _HWI_INT13
0000000e   HWI_INT14
0000000e   _HWI_INT14
0000000f   HWI_INT15
0000000f   _HWI_INT15
00000020   CLK_TCR
00000020   hwi1
0000003e   GBL_DSPTYPE
00000040   HST_MAXFRAMESET
00000040   LOG_system$size
00000040   RTA_toHost$framesize
00000040   hwi2
00000042   GBL_FOOTPRINT
00000060   hwi3
00000064   PIP_OBJSIZE
00000080   hwi4
000000a0   hwi5
000000c0   hwi6
000000e0   hwi7
000000ff   HST_MAXFRAMEALLOWED
00000100   hwi8
00000120   hwi9
00000140   hwi10
00000160   hwi11
00000180   hwi12
000001a0   hwi13
000001c0   hwi14
000001e0   hwi15
00000200   IRAM$B
00000200   _IRAM_base
000003e8   CLK_MICROSECS
00000400   HST_DSMMEMSIZE
00000400   TSK_STACKSIZE
00000400   __STACK_SIZE
00000408   RTDX_BUFMEMSIZE
00001770   GBL_CLKTYPE
00001a39   GBL_DSPSUBTYPE
00002226   GBL_L2ALLOC
00004000   CLK_INTBIT
00004000   PRD_SCALAR
00004018   HWI_CFGDISPATCHED
00004018   _HWI_CFGDISPATCHED
00004e20   GBL_CLKIN
00005205   GBL_A_VERSION
00008000   IRAM$L
00008000   _IRAM_length
00008200   .text
00008200   ___text__
00008200   __divd
00008b00   _swap
00008b60   _bitrev
00008bec   _shuffle
00008d60   _dftmerge
00008f58   _fft
00008fac   _ifft
000090a8   _dft
000093e0   _process_frame
000096f8   _init_hardware
000097a0   _init_HWI
0000982c   _main
00009ac8   _ISR_AIC
00009b80   _cabs
00009bf0   _cmplx
00009c30   _conjg
00009c84   _cadd
00009d10   _csub
00009d9c   _cmul
00009e3c   _rmul
00009ea8   _cdiv
00009fc4   _rdiv
0000a05c   _real
0000a094   _aimag
0000a0cc   _cexp
0000a200   __divf
0000a820   _DSK6713_wait
0000a8c4   _DSK6713_waitusec
0000a8f8   _DSK6713_rset
0000a90c   _DSK6713_rget
0000a9a0   _DSK6713_getVersion
0000a9f0   _DSK6713_init
0000aca0   __frcmpyd_div
0000b020   _cos
0000b360   _sin
0000b680   _DSK6713_AIC23_openCodec
0000b960   _exp
0000bbe0   _memcpy
0000be20   _sqrt
0000c060   _IRQ_map
0000c220   _MCBSP_reset
0000c3c0   _ldexp
0000c560   _wait500nS
0000c588   GBL_USERINITFXN
0000c588   _GBL_setPLLto225MHz
0000c6e0   _DSK6713_AIC23_rset
0000c7a8   _DSK6713_AIC23_rget
0000c7cc   _DSK6713_AIC23_config
0000c860   __strasgi
0000c9a0   _call_dtors
0000cac0   _frexp
0000cbe0   _memset
0000cd00   _MCBSP_open
0000ce00   _MCBSP_start
0000cf00   _atexit
0000d000   __frcmpyf_div
0000d0e0   __nround
0000d1c0   _stereo_write_16Bit
0000d1e8   _stereo_read_16Bit
0000d214   _mono_write_16Bit
0000d23c   _mono_read_16Bit
0000d2a0   _modf
0000d420   __mpyll
0000d560   ___add_dtor
0000d620   __trunc
0000d660   __nop
0000d680   __register_lock
0000d6a0   __register_unlock
0000d6c0   __IRQ_hookFetchPacket
0000d6e0   LNK_F_checkBufferCall
0000d6e0   ___etext__
0000d6e0   etext
0000d700   LNK_F_getChanPtr
0000d758   LNK_F_init
0000d760   LNK_F_dataPump
0000d774   LNK_rcloop
0000d840   LNK_rdrtry
0000d850   LNK_rrloop
0000d914   LNK_wrrtry
0000d924   LNK_wrloop
0000da00   LNK_newin
0000db40   LNK_newout
0000dbba   CLK_COUNTSPMS
0000dbba   CLK_HTIMEPERLTIME
0000dbba   CLK_PRD
0000dbba   _CLK_COUNTSPMS
0000dbba   _CLK_PRD
0000dbef   GBL_TRCMASKVALUE
0000dca4   LNK_F_readCallBack
0000e114   __GBL_setL2CacheMode
0000e2c0   SWI_F_enable
0000e2c0   __SWI_lat3beg
0000e32c   __SWI_lat3end
0000e330   SWI_F_post
0000e330   _SWI_post
0000e46c   __SWI_lat1beg
0000e4dc   SWI_EXECFXN
0000e4dc   SWI_F_exec
0000e508   SWI_F_iexec
0000e520   __SWI_lat1end
0000e524   __SWI_lat2beg
0000e594   __SWI_lat2end
0000e598   SWI_F_run
0000e598   SWI_RUNFXN
0000e800   CLK_HOOKFXN
0000e800   HWI_F_dispatch
0000e800   _HWI_F_dispatch
0000e800   __HWI_lat1beg
0000e980   __HWI_lat1end
0000e980   __HWI_lat2beg
0000eaac   __HWI_lat2end2
0000eadc   __HWI_lat3end2
0000eb20   __HWI_lat2end1
0000eb40   __HWI_lat3beg
0000ec40   __HWI_lat3end1
0000ec60   _free
0000ec8c   _malloc
0000ed10   _realloc
0000ee54   _memalign
0000efa8   _calloc
0000f040   PRD_F_swi
0000f300   PRD_F_tick
0000f3e0   _KNL_run
0000f6a0   RTA_F_getlog
0000f6e4   RTA_F_getsts
0000f72c   RTA_F_readblk
0000f74c   RTA_F_writeword
0000f758   RTA_F_resetmem
0000f758   __RTA_lat1beg
0000f790   __RTA_lat1end
0000f798   RTA_F_dispatch
0000f7e8   RTA_execute
0000f960   _SEM_pendEnterKnl
0000fc20   _MEM_alloc
000100e0   PRD_THOOKFXN
000100e0   _KNL_tick
00010100   _MEM_free
00010340   PIP_F_take
000103d4   PIP_F_give
000103d4   PIP_F_probe
000104a8   PIP_F_start
00010580   __SEM_dopost
000107a0   _TSK_setup
000109a0   _KNL_saveIsrFrame
00010a6c   _KNL_switch
00010b20   KNL_glue
00010b60   CLK_F_getltime
00010b74   CLK_F_isr
00010cd4   CLK_F_itime
00010cd4   _CLK_F_itime
00010cd4   _CLK_itime
00010cf0   __CLK_lat1beg
00010d1c   __CLK_lat1end
00010d20   _TSK_exit
00010ec0   __auto_init
00011100   _TSK_startup
000111c0   _KNL_check
00011210   __KNL_lat1beg
00011298   _KNL_idle
00011298   __KNL_lat1end
000112bc   _KNL_max
00011300   _GBL_cslCacheInit
000113e0   _KNL_exit
00011434   _KNL_enter
000114c0   _SEM_postEnterKnl
000115a0   _SEM_post
000115a0   _SEM_postBinary
00011680   _CLK_measure
00011760   _KNL_ipost
00011820   _KNL_post
000118e0   _LCK_post
00011910   _LCK_pend
000119a0   _SYS_exit
00011a60   CLK_F_getfhtime
00011a80   CLK_F_gethtime
00011a80   CLK_F_getshtime
00011a80   CLK_TIMEFXN
00011b20   FXN_F_nop
00011b28   FXN_F_run
00011b28   _FXN_F_run
00011b78   FXN_F_zero
00011b78   _FXN_F_zero
00011ba0   IDL_F_busy
00011ba0   __IDL_lat1beg
00011bf0   __IDL_lat1end
00011c20   LOG_F_event
00011c20   _LOG_event
00011c20   __LOG_lat1beg
00011ca0   STS_F_delta
00011ca0   _STS_delta
00011cd8   STS_F_add
00011cd8   _STS_add
00011d04   STS_F_reset
00011d04   _STS_reset
00011d20   IDL_F_calibrate
00011da0   _SYS_error
00011e00   _HWI_disable
00011e18   _HWI_enable
00011e2c   _HWI_restore
00011e60   _SEM_pend
00011ec0   _SYS_abort
00011f20   SYS_PUTCFXN
00011f20   _UTL_doPutc
00011f80   _CLK_start
00011fe0   IDL_CALIBRFXN
00011fe0   IDL_F_stub
00012020   RTA_F_andn
00012040   RTA_F_or
00012060   SYS_ABORTFXN
00012060   _UTL_doAbort
000120a0   _CLK_stop
000120e0   GIO_CREATEFXN
000120e0   GIO_DELETEFXN
000120e0   GIO_PENDFXN
000120e0   GIO_POSTFXN
000120e0   TSK_VCREATEFXN
000120e0   TSK_VDELETEFXN
000120e0   TSK_VEXITFXN
000120e0   _FXN_F_nop
00012100   _GBL_getVersion
00012120   IDL_F_loop
00012120   _IDL_loop
00012140   _STS_set
00012160   SYS_ERRORFXN
00012160   _UTL_doError
00012180   SYS_EXITFXN
00012180   _UTL_halt
000121a0   ___cinit__
000121a0   cinit
0001326c   RTA_fromHost$buf
00013280   _RTDX_Poll
00013680   _RTDX_Buffer_WriteCB
00013cc0   _RTDX_Mon_Queue
00013ee0   _RTDX_Init_RT_Monitor
00013f60   _RTDX_Buffer_Initialize
00013fc0   _RTDX_Buffer_ReadCB
00014020   _RTDX_Buffer_Size
00014060   _RTDX_Final_RT_Monitor
000140a0   _RTDX_Buffer_Read
000140c0   _RTDX_Buffer_Write
00014100   _RTDX_Mask_IER
00014120   ___atexit_func_id__
000142d0   __IRQ_eventTable
00014354   __IRQ_intTable
00014394   __IRQ_dispatchTable
0001439c   _KNL_queues
0001443c   _KNL_dummy
00014474   _TSK_ATTRS
00014490   _TSK_config
000144b0   _TSK_timerSem
000144d0   _OBJ_table
00014508   _OBJ_segtab
00014524   __TSK_mutex
0001454c   __MEM_mutex
00014574   _errno
00014628   __MCBSP_hDev0
0001462c   __MCBSP_hDev1
00014688   _Config
000146b0   _SYS_exitStack
000146ec   __cleanup_ptr
000146f0   __dtors_ptr
000146f4   ___TI_enable_exit_profile_output
000146f8   __lock
000146fc   __unlock
00014710   _dtors
00014714   ___pinit__
00014714   pinit
00014720   BIOS_init
00014720   _BIOS_init
0001489c   BIOS$$CLKON
000148dc   BIOS$$CLKOFF
00014944   BIOS_start
00014944   _BIOS_start
00014a00   _MEM_init
00014ae0   _c_int00
00014ba0   _TSK_init
00014c20   _OBJ_init
00014c40   _RTDX_Buffer
00015048   _RTDX_Buffer_Start
0001504c   _RTDX_Buffer_End
00015050   _rtdx_buffer_state
0001505c   _RTDX_writing
00015070   _rtdx_mon_state
00015090   TSK_idle$stack
00015428   TSK_idle$stkptr
00015490   GBL_stackbeg
00015490   _HWI_STKTOP
00015490   __stack
00015888   _HWI_STKBOTTOM
0001588f   GBL_stackend
00015890   $bss
00015890   .bss
00015890   _HWI_dispatchTab
00015890   ___bss__
00015990   IDL_D_tabbeg
00015994   IDL_D_calibrate
00015998   IDL_D_calbeg
0001599c   LOG_D_system
0001599c   _LOG_D_system
000159a0   PIP_D_tabbeg
000159a4   PIP_D_tablen
000159a8   CLK_R_time
000159ac   CLK_D_timefxn
000159b0   CLK_D_tabbeg
000159b4   CLK_D_isrhook
000159b8   CLK_D_idletime
000159bc   _CLK_htimeDiv
000159c0   _CLK_htimeMult
000159c4   _CLK_ltimeDiv
000159c8   _CLK_ltimeMult
000159cc   _CLK_D_dirty
000159d0   _CLK_D_prd
000159d4   _CLK_D_tddr
000159d8   _CLK_D_countspms
000159dc   PRD_D_tick
000159dc   _PRD_D_tick
000159e0   PRD_D_cur
000159e4   PRD_D_elapsed
000159e8   PRD_D_prevtim
000159ec   PRD_D_scalar
000159f0   PRD_D_swihandle
000159f4   PRD_D_tabbeg
000159f8   PRD_D_tablen
000159fc   PRD_D_thook
00015a00   RTA_D_fromHost
00015a04   RTA_D_toHost
00015a08   RTA_D_logval
00015a18   RTA_D_stsval
00015a24   HST_D_chanmask
00015a28   HST_D_tabbeg
00015a2c   HST_D_tabend
00015a30   _GBL_procId
00015a34   _GBL_clkIn
00015a38   _GBL_freq
00015a3c   _MEM_D_NUMSEGMENTS
00015a40   _MEM_D_memtab
00015a44   _MEM_D_freelist
00015a48   _MEM_D_lockaddr
00015a4c   _MEM_D_unlockaddr
00015a50   _SYS
00015a54   __HOOK_knlId
00015a58   __HOOK_NUMHOOKS
00015a5c   SWI_D_runaddr
00015a5c   _SWI_D_runaddr
00015a5c   _SWI_data
00015a60   SWI_D_execaddr
00015a60   _SWI_D_execaddr
00015a64   SWI_D_curmask
00015a64   _SWI_D_curmask
00015a68   SWI_D_curset
00015a68   _SWI_D_curset
00015a6c   SWI_D_lock
00015a6c   _SWI_D_lock
00015a70   SWI_D_curmbox
00015a74   SWI_D_curfxn
00015a74   _SWI_D_curfxn
00015a78   SWI_D_rdybeg
00015a78   _SWI_D_rdybeg
00015a7c   SWI_D_inswi
00015a7c   _SWI_D_inswi
00015a80   SWI_D_rdytab
00015af8   _KNL_wFlag
00015afc   _KNL_wList
00015b00   _KNL_alarm
00015b04   _KNL_setpri
00015b08   _KNL_inactive
00015b0c   _KNL_priority
00015b10   _KNL_set
00015b14   _KNL_curtask
00015b18   _KNL_prevtask
00015b1c   _KNL_curtime
00015b20   _KNL_swiptr
00015b24   _KNL_curqueue
00015b28   _KNL_maxqueue
00015b2c   _KNL_tswitchfxn
00015b30   _KNL_tcreatefxn
00015b34   _KNL_tdeletefxn
00015b38   _KNL_treadyfxn
00015b3c   _KNL_idlefxn
00015b40   _H_Codec
00015b44   _inbuffer
00015b48   _outbuffer
00015b4c   _inframe
00015b50   _outframe
00015b54   _inwin
00015b58   _outwin
00015b5c   _ingain
00015b60   _outgain
00015b64   _cpufrac
00015b68   _io_ptr
00015b6c   _frame_ptr
00015b70   _inframe_c
00015b74   _MEM_memtab
00015b80   HST_DSMBUFSEG
00015b80   IRAM
00015b80   MEM_MALLOCSEG
00015b80   MEM_SEGZERO
00015b80   RTDX_DATAMEMSEG
00015b80   _IRAM
00015b84   RTA_fromHost$pipe$dtab
00015b90   RTA_toHost$pipe$dtab
00015b9c   HWI_D_spsave
00015b9c   _HWI_D_spsave
00015b9c   _HWI_data
00015ba8   _HWI_D_inhwi
00015bac   HWI_D_bss
00015bb0   HWI_D_ccmask
00015bb4   LNK_dspFrameRequestMask
00015bb4   _LNK_dspFrameRequestMask
00015bb8   LNK_dspFrameReadyMask
00015bb8   _LNK_dspFrameReadyMask
00015bbc   LNK_readPend
00015bbc   _LNK_readPend
00015bc0   LNK_readDone
00015bc0   _LNK_readDone
00015bc4   LNK_readFail
00015bc4   _LNK_readFail
00015bc8   LNK_writeFail
00015bc8   _LNK_writeFail
00015bd4   _rtdxNullChanCnt
00015bd8   _rtdxNullFuncCnt
00015bdc   _TSK_nTasks
00015be0   _TSK_pid
00015be4   _TSK
00015be8   _CLK_DFLTMICROSECS
00015bec   _CLK_D_microseconds
00015bf0   _SYS_exitStackPtr
00015bf4   _SYS_exitStackTop
00015bf8   _DSK6713_AIC23_codeccontrolhandle
00015bfc   _DSK6713_AIC23_codecdatahandle
00015c00   _CLK_htimePerLtime
00015c08   IDL_D_busyObj
00015c0c   _MEM
00015c10   _DSK6713_version
00015c12   ___end__
00015c12   end
00015c14   _SYS_PUTCBEG
00015e13   _SYS_PUTCEND
00015f19   KNL_swi$sts$maxfmt
00015f1c   PIP_A_TABBEG
00015f1c   RTA_fromHost$pipe
00015f1c   _PIP_A_TABBEG
00015f20   RTA_fromHost$pipe$rd
00015f21   KNL_swi$sts$sumfmt
00015f29   KNL_swi$sts$avgfmt
00015f33   TSK_idle$sts$maxfmt
00015f3b   TSK_idle$sts$sumfmt
00015f43   TSK_idle$sts$avgfmt
00015f4c   RTA_fromHost$pipe$aaa
00015f4d   IDL_busyObj$maxfmt
00015f50   IDL_busyObj$sumfmt
00015f50   RTA_fromHost$pipe$wr
00015f53   IDL_busyObj$avgfmt
00015f7c   RTA_fromHost$pipe$bbb
00015f80   RTA_toHost$pipe
00015f84   RTA_toHost$pipe$rd
00015fb0   RTA_toHost$pipe$aaa
00015fb4   RTA_toHost$pipe$wr
00015fe0   RTA_toHost$pipe$bbb
00015fe4   LOG_A_TABBEG
00015fe4   LOG_system
00015fe4   PIP_A_TABEND
00015fe4   _LOG_A_TABBEG
00015fe4   _LOG_system
00015fe4   _PIP_A_TABEND
00015ffc   LOG_A_TABEND
00015ffc   _LOG_A_TABEND
00016000   LOG_system$buf
00016100   RTA_toHost$buf
0001620c   TSK_idle
0001620c   _TSK_idle
000162a0   HST_A_TABBEG
000162a0   _HST_A_TABBEG
000162a4   RTA_fromHost
000162a4   _RTA_fromHost
000162ac   RTA_fromHost$rtdx
000162c0   RTA_toHost
000162c0   _RTA_toHost
000162c8   RTA_toHost$rtdx
000162dc   HST_A_TABEND
000162dc   KNL_swi$sts$stsobj
000162dc   STS_A_TABBEG
000162dc   _HST_A_TABEND
000162dc   _STS_A_TABBEG
000162e0   KNL_swi$sts
000162ec   TSK_idle$sts$stsobj
000162f0   TSK_idle$sts
000162fc   IDL_busyObj$stsobj
00016300   IDL_busyObj
00016300   _IDL_busyObj
0001630c   KNL_swi
0001630c   STS_A_TABEND
0001630c   SWI_A_TABBEG
0001630c   _KNL_swi
0001630c   _STS_A_TABEND
00016338   SWI_A_TABEND
00016360   IDL_A_TABBEG
00016360   IDL_cpuLoad
00016360   _IDL_cpuLoad
00016364   LNK_dataPump
00016364   _LNK_dataPump
00016368   RTA_dispatcher
00016368   _RTA_dispatcher
0001636c   IDL_END
00016370   IDL_A_CALBEG
00016370   IDL_cpuLoad$
00016374   LNK_dataPump$
00016378   RTA_dispatcher$
0001637c   IDL_END$
00016380   SYS$config
00016390   TRC_cinit
00016394   TRC_R_mask
00016394   _TRC_R_mask
00016398   GBL_initdone
0001639c   CLK_A_TABBEG
0001639c   PRD_clock
0001639c   _PRD_clock
000163a0   CLK_null
00036ee8   CLK_LTIMEMULT
00036ee8   GBL_FREQ
01940000   CLK_REGS
01940000   _CLK_REGS
082039a3   HWI_INTRMULTHIGH
310718af   HWI_INTRMULTLOW
ffffffff   SDRAM
ffffffff   _SDRAM
ffffffff   ___TI_pprof_out_hndl
ffffffff   ___TI_prof_data_size
ffffffff   ___TI_prof_data_start
ffffffff   ___binit__
ffffffff   ___c_args__
ffffffff   binit

[770 symbols]
